<html>
<body>
<pre>
<h1>礦ision Build Log</h1>
<h2>Tool Versions:</h2>
IDE-Version: μVision V5.14.0.0
Copyright (C) 2015 ARM Ltd and ARM Germany GmbH. All rights reserved.
License Information: 1 Ayacrow@outlook.com, 1, LIC=----
 
Tool Versions:
Toolchain:       MDK-Lite  Version: 5.14.0.0
Toolchain Path:  E:\MDK514\ARM\ARMCC\Bin
C Compiler:      Armcc.exe V5.05 update 1 (build 106)
Assembler:       Armasm.exe V5.05 update 1 (build 106)
Linker/Locator:  ArmLink.exe V5.05 update 1 (build 106)
Library Manager: ArmAr.exe V5.05 update 1 (build 106)
Hex Converter:   FromElf.exe V5.05 update 1 (build 106)
CPU DLL:         SARMCM3.DLL V5.14.0.0
Dialog DLL:      DARMSTM.DLL V1.65.0.0
Target DLL:      CMSIS_AGDI.dll V1.21.0.0
Dialog DLL:      TARMSTM.DLL V1.64.0.0
 
<h2>Project:</h2>
C:\Users\Ayacr\Desktop\RTOS\单片机源码\RTOS_Test_V2\USER\FreeRTOS.uvprojx
Project File Date:  11/27/2024

<h2>Output:</h2>
Build target 'FreeRTOS'
compiling main.c...
linking...
Program Size: Code=24128 RO-data=6456 RW-data=200 ZI-data=23496  
FromELF: creating hex file...
"..\OBJ\LED.axf" - 0 Error(s), 0 Warning(s).

<h2>Collection of Component include folders:</h2>
  C:\Users\Ayacr\Desktop\RTOS\单片机源码\RTOS_Test_V2\USER\RTE
  E:\MDK514\ARM\PACK\Keil\STM32F1xx_DFP\1.0.5\Device\Include

<h2>Collection of Component Files used:</h2>
</pre>
</body>
</html>
