Component: ARM Compiler 5.05 update 1 (build 106) Tool: armlink [4d0efa]

==============================================================================

Section Cross References

    main.o(i.EDF_Scheduler) refers to _printf_percent.o(.ARM.Collect$$_printf_percent$$00000000) for _printf_percent
    main.o(i.EDF_Scheduler) refers to _printf_d.o(.ARM.Collect$$_printf_percent$$00000009) for _printf_d
    main.o(i.EDF_Scheduler) refers to _printf_dec.o(.text) for _printf_int_dec
    main.o(i.EDF_Scheduler) refers to main.o(i.Get_Earliest_Deadline_Task) for Get_Earliest_Deadline_Task
    main.o(i.EDF_Scheduler) refers to tasks.o(i.vTaskSuspend) for vTaskSuspend
    main.o(i.EDF_Scheduler) refers to noretval__2printf.o(.text) for __2printf
    main.o(i.EDF_Scheduler) refers to lcd.o(i.LCD_ShowString) for LCD_ShowString
    main.o(i.EDF_Scheduler) refers to lcd.o(i.LCD_ShowxNum) for LCD_ShowxNum
    main.o(i.EDF_Scheduler) refers to tasks.o(i.vTaskResume) for vTaskResume
    main.o(i.EDF_Scheduler) refers to lcd.o(i.LCD_DrawRectangle) for LCD_DrawRectangle
    main.o(i.EDF_Scheduler) refers to noretval__2sprintf.o(.text) for __2sprintf
    main.o(i.EDF_Scheduler) refers to lcd.o(i.LCD_Fill) for LCD_Fill
    main.o(i.EDF_Scheduler) refers to tasks.o(i.vTaskDelay) for vTaskDelay
    main.o(i.EDF_Scheduler) refers to main.o(.data) for .data
    main.o(i.EDF_Scheduler) refers to main.o(.bss) for .bss
    main.o(i.EDF_Scheduler) refers to lcd.o(.data) for POINT_COLOR
    main.o(i.Get_Earliest_Deadline_Task) refers to main.o(.bss) for .bss
    main.o(i.Get_Earliest_Deadline_Task) refers to main.o(.data) for .data
    main.o(i.Initialize_EDF_Tasks) refers to main.o(.data) for .data
    main.o(i.Initialize_EDF_Tasks) refers to main.o(.bss) for .bss
    main.o(i.Initialize_Round_Robin_Tasks) refers to main.o(.data) for .data
    main.o(i.Initialize_Round_Robin_Tasks) refers to main.o(.bss) for .bss
    main.o(i.Initialize_Weight_Round_Robin_Tasks) refers to main.o(.data) for .data
    main.o(i.Initialize_Weight_Round_Robin_Tasks) refers to main.o(.bss) for .bss
    main.o(i.TASK_1) refers to _printf_percent.o(.ARM.Collect$$_printf_percent$$00000000) for _printf_percent
    main.o(i.TASK_1) refers to _printf_d.o(.ARM.Collect$$_printf_percent$$00000009) for _printf_d
    main.o(i.TASK_1) refers to _printf_dec.o(.text) for _printf_int_dec
    main.o(i.TASK_1) refers to noretval__2printf.o(.text) for __2printf
    main.o(i.TASK_1) refers to queue.o(i.xQueueGenericSend) for xQueueGenericSend
    main.o(i.TASK_1) refers to tasks.o(i.vTaskDelay) for vTaskDelay
    main.o(i.TASK_1) refers to main.o(.bss) for .bss
    main.o(i.TASK_1) refers to main.o(.data) for .data
    main.o(i.TASK_2) refers to _printf_percent.o(.ARM.Collect$$_printf_percent$$00000000) for _printf_percent
    main.o(i.TASK_2) refers to _printf_d.o(.ARM.Collect$$_printf_percent$$00000009) for _printf_d
    main.o(i.TASK_2) refers to _printf_dec.o(.text) for _printf_int_dec
    main.o(i.TASK_2) refers to noretval__2printf.o(.text) for __2printf
    main.o(i.TASK_2) refers to queue.o(i.xQueueGenericSend) for xQueueGenericSend
    main.o(i.TASK_2) refers to tasks.o(i.vTaskDelay) for vTaskDelay
    main.o(i.TASK_2) refers to main.o(.bss) for .bss
    main.o(i.TASK_2) refers to main.o(.data) for .data
    main.o(i.TASK_3) refers to _printf_percent.o(.ARM.Collect$$_printf_percent$$00000000) for _printf_percent
    main.o(i.TASK_3) refers to _printf_d.o(.ARM.Collect$$_printf_percent$$00000009) for _printf_d
    main.o(i.TASK_3) refers to _printf_dec.o(.text) for _printf_int_dec
    main.o(i.TASK_3) refers to noretval__2printf.o(.text) for __2printf
    main.o(i.TASK_3) refers to queue.o(i.xQueueGenericSend) for xQueueGenericSend
    main.o(i.TASK_3) refers to tasks.o(i.vTaskDelay) for vTaskDelay
    main.o(i.TASK_3) refers to main.o(.bss) for .bss
    main.o(i.TASK_3) refers to main.o(.data) for .data
    main.o(i.Weighted_Round_Robin_Scheduler) refers to _printf_percent.o(.ARM.Collect$$_printf_percent$$00000000) for _printf_percent
    main.o(i.Weighted_Round_Robin_Scheduler) refers to _printf_d.o(.ARM.Collect$$_printf_percent$$00000009) for _printf_d
    main.o(i.Weighted_Round_Robin_Scheduler) refers to _printf_dec.o(.text) for _printf_int_dec
    main.o(i.Weighted_Round_Robin_Scheduler) refers to _printf_u.o(.ARM.Collect$$_printf_percent$$0000000A) for _printf_u
    main.o(i.Weighted_Round_Robin_Scheduler) refers to lcd.o(i.LCD_ShowString) for LCD_ShowString
    main.o(i.Weighted_Round_Robin_Scheduler) refers to lcd.o(i.LCD_ShowxNum) for LCD_ShowxNum
    main.o(i.Weighted_Round_Robin_Scheduler) refers to tasks.o(i.vTaskSuspend) for vTaskSuspend
    main.o(i.Weighted_Round_Robin_Scheduler) refers to queue.o(i.xQueueGenericSend) for xQueueGenericSend
    main.o(i.Weighted_Round_Robin_Scheduler) refers to noretval__2printf.o(.text) for __2printf
[...]
    .ARM.Collect$$rtentry$$0000000D          0x080001d2   Section        8  __rtentry2.o(.ARM.Collect$$rtentry$$0000000D)
    .ARM.Collect$$rtexit$$00000000           0x080001da   Section        2  rtexit.o(.ARM.Collect$$rtexit$$00000000)
    .ARM.Collect$$rtexit$$00000002           0x080001dc   Section        0  rtexit2.o(.ARM.Collect$$rtexit$$00000002)
    .ARM.Collect$$rtexit$$00000003           0x080001dc   Section        4  rtexit2.o(.ARM.Collect$$rtexit$$00000003)
    .ARM.Collect$$rtexit$$00000004           0x080001e0   Section        6  rtexit2.o(.ARM.Collect$$rtexit$$00000004)
    .emb_text                                0x080001e8   Section      150  port.o(.emb_text)
    .text                                    0x08000280   Section       64  startup_stm32f10x_hd.o(.text)
    .text                                    0x080002c0   Section        2  use_no_semi_2.o(.text)
    .text                                    0x080002c4   Section        0  noretval__2printf.o(.text)
    .text                                    0x080002dc   Section        0  noretval__2sprintf.o(.text)
    .text                                    0x08000304   Section        0  __printf.o(.text)
    .text                                    0x0800036c   Section        0  _printf_str.o(.text)
    .text                                    0x080003c0   Section        0  _printf_dec.o(.text)
    .text                                    0x08000438   Section        0  _printf_hex_int.o(.text)
    .text                                    0x08000490   Section      138  rt_memcpy_v6.o(.text)
    .text                                    0x0800051a   Section       16  aeabi_memset.o(.text)
    .text                                    0x0800052a   Section        0  heapauxi.o(.text)
    .text                                    0x08000530   Section        2  use_no_semi.o(.text)
    .text                                    0x08000532   Section        0  _printf_intcommon.o(.text)
    .text                                    0x080005e4   Section        0  _printf_char_common.o(.text)
    _printf_input_char                       0x080005e5   Thumb Code    10  _printf_char_common.o(.text)
    .text                                    0x08000614   Section        0  _sputc.o(.text)
    .text                                    0x0800061e   Section        0  _printf_char.o(.text)
    .text                                    0x0800064c   Section        0  _printf_char_file.o(.text)
    .text                                    0x08000670   Section      100  rt_memcpy_w.o(.text)
    .text                                    0x080006d4   Section       68  rt_memclr.o(.text)
    .text                                    0x08000718   Section        0  ferror.o(.text)
    .text                                    0x08000720   Section       78  rt_memclr_w.o(.text)
    .text                                    0x0800076e   Section       74  sys_stackheap_outer.o(.text)
    .text                                    0x080007b8   Section        0  exit.o(.text)
    .text                                    0x080007c4   Section        8  libspace.o(.text)
    i.BusFault_Handler                       0x080007cc   Section        0  stm32f10x_it.o(i.BusFault_Handler)
    i.DebugMon_Handler                       0x080007ce   Section        0  stm32f10x_it.o(i.DebugMon_Handler)
    i.EDF_Scheduler                          0x080007d0   Section        0  main.o(i.EDF_Scheduler)
    i.FSMC_NORSRAMCmd                        0x08000990   Section        0  stm32f10x_fsmc.o(i.FSMC_NORSRAMCmd)
    i.FSMC_NORSRAMInit                       0x080009b0   Section        0  stm32f10x_fsmc.o(i.FSMC_NORSRAMInit)
    i.GPIO_Init                              0x08000a78   Section        0  stm32f10x_gpio.o(i.GPIO_Init)
    i.GPIO_SetBits                           0x08000b14   Section        0  stm32f10x_gpio.o(i.GPIO_SetBits)
    i.Get_Earliest_Deadline_Task             0x08000b18   Section        0  main.o(i.Get_Earliest_Deadline_Task)
    i.HardFault_Handler                      0x08000b5c   Section        0  stm32f10x_it.o(i.HardFault_Handler)
    i.Initialize_EDF_Tasks                   0x08000b60   Section        0  main.o(i.Initialize_EDF_Tasks)
    i.Initialize_Round_Robin_Tasks           0x08000bb0   Section        0  main.o(i.Initialize_Round_Robin_Tasks)
    i.Initialize_Weight_Round_Robin_Tasks    0x08000c04   Section        0  main.o(i.Initialize_Weight_Round_Robin_Tasks)
    i.LCD_Clear                              0x08000c58   Section        0  lcd.o(i.LCD_Clear)
    i.LCD_Display_Dir                        0x08000c88   Section        0  lcd.o(i.LCD_Display_Dir)
    i.LCD_DrawLine                           0x08000d40   Section        0  lcd.o(i.LCD_DrawLine)
    i.LCD_DrawPoint                          0x08000dd8   Section        0  lcd.o(i.LCD_DrawPoint)
    i.LCD_DrawRectangle                      0x08000df4   Section        0  lcd.o(i.LCD_DrawRectangle)
    i.LCD_Fast_DrawPoint                     0x08000e2c   Section        0  lcd.o(i.LCD_Fast_DrawPoint)
    i.LCD_Fill                               0x08000ed8   Section        0  lcd.o(i.LCD_Fill)
    i.LCD_Init                               0x08000f20   Section        0  lcd.o(i.LCD_Init)
    i.LCD_Pow                                0x08002d5c   Section        0  lcd.o(i.LCD_Pow)
    i.LCD_RD_DATA                            0x08002d6c   Section        0  lcd.o(i.LCD_RD_DATA)
    i.LCD_SSD_BackLightSet                   0x08002d80   Section        0  lcd.o(i.LCD_SSD_BackLightSet)
    i.LCD_Scan_Dir                           0x08002dbc   Section        0  lcd.o(i.LCD_Scan_Dir)
    i.LCD_SetCursor                          0x08002f00   Section        0  lcd.o(i.LCD_SetCursor)
    i.LCD_ShowChar                           0x08002fb4   Section        0  lcd.o(i.LCD_ShowChar)
    i.LCD_ShowString                         0x08003080   Section        0  lcd.o(i.LCD_ShowString)
    i.LCD_ShowxNum                           0x080030d4   Section        0  lcd.o(i.LCD_ShowxNum)
    i.LCD_WriteRAM_Prepare                   0x0800315c   Section        0  lcd.o(i.LCD_WriteRAM_Prepare)
    i.LCD_WriteReg                           0x08003170   Section        0  lcd.o(i.LCD_WriteReg)
    i.LED_Init                               0x08003180   Section        0  led.o(i.LED_Init)
    i.MemManage_Handler                      0x080031d0   Section        0  stm32f10x_it.o(i.MemManage_Handler)
    i.NMI_Handler                            0x080031d2   Section        0  stm32f10x_it.o(i.NMI_Handler)
    i.NVIC_Init                              0x080031d4   Section        0  misc.o(i.NVIC_Init)
    i.NVIC_PriorityGroupConfig               0x08003238   Section        0  misc.o(i.NVIC_PriorityGroupConfig)
    i.Preemptive_Priority_Scheduler          0x0800324c   Section        0  main.o(i.Preemptive_Priority_Scheduler)
    i.RCC_AHBPeriphClockCmd                  0x08003250   Section        0  stm32f10x_rcc.o(i.RCC_AHBPeriphClockCmd)
    i.RCC_APB2PeriphClockCmd                 0x08003268   Section        0  stm32f10x_rcc.o(i.RCC_APB2PeriphClockCmd)
    i.RCC_GetClocksFreq                      0x08003280   Section        0  stm32f10x_rcc.o(i.RCC_GetClocksFreq)
    i.SetSysClockTo72                        0x08003314   Section        0  system_stm32f10x.o(i.SetSysClockTo72)
    SetSysClockTo72                          0x08003315   Thumb Code   160  system_stm32f10x.o(i.SetSysClockTo72)
    i.SysTick_CLKSourceConfig                0x080033bc   Section        0  misc.o(i.SysTick_CLKSourceConfig)
    i.SysTick_Handler                        0x080033d4   Section        0  delay.o(i.SysTick_Handler)
    i.SystemInit                             0x080033e8   Section        0  system_stm32f10x.o(i.SystemInit)
    i.TASK_1                                 0x08003438   Section        0  main.o(i.TASK_1)
    i.TASK_2                                 0x0800359c   Section        0  main.o(i.TASK_2)
    i.TASK_3                                 0x0800370c   Section        0  main.o(i.TASK_3)
    i.TIM3_IRQHandler                        0x0800387c   Section        0  timer.o(i.TIM3_IRQHandler)
    i.TIM5_IRQHandler                        0x080038b8   Section        0  timer.o(i.TIM5_IRQHandler)
    i.TIM_ClearITPendingBit                  0x080038f4   Section        0  stm32f10x_tim.o(i.TIM_ClearITPendingBit)
    i.TIM_GetITStatus                        0x080038fa   Section        0  stm32f10x_tim.o(i.TIM_GetITStatus)
    i.USART1_IRQHandler                      0x08003914   Section        0  usart.o(i.USART1_IRQHandler)
    i.USART_Cmd                              0x08003978   Section        0  stm32f10x_usart.o(i.USART_Cmd)
    i.USART_GetITStatus                      0x0800398c   Section        0  stm32f10x_usart.o(i.USART_GetITStatus)
    i.USART_ITConfig                         0x080039ca   Section        0  stm32f10x_usart.o(i.USART_ITConfig)
    i.USART_Init                             0x080039fc   Section        0  stm32f10x_usart.o(i.USART_Init)
    i.USART_ReceiveData                      0x08003aa8   Section        0  stm32f10x_usart.o(i.USART_ReceiveData)
    i.UsageFault_Handler                     0x08003ab0   Section        0  stm32f10x_it.o(i.UsageFault_Handler)
    i.Weighted_Round_Robin_Scheduler         0x08003ab4   Section        0  main.o(i.Weighted_Round_Robin_Scheduler)
    i._sys_exit                              0x08003c88   Section        0  usart.o(i._sys_exit)
    i.delay_init                             0x08003c8c   Section        0  delay.o(i.delay_init)
    i.delay_ms                               0x08003cd4   Section        0  delay.o(i.delay_ms)
    i.delay_us                               0x08003d0c   Section        0  delay.o(i.delay_us)
    i.fputc                                  0x08003d40   Section        0  usart.o(i.fputc)
    i.main                                   0x08003d58   Section        0  main.o(i.main)
    i.prvAddCurrentTaskToDelayedList         0x08003f28   Section        0  tasks.o(i.prvAddCurrentTaskToDelayedList)
    prvAddCurrentTaskToDelayedList           0x08003f29   Thumb Code   102  tasks.o(i.prvAddCurrentTaskToDelayedList)
    i.prvAddNewTaskToReadyList               0x08003f98   Section        0  tasks.o(i.prvAddNewTaskToReadyList)
    prvAddNewTaskToReadyList                 0x08003f99   Thumb Code   192  tasks.o(i.prvAddNewTaskToReadyList)
    i.prvCheckForValidListAndQueue           0x08004068   Section        0  timers.o(i.prvCheckForValidListAndQueue)
    prvCheckForValidListAndQueue             0x08004069   Thumb Code    62  timers.o(i.prvCheckForValidListAndQueue)
    i.prvCheckTasksWaitingTermination        0x080040b8   Section        0  tasks.o(i.prvCheckTasksWaitingTermination)
    prvCheckTasksWaitingTermination          0x080040b9   Thumb Code    74  tasks.o(i.prvCheckTasksWaitingTermination)
    i.prvCopyDataFromQueue                   0x0800410c   Section        0  queue.o(i.prvCopyDataFromQueue)
    prvCopyDataFromQueue                     0x0800410d   Thumb Code    38  queue.o(i.prvCopyDataFromQueue)
    i.prvCopyDataToQueue                     0x08004132   Section        0  queue.o(i.prvCopyDataToQueue)
    prvCopyDataToQueue                       0x08004133   Thumb Code   108  queue.o(i.prvCopyDataToQueue)
    i.prvDeleteTCB                           0x0800419e   Section        0  tasks.o(i.prvDeleteTCB)
    prvDeleteTCB                             0x0800419f   Thumb Code    20  tasks.o(i.prvDeleteTCB)
    i.prvHeapInit                            0x080041b4   Section        0  heap_4.o(i.prvHeapInit)
    prvHeapInit                              0x080041b5   Thumb Code    66  heap_4.o(i.prvHeapInit)
    i.prvIdleTask                            0x08004200   Section        0  tasks.o(i.prvIdleTask)
    prvIdleTask                              0x08004201   Thumb Code    30  tasks.o(i.prvIdleTask)
    i.prvInitialiseNewTask                   0x08004228   Section        0  tasks.o(i.prvInitialiseNewTask)
    prvInitialiseNewTask                     0x08004229   Thumb Code   154  tasks.o(i.prvInitialiseNewTask)
    i.prvInsertBlockIntoFreeList             0x080042e8   Section        0  heap_4.o(i.prvInsertBlockIntoFreeList)
    prvInsertBlockIntoFreeList               0x080042e9   Thumb Code    72  heap_4.o(i.prvInsertBlockIntoFreeList)
    i.prvInsertTimerInActiveList             0x08004334   Section        0  timers.o(i.prvInsertTimerInActiveList)
    prvInsertTimerInActiveList               0x08004335   Thumb Code    52  timers.o(i.prvInsertTimerInActiveList)
    i.prvIsQueueEmpty                        0x0800436c   Section        0  queue.o(i.prvIsQueueEmpty)
    prvIsQueueEmpty                          0x0800436d   Thumb Code    26  queue.o(i.prvIsQueueEmpty)
    i.prvNotifyQueueSetContainer             0x08004388   Section        0  queue.o(i.prvNotifyQueueSetContainer)
    prvNotifyQueueSetContainer               0x08004389   Thumb Code   108  queue.o(i.prvNotifyQueueSetContainer)
    i.prvProcessExpiredTimer                 0x08004418   Section        0  timers.o(i.prvProcessExpiredTimer)
    prvProcessExpiredTimer                   0x08004419   Thumb Code    86  timers.o(i.prvProcessExpiredTimer)
    i.prvProcessReceivedCommands             0x08004478   Section        0  timers.o(i.prvProcessReceivedCommands)
    prvProcessReceivedCommands               0x08004479   Thumb Code   196  timers.o(i.prvProcessReceivedCommands)
    i.prvProcessTimerOrBlockTask             0x08004568   Section        0  timers.o(i.prvProcessTimerOrBlockTask)
    prvProcessTimerOrBlockTask               0x08004569   Thumb Code    98  timers.o(i.prvProcessTimerOrBlockTask)
    i.prvResetNextTaskUnblockTime            0x080045d4   Section        0  tasks.o(i.prvResetNextTaskUnblockTime)
    prvResetNextTaskUnblockTime              0x080045d5   Thumb Code    26  tasks.o(i.prvResetNextTaskUnblockTime)
    i.prvSampleTimeNow                       0x080045f4   Section        0  timers.o(i.prvSampleTimeNow)
    prvSampleTimeNow                         0x080045f5   Thumb Code    36  timers.o(i.prvSampleTimeNow)
    i.prvSwitchTimerLists                    0x0800461c   Section        0  timers.o(i.prvSwitchTimerLists)
    prvSwitchTimerLists                      0x0800461d   Thumb Code   100  timers.o(i.prvSwitchTimerLists)
    i.prvTaskExitError                       0x08004688   Section        0  port.o(i.prvTaskExitError)
    prvTaskExitError                         0x08004689   Thumb Code    34  port.o(i.prvTaskExitError)
    i.prvTaskIsTaskSuspended                 0x080046ec   Section        0  tasks.o(i.prvTaskIsTaskSuspended)
    prvTaskIsTaskSuspended                   0x080046ed   Thumb Code    44  tasks.o(i.prvTaskIsTaskSuspended)
    i.prvTimerTask                           0x08004740   Section        0  timers.o(i.prvTimerTask)
    prvTimerTask                             0x08004741   Thumb Code    34  timers.o(i.prvTimerTask)
    i.prvUnlockQueue                         0x08004768   Section        0  queue.o(i.prvUnlockQueue)
    prvUnlockQueue                           0x08004769   Thumb Code   120  queue.o(i.prvUnlockQueue)
    i.pvPortMalloc                           0x080047e0   Section        0  heap_4.o(i.pvPortMalloc)
    i.pvTaskIncrementMutexHeldCount          0x080048f4   Section        0  tasks.o(i.pvTaskIncrementMutexHeldCount)
    i.pxPortInitialiseStack                  0x0800490c   Section        0  port.o(i.pxPortInitialiseStack)
    i.uart_init                              0x08004930   Section        0  usart.o(i.uart_init)
    i.uxListRemove                           0x080049d0   Section        0  list.o(i.uxListRemove)
    i.uxQueueMessagesWaiting                 0x080049f4   Section        0  queue.o(i.uxQueueMessagesWaiting)
    i.vListInitialise                        0x08004a38   Section        0  list.o(i.vListInitialise)
    i.vListInitialiseItem                    0x08004a4e   Section        0  list.o(i.vListInitialiseItem)
    i.vListInsert                            0x08004a54   Section        0  list.o(i.vListInsert)
    i.vListInsertEnd                         0x08004a84   Section        0  list.o(i.vListInsertEnd)
    i.vPortEnterCritical                     0x08004a9c   Section        0  port.o(i.vPortEnterCritical)
    i.vPortExitCritical                      0x08004b14   Section        0  port.o(i.vPortExitCritical)
    i.vPortFree                              0x08004b78   Section        0  heap_4.o(i.vPortFree)
    i.vPortSetupTimerInterrupt               0x08004c14   Section        0  port.o(i.vPortSetupTimerInterrupt)
    i.vPortValidateInterruptPriority         0x08004c34   Section        0  port.o(i.vPortValidateInterruptPriority)
    i.vQueueAddToRegistry                    0x08004cc0   Section        0  queue.o(i.vQueueAddToRegistry)
    i.vQueueWaitForMessageRestricted         0x08004ce4   Section        0  queue.o(i.vQueueWaitForMessageRestricted)
    i.vTaskDelay                             0x08004d28   Section        0  tasks.o(i.vTaskDelay)
    i.vTaskMissedYield                       0x08004d94   Section        0  tasks.o(i.vTaskMissedYield)
    i.vTaskPlaceOnEventList                  0x08004da0   Section        0  tasks.o(i.vTaskPlaceOnEventList)
    i.vTaskPlaceOnEventListRestricted        0x08004df4   Section        0  tasks.o(i.vTaskPlaceOnEventListRestricted)
    i.vTaskPriorityInherit                   0x08004e50   Section        0  tasks.o(i.vTaskPriorityInherit)
    i.vTaskResume                            0x08004ed4   Section        0  tasks.o(i.vTaskResume)
    i.vTaskSetTimeOutState                   0x08004f74   Section        0  tasks.o(i.vTaskSetTimeOutState)
    i.vTaskStartScheduler                    0x08004fbc   Section        0  tasks.o(i.vTaskStartScheduler)
    i.vTaskSuspend                           0x08005050   Section        0  tasks.o(i.vTaskSuspend)
    i.vTaskSuspendAll                        0x08005120   Section        0  tasks.o(i.vTaskSuspendAll)
    i.vTaskSwitchContext                     0x08005130   Section        0  tasks.o(i.vTaskSwitchContext)
    i.xPortStartScheduler                    0x080051ac   Section        0  port.o(i.xPortStartScheduler)
    i.xPortSysTickHandler                    0x08005224   Section        0  port.o(i.xPortSysTickHandler)
    i.xQueueGenericCreate                    0x08005250   Section        0  queue.o(i.xQueueGenericCreate)
    i.xQueueGenericReceive                   0x080052c8   Section        0  queue.o(i.xQueueGenericReceive)
    i.xQueueGenericReset                     0x0800544c   Section        0  queue.o(i.xQueueGenericReset)
    i.xQueueGenericSend                      0x080054f4   Section        0  queue.o(i.xQueueGenericSend)
    i.xQueueGenericSendFromISR               0x0800567c   Section        0  queue.o(i.xQueueGenericSendFromISR)
    i.xTaskCheckForTimeOut                   0x0800575c   Section        0  tasks.o(i.xTaskCheckForTimeOut)
    i.xTaskCreate                            0x080057e4   Section        0  tasks.o(i.xTaskCreate)
    i.xTaskGetSchedulerState                 0x0800583c   Section        0  tasks.o(i.xTaskGetSchedulerState)
    i.xTaskGetTickCount                      0x08005858   Section        0  tasks.o(i.xTaskGetTickCount)
    i.xTaskIncrementTick                     0x08005864   Section        0  tasks.o(i.xTaskIncrementTick)
    i.xTaskPriorityDisinherit                0x0800594c   Section        0  tasks.o(i.xTaskPriorityDisinherit)
    i.xTaskRemoveFromEventList               0x08005a00   Section        0  tasks.o(i.xTaskRemoveFromEventList)
    i.xTaskResumeAll                         0x08005a98   Section        0  tasks.o(i.xTaskResumeAll)
    i.xTimerCreate                           0x08005b7c   Section        0  timers.o(i.xTimerCreate)
    i.xTimerCreateTimerTask                  0x08005bf0   Section        0  timers.o(i.xTimerCreateTimerTask)
    i.xTimerGenericCommand                   0x08005c64   Section        0  timers.o(i.xTimerGenericCommand)
    x$fpl$dfixu                              0x08005cf4   Section       90  dfixu.o(x$fpl$dfixu)
    x$fpl$dfltu                              0x08005d4e   Section       38  dflt_clz.o(x$fpl$dfltu)
    x$fpl$dmul                               0x08005d74   Section      340  dmul.o(x$fpl$dmul)
    x$fpl$dnaninf                            0x08005ec8   Section      156  dnaninf.o(x$fpl$dnaninf)
    x$fpl$dretinf                            0x08005f64   Section       12  dretinf.o(x$fpl$dretinf)
    .constdata                               0x08005f70   Section     6080  lcd.o(.constdata)
    x$fpl$usenofp                            0x08005f70   Section        0  usenofp.o(x$fpl$usenofp)
    .constdata                               0x08007730   Section       40  _printf_hex_int.o(.constdata)
    uc_hextab                                0x08007730   Data          20  _printf_hex_int.o(.constdata)
    lc_hextab                                0x08007744   Data          20  _printf_hex_int.o(.constdata)
    .data                                    0x20000000   Section       28  main.o(.data)
    .data                                    0x2000001c   Section       20  system_stm32f10x.o(.data)
    .data                                    0x20000030   Section        4  lcd.o(.data)
    .data                                    0x20000034   Section        4  delay.o(.data)
    fac_us                                   0x20000034   Data           1  delay.o(.data)
    fac_ms                                   0x20000036   Data           2  delay.o(.data)
    .data                                    0x20000038   Section        2  usart.o(.data)
    .data                                    0x2000003c   Section        4  usart.o(.data)
    .data                                    0x20000040   Section       20  stm32f10x_rcc.o(.data)
    ADCPrescTable                            0x20000040   Data           4  stm32f10x_rcc.o(.data)
    APBAHBPrescTable                         0x20000044   Data          16  stm32f10x_rcc.o(.data)
    .data                                    0x20000054   Section       60  tasks.o(.data)
    uxDeletedTasksWaitingCleanUp             0x20000058   Data           4  tasks.o(.data)
    uxCurrentNumberOfTasks                   0x2000005c   Data           4  tasks.o(.data)
    xTickCount                               0x20000060   Data           4  tasks.o(.data)
    uxTopReadyPriority                       0x20000064   Data           4  tasks.o(.data)
    xSchedulerRunning                        0x20000068   Data           4  tasks.o(.data)
    uxPendedTicks                            0x2000006c   Data           4  tasks.o(.data)
    xYieldPending                            0x20000070   Data           4  tasks.o(.data)
    xNumOfOverflows                          0x20000074   Data           4  tasks.o(.data)
    uxTaskNumber                             0x20000078   Data           4  tasks.o(.data)
    xNextTaskUnblockTime                     0x2000007c   Data           4  tasks.o(.data)
    xIdleTaskHandle                          0x20000080   Data           4  tasks.o(.data)
    uxSchedulerSuspended                     0x20000084   Data           4  tasks.o(.data)
    pxDelayedTaskList                        0x20000088   Data           4  tasks.o(.data)
    pxOverflowDelayedTaskList                0x2000008c   Data           4  tasks.o(.data)
    .data                                    0x20000090   Section       20  timers.o(.data)
    xTimerQueue                              0x20000090   Data           4  timers.o(.data)
    xTimerTaskHandle                         0x20000094   Data           4  timers.o(.data)
    xLastTime                                0x20000098   Data           4  timers.o(.data)
    pxCurrentTimerList                       0x2000009c   Data           4  timers.o(.data)
    pxOverflowTimerList                      0x200000a0   Data           4  timers.o(.data)
    .data                                    0x200000a4   Section       24  heap_4.o(.data)
    pxEnd                                    0x200000a4   Data           4  heap_4.o(.data)
    xFreeBytesRemaining                      0x200000a8   Data           4  heap_4.o(.data)
    xMinimumEverFreeBytesRemaining           0x200000ac   Data           4  heap_4.o(.data)
    xBlockAllocatedBit                       0x200000b0   Data           4  heap_4.o(.data)
    xStart                                   0x200000b4   Data           8  heap_4.o(.data)
    .data                                    0x200000bc   Section       12  port.o(.data)
    ucMaxSysCallPriority                     0x200000bc   Data           1  port.o(.data)
    uxCriticalNesting                        0x200000c0   Data           4  port.o(.data)
    ulMaxPRIGROUPValue                       0x200000c4   Data           4  port.o(.data)
    .bss                                     0x200000c8   Section      320  main.o(.bss)
    .bss                                     0x20000208   Section       14  lcd.o(.bss)
    .bss                                     0x20000216   Section      200  usart.o(.bss)
    .bss                                     0x200002e0   Section       64  queue.o(.bss)
    .bss                                     0x20000320   Section      740  tasks.o(.bss)
    pxReadyTasksLists                        0x20000320   Data         640  tasks.o(.bss)
    xDelayedTaskList1                        0x200005a0   Data          20  tasks.o(.bss)
    xDelayedTaskList2                        0x200005b4   Data          20  tasks.o(.bss)
    xPendingReadyList                        0x200005c8   Data          20  tasks.o(.bss)
    xTasksWaitingTermination                 0x200005dc   Data          20  tasks.o(.bss)
    xSuspendedTaskList                       0x200005f0   Data          20  tasks.o(.bss)
    .bss                                     0x20000604   Section       40  timers.o(.bss)
    xActiveTimerList1                        0x20000604   Data          20  timers.o(.bss)
    xActiveTimerList2                        0x20000618   Data          20  timers.o(.bss)
    .bss                                     0x2000062c   Section    20480  heap_4.o(.bss)
    ucHeap                                   0x2000062c   Data       20480  heap_4.o(.bss)
    .bss                                     0x2000562c   Section       96  libspace.o(.bss)
    HEAP                                     0x20005690   Section      512  startup_stm32f10x_hd.o(HEAP)
    Heap_Mem                                 0x20005690   Data         512  startup_stm32f10x_hd.o(HEAP)
    STACK                                    0x20005890   Section     1024  startup_stm32f10x_hd.o(STACK)
    Stack_Mem                                0x20005890   Data        1024  startup_stm32f10x_hd.o(STACK)
    __initial_sp                             0x20005c90   Data           0  startup_stm32f10x_hd.o(STACK)

    Global Symbols

    Symbol Name                              Value     Ov Type        Size  Object(Section)

    BuildAttributes$$THM_ISAv4$P$D$K$B$S$PE$A:L22UL41UL21$X:L11$S22US41US21$IEEE1$IW$USESV6$~STKCKD$USESV7$~SHL$OSPACE$ROPI$EBA8$UX$STANDARDLIB$REQ8$PRES8$EABIv2 0x00000000   Number         0  anon$$obj.o ABSOLUTE
    __ARM_use_no_argv                        0x00000000   Number         0  main.o ABSOLUTE
    __ARM_exceptions_init                     - Undefined Weak Reference
    __alloca_initialize                       - Undefined Weak Reference
    __arm_preinit_                            - Undefined Weak Reference
    __cpp_initialize__aeabi_                  - Undefined Weak Reference
    __cxa_finalize                            - Undefined Weak Reference
    __rt_locale                               - Undefined Weak Reference
    __sigvec_lookup                           - Undefined Weak Reference
    _atexit_init                              - Undefined Weak Reference
    _call_atexit_fns                          - Undefined Weak Reference
    _clock_init                               - Undefined Weak Reference
    _fp_trap_init                             - Undefined Weak Reference
    _fp_trap_shutdown                         - Undefined Weak Reference
    _get_lc_collate                           - Undefined Weak Reference
    _get_lc_ctype                             - Undefined Weak Reference
    _get_lc_monetary                          - Undefined Weak Reference
    _get_lc_numeric                           - Undefined Weak Reference
    _get_lc_time                              - Undefined Weak Reference
    _getenv_init                              - Undefined Weak Reference
    _handle_redirection                       - Undefined Weak Reference
    _init_alloc                               - Undefined Weak Reference
    _init_user_alloc                          - Undefined Weak Reference
    _initio                                   - Undefined Weak Reference
    _mutex_acquire                            - Undefined Weak Reference
    _mutex_release                            - Undefined Weak Reference
    _printf_mbtowc                            - Undefined Weak Reference
    _printf_post_padding                      - Undefined Weak Reference
    _printf_pre_padding                       - Undefined Weak Reference
    _printf_truncate_signed                   - Undefined Weak Reference
    _printf_truncate_unsigned                 - Undefined Weak Reference
    _rand_init                                - Undefined Weak Reference
    _signal_finish                            - Undefined Weak Reference
    _signal_init                              - Undefined Weak Reference
    _terminate_alloc                          - Undefined Weak Reference
    _terminate_user_alloc                     - Undefined Weak Reference
    _terminateio                              - Undefined Weak Reference
    __Vectors_Size                           0x00000130   Number         0  startup_stm32f10x_hd.o ABSOLUTE
    __Vectors                                0x08000000   Data           4  startup_stm32f10x_hd.o(RESET)
    __Vectors_End                            0x08000130   Data           0  startup_stm32f10x_hd.o(RESET)
    __main                                   0x08000131   Thumb Code     8  __main.o(!!!main)
    __scatterload                            0x08000139   Thumb Code     0  __scatter.o(!!!scatter)
    __scatterload_rt2                        0x08000139   Thumb Code    44  __scatter.o(!!!scatter)
    __scatterload_rt2_thumb_only             0x08000139   Thumb Code     0  __scatter.o(!!!scatter)
    __scatterload_null                       0x08000147   Thumb Code     0  __scatter.o(!!!scatter)
    __scatterload_copy                       0x0800016d   Thumb Code    26  __scatter_copy.o(!!handler_copy)
    __scatterload_zeroinit                   0x08000189   Thumb Code    28  __scatter_zi.o(!!handler_zi)
    _printf_d                                0x080001a5   Thumb Code     0  _printf_d.o(.ARM.Collect$$_printf_percent$$00000009)
    _printf_percent                          0x080001a5   Thumb Code     0  _printf_percent.o(.ARM.Collect$$_printf_percent$$00000000)
    _printf_u                                0x080001ab   Thumb Code     0  _printf_u.o(.ARM.Collect$$_printf_percent$$0000000A)
    _printf_x                                0x080001b1   Thumb Code     0  _printf_x.o(.ARM.Collect$$_printf_percent$$0000000C)
    _printf_s                                0x080001b7   Thumb Code     0  _printf_s.o(.ARM.Collect$$_printf_percent$$00000014)
    _printf_percent_end                      0x080001bd   Thumb Code     0  _printf_percent_end.o(.ARM.Collect$$_printf_percent$$00000017)
    __rt_lib_init                            0x080001c1   Thumb Code     0  libinit.o(.ARM.Collect$$libinit$$00000000)
    __rt_lib_init_alloca_1                   0x080001c3   Thumb Code     0  libinit2.o(.ARM.Collect$$libinit$$0000002E)
    __rt_lib_init_argv_1                     0x080001c3   Thumb Code     0  libinit2.o(.ARM.Collect$$libinit$$0000002C)
    __rt_lib_init_atexit_1                   0x080001c3   Thumb Code     0  libinit2.o(.ARM.Collect$$libinit$$0000001B)
    __rt_lib_init_clock_1                    0x080001c3   Thumb Code     0  libinit2.o(.ARM.Collect$$libinit$$00000021)
    __rt_lib_init_cpp_1                      0x080001c3   Thumb Code     0  libinit2.o(.ARM.Collect$$libinit$$00000032)
    __rt_lib_init_exceptions_1               0x080001c3   Thumb Code     0  libinit2.o(.ARM.Collect$$libinit$$00000030)
    __rt_lib_init_fp_1                       0x080001c3   Thumb Code     0  libinit2.o(.ARM.Collect$$libinit$$00000002)
    __rt_lib_init_fp_trap_1                  0x080001c3   Thumb Code     0  libinit2.o(.ARM.Collect$$libinit$$0000001F)
    __rt_lib_init_getenv_1                   0x080001c3   Thumb Code     0  libinit2.o(.ARM.Collect$$libinit$$00000023)
    __rt_lib_init_heap_1                     0x080001c3   Thumb Code     0  libinit2.o(.ARM.Collect$$libinit$$0000000A)
    __rt_lib_init_lc_collate_1               0x080001c3   Thumb Code     0  libinit2.o(.ARM.Collect$$libinit$$00000011)
    __rt_lib_init_lc_ctype_1                 0x080001c3   Thumb Code     0  libinit2.o(.ARM.Collect$$libinit$$00000013)
    __rt_lib_init_lc_monetary_1              0x080001c3   Thumb Code     0  libinit2.o(.ARM.Collect$$libinit$$00000015)
    __rt_lib_init_lc_numeric_1               0x080001c3   Thumb Code     0  libinit2.o(.ARM.Collect$$libinit$$00000017)
    __rt_lib_init_lc_time_1                  0x080001c3   Thumb Code     0  libinit2.o(.ARM.Collect$$libinit$$00000019)
    __rt_lib_init_preinit_1                  0x080001c3   Thumb Code     0  libinit2.o(.ARM.Collect$$libinit$$00000004)
    __rt_lib_init_rand_1                     0x080001c3   Thumb Code     0  libinit2.o(.ARM.Collect$$libinit$$0000000E)
    __rt_lib_init_return                     0x080001c3   Thumb Code     0  libinit2.o(.ARM.Collect$$libinit$$00000033)
    __rt_lib_init_signal_1                   0x080001c3   Thumb Code     0  libinit2.o(.ARM.Collect$$libinit$$0000001D)
    __rt_lib_init_stdio_1                    0x080001c3   Thumb Code     0  libinit2.o(.ARM.Collect$$libinit$$00000025)
    __rt_lib_init_user_alloc_1               0x080001c3   Thumb Code     0  libinit2.o(.ARM.Collect$$libinit$$0000000C)
    __rt_lib_shutdown                        0x080001c5   Thumb Code     0  libshutdown.o(.ARM.Collect$$libshutdown$$00000000)
    __rt_lib_shutdown_fp_trap_1              0x080001c7   Thumb Code     0  libshutdown2.o(.ARM.Collect$$libshutdown$$00000006)
    __rt_lib_shutdown_heap_1                 0x080001c7   Thumb Code     0  libshutdown2.o(.ARM.Collect$$libshutdown$$0000000E)
    __rt_lib_shutdown_return                 0x080001c7   Thumb Code     0  libshutdown2.o(.ARM.Collect$$libshutdown$$0000000F)
    __rt_lib_shutdown_signal_1               0x080001c7   Thumb Code     0  libshutdown2.o(.ARM.Collect$$libshutdown$$00000009)
    __rt_lib_shutdown_stdio_1                0x080001c7   Thumb Code     0  libshutdown2.o(.ARM.Collect$$libshutdown$$00000003)
    __rt_lib_shutdown_user_alloc_1           0x080001c7   Thumb Code     0  libshutdown2.o(.ARM.Collect$$libshutdown$$0000000B)
    __rt_entry                               0x080001c9   Thumb Code     0  __rtentry.o(.ARM.Collect$$rtentry$$00000000)
    __rt_entry_presh_1                       0x080001c9   Thumb Code     0  __rtentry2.o(.ARM.Collect$$rtentry$$00000002)
    __rt_entry_sh                            0x080001c9   Thumb Code     0  __rtentry4.o(.ARM.Collect$$rtentry$$00000004)
    __rt_entry_li                            0x080001cf   Thumb Code     0  __rtentry2.o(.ARM.Collect$$rtentry$$0000000A)
    __rt_entry_postsh_1                      0x080001cf   Thumb Code     0  __rtentry2.o(.ARM.Collect$$rtentry$$00000009)
    __rt_entry_main                          0x080001d3   Thumb Code     0  __rtentry2.o(.ARM.Collect$$rtentry$$0000000D)
    __rt_entry_postli_1                      0x080001d3   Thumb Code     0  __rtentry2.o(.ARM.Collect$$rtentry$$0000000C)
    __rt_exit                                0x080001db   Thumb Code     0  rtexit.o(.ARM.Collect$$rtexit$$00000000)
    __rt_exit_ls                             0x080001dd   Thumb Code     0  rtexit2.o(.ARM.Collect$$rtexit$$00000003)
    __rt_exit_prels_1                        0x080001dd   Thumb Code     0  rtexit2.o(.ARM.Collect$$rtexit$$00000002)
    __rt_exit_exit                           0x080001e1   Thumb Code     0  rtexit2.o(.ARM.Collect$$rtexit$$00000004)
    SVC_Handler                              0x080001e9   Thumb Code    32  port.o(.emb_text)
    __asm___6_port_c_39a90d8d__prvStartFirstTask 0x0800020d   Thumb Code    28  port.o(.emb_text)
    PendSV_Handler                           0x0800022d   Thumb Code    72  port.o(.emb_text)
    vPortGetIPSR                             0x08000279   Thumb Code     6  port.o(.emb_text)
    Reset_Handler                            0x08000281   Thumb Code     8  startup_stm32f10x_hd.o(.text)
    ADC1_2_IRQHandler                        0x0800029b   Thumb Code     0  startup_stm32f10x_hd.o(.text)
    ADC3_IRQHandler                          0x0800029b   Thumb Code     0  startup_stm32f10x_hd.o(.text)
    CAN1_RX1_IRQHandler                      0x0800029b   Thumb Code     0  startup_stm32f10x_hd.o(.text)
    CAN1_SCE_IRQHandler                      0x0800029b   Thumb Code     0  startup_stm32f10x_hd.o(.text)
    DMA1_Channel1_IRQHandler                 0x0800029b   Thumb Code     0  startup_stm32f10x_hd.o(.text)
    DMA1_Channel2_IRQHandler                 0x0800029b   Thumb Code     0  startup_stm32f10x_hd.o(.text)
    DMA1_Channel3_IRQHandler                 0x0800029b   Thumb Code     0  startup_stm32f10x_hd.o(.text)
    DMA1_Channel4_IRQHandler                 0x0800029b   Thumb Code     0  startup_stm32f10x_hd.o(.text)
    DMA1_Channel5_IRQHandler                 0x0800029b   Thumb Code     0  startup_stm32f10x_hd.o(.text)
    DMA1_Channel6_IRQHandler                 0x0800029b   Thumb Code     0  startup_stm32f10x_hd.o(.text)
    DMA1_Channel7_IRQHandler                 0x0800029b   Thumb Code     0  startup_stm32f10x_hd.o(.text)
    DMA2_Channel1_IRQHandler                 0x0800029b   Thumb Code     0  startup_stm32f10x_hd.o(.text)
    DMA2_Channel2_IRQHandler                 0x0800029b   Thumb Code     0  startup_stm32f10x_hd.o(.text)
    DMA2_Channel3_IRQHandler                 0x0800029b   Thumb Code     0  startup_stm32f10x_hd.o(.text)
    DMA2_Channel4_5_IRQHandler               0x0800029b   Thumb Code     0  startup_stm32f10x_hd.o(.text)
    EXTI0_IRQHandler                         0x0800029b   Thumb Code     0  startup_stm32f10x_hd.o(.text)
    EXTI15_10_IRQHandler                     0x0800029b   Thumb Code     0  startup_stm32f10x_hd.o(.text)
    EXTI1_IRQHandler                         0x0800029b   Thumb Code     0  startup_stm32f10x_hd.o(.text)
    EXTI2_IRQHandler                         0x0800029b   Thumb Code     0  startup_stm32f10x_hd.o(.text)
    EXTI3_IRQHandler                         0x0800029b   Thumb Code     0  startup_stm32f10x_hd.o(.text)
    EXTI4_IRQHandler                         0x0800029b   Thumb Code     0  startup_stm32f10x_hd.o(.text)
    EXTI9_5_IRQHandler                       0x0800029b   Thumb Code     0  startup_stm32f10x_hd.o(.text)
    FLASH_IRQHandler                         0x0800029b   Thumb Code     0  startup_stm32f10x_hd.o(.text)
    FSMC_IRQHandler                          0x0800029b   Thumb Code     0  startup_stm32f10x_hd.o(.text)
    I2C1_ER_IRQHandler                       0x0800029b   Thumb Code     0  startup_stm32f10x_hd.o(.text)
    I2C1_EV_IRQHandler                       0x0800029b   Thumb Code     0  startup_stm32f10x_hd.o(.text)
    I2C2_ER_IRQHandler                       0x0800029b   Thumb Code     0  startup_stm32f10x_hd.o(.text)
    I2C2_EV_IRQHandler                       0x0800029b   Thumb Code     0  startup_stm32f10x_hd.o(.text)
    PVD_IRQHandler                           0x0800029b   Thumb Code     0  startup_stm32f10x_hd.o(.text)
    RCC_IRQHandler                           0x0800029b   Thumb Code     0  startup_stm32f10x_hd.o(.text)
    RTCAlarm_IRQHandler                      0x0800029b   Thumb Code     0  startup_stm32f10x_hd.o(.text)
    RTC_IRQHandler                           0x0800029b   Thumb Code     0  startup_stm32f10x_hd.o(.text)
    SDIO_IRQHandler                          0x0800029b   Thumb Code     0  startup_stm32f10x_hd.o(.text)
    SPI1_IRQHandler                          0x0800029b   Thumb Code     0  startup_stm32f10x_hd.o(.text)
    SPI2_IRQHandler                          0x0800029b   Thumb Code     0  startup_stm32f10x_hd.o(.text)
    SPI3_IRQHandler                          0x0800029b   Thumb Code     0  startup_stm32f10x_hd.o(.text)
    TAMPER_IRQHandler                        0x0800029b   Thumb Code     0  startup_stm32f10x_hd.o(.text)
    TIM1_BRK_IRQHandler                      0x0800029b   Thumb Code     0  startup_stm32f10x_hd.o(.text)
    TIM1_CC_IRQHandler                       0x0800029b   Thumb Code     0  startup_stm32f10x_hd.o(.text)
    TIM1_TRG_COM_IRQHandler                  0x0800029b   Thumb Code     0  startup_stm32f10x_hd.o(.text)
    TIM1_UP_IRQHandler                       0x0800029b   Thumb Code     0  startup_stm32f10x_hd.o(.text)
    TIM2_IRQHandler                          0x0800029b   Thumb Code     0  startup_stm32f10x_hd.o(.text)
    TIM4_IRQHandler                          0x0800029b   Thumb Code     0  startup_stm32f10x_hd.o(.text)
    TIM6_IRQHandler                          0x0800029b   Thumb Code     0  startup_stm32f10x_hd.o(.text)
    TIM7_IRQHandler                          0x0800029b   Thumb Code     0  startup_stm32f10x_hd.o(.text)
    TIM8_BRK_IRQHandler                      0x0800029b   Thumb Code     0  startup_stm32f10x_hd.o(.text)
    TIM8_CC_IRQHandler                       0x0800029b   Thumb Code     0  startup_stm32f10x_hd.o(.text)
    TIM8_TRG_COM_IRQHandler                  0x0800029b   Thumb Code     0  startup_stm32f10x_hd.o(.text)
    TIM8_UP_IRQHandler                       0x0800029b   Thumb Code     0  startup_stm32f10x_hd.o(.text)
    UART4_IRQHandler                         0x0800029b   Thumb Code     0  startup_stm32f10x_hd.o(.text)
    UART5_IRQHandler                         0x0800029b   Thumb Code     0  startup_stm32f10x_hd.o(.text)
    USART2_IRQHandler                        0x0800029b   Thumb Code     0  startup_stm32f10x_hd.o(.text)
    USART3_IRQHandler                        0x0800029b   Thumb Code     0  startup_stm32f10x_hd.o(.text)
    USBWakeUp_IRQHandler                     0x0800029b   Thumb Code     0  startup_stm32f10x_hd.o(.text)
    USB_HP_CAN1_TX_IRQHandler                0x0800029b   Thumb Code     0  startup_stm32f10x_hd.o(.text)
    USB_LP_CAN1_RX0_IRQHandler               0x0800029b   Thumb Code     0  startup_stm32f10x_hd.o(.text)
    WWDG_IRQHandler                          0x0800029b   Thumb Code     0  startup_stm32f10x_hd.o(.text)
    __user_initial_stackheap                 0x0800029d   Thumb Code     0  startup_stm32f10x_hd.o(.text)
    __use_no_semihosting                     0x080002c1   Thumb Code     2  use_no_semi_2.o(.text)
    __2printf                                0x080002c5   Thumb Code    20  noretval__2printf.o(.text)
    __2sprintf                               0x080002dd   Thumb Code    34  noretval__2sprintf.o(.text)
    __printf                                 0x08000305   Thumb Code   104  __printf.o(.text)
    _printf_str                              0x0800036d   Thumb Code    82  _printf_str.o(.text)
    _printf_int_dec                          0x080003c1   Thumb Code   104  _printf_dec.o(.text)
    _printf_int_hex                          0x08000439   Thumb Code    84  _printf_hex_int.o(.text)
    _printf_longlong_hex                     0x08000439   Thumb Code     0  _printf_hex_int.o(.text)
    __aeabi_memcpy                           0x08000491   Thumb Code     0  rt_memcpy_v6.o(.text)
    __rt_memcpy                              0x08000491   Thumb Code   138  rt_memcpy_v6.o(.text)
    _memcpy_lastbytes                        0x080004f7   Thumb Code     0  rt_memcpy_v6.o(.text)
    __aeabi_memset                           0x0800051b   Thumb Code    16  aeabi_memset.o(.text)
    __use_two_region_memory                  0x0800052b   Thumb Code     2  heapauxi.o(.text)
    __rt_heap_escrow$2region                 0x0800052d   Thumb Code     2  heapauxi.o(.text)
    __rt_heap_expand$2region                 0x0800052f   Thumb Code     2  heapauxi.o(.text)
    __I$use$semihosting                      0x08000531   Thumb Code     0  use_no_semi.o(.text)
    __use_no_semihosting_swi                 0x08000531   Thumb Code     2  use_no_semi.o(.text)
    _printf_int_common                       0x08000533   Thumb Code   178  _printf_intcommon.o(.text)
    _printf_char_common                      0x080005ef   Thumb Code    32  _printf_char_common.o(.text)
    _sputc                                   0x08000615   Thumb Code    10  _sputc.o(.text)
    _printf_cs_common                        0x0800061f   Thumb Code    20  _printf_char.o(.text)
    _printf_char                             0x08000633   Thumb Code    16  _printf_char.o(.text)
    _printf_string                           0x08000643   Thumb Code     8  _printf_char.o(.text)
    _printf_char_file                        0x0800064d   Thumb Code    32  _printf_char_file.o(.text)
    __aeabi_memcpy4                          0x08000671   Thumb Code     0  rt_memcpy_w.o(.text)
    __aeabi_memcpy8                          0x08000671   Thumb Code     0  rt_memcpy_w.o(.text)
    __rt_memcpy_w                            0x08000671   Thumb Code   100  rt_memcpy_w.o(.text)
    _memcpy_lastbytes_aligned                0x080006b9   Thumb Code     0  rt_memcpy_w.o(.text)
    __aeabi_memclr                           0x080006d5   Thumb Code     0  rt_memclr.o(.text)
    __rt_memclr                              0x080006d5   Thumb Code    68  rt_memclr.o(.text)
    _memset                                  0x080006d9   Thumb Code     0  rt_memclr.o(.text)
    ferror                                   0x08000719   Thumb Code     8  ferror.o(.text)
    __aeabi_memclr4                          0x08000721   Thumb Code     0  rt_memclr_w.o(.text)
    __aeabi_memclr8                          0x08000721   Thumb Code     0  rt_memclr_w.o(.text)
    __rt_memclr_w                            0x08000721   Thumb Code    78  rt_memclr_w.o(.text)
    _memset_w                                0x08000725   Thumb Code     0  rt_memclr_w.o(.text)
    __user_setup_stackheap                   0x0800076f   Thumb Code    74  sys_stackheap_outer.o(.text)
    exit                                     0x080007b9   Thumb Code    12  exit.o(.text)
    __user_libspace                          0x080007c5   Thumb Code     8  libspace.o(.text)
    __user_perproc_libspace                  0x080007c5   Thumb Code     0  libspace.o(.text)
    __user_perthread_libspace                0x080007c5   Thumb Code     0  libspace.o(.text)
    BusFault_Handler                         0x080007cd   Thumb Code     2  stm32f10x_it.o(i.BusFault_Handler)
    DebugMon_Handler                         0x080007cf   Thumb Code     2  stm32f10x_it.o(i.DebugMon_Handler)
    EDF_Scheduler                            0x080007d1   Thumb Code   380  main.o(i.EDF_Scheduler)
    FSMC_NORSRAMCmd                          0x08000991   Thumb Code    26  stm32f10x_fsmc.o(i.FSMC_NORSRAMCmd)
    FSMC_NORSRAMInit                         0x080009b1   Thumb Code   200  stm32f10x_fsmc.o(i.FSMC_NORSRAMInit)
    GPIO_Init                                0x08000a79   Thumb Code   156  stm32f10x_gpio.o(i.GPIO_Init)
    GPIO_SetBits                             0x08000b15   Thumb Code     4  stm32f10x_gpio.o(i.GPIO_SetBits)
    Get_Earliest_Deadline_Task               0x08000b19   Thumb Code    60  main.o(i.Get_Earliest_Deadline_Task)
    HardFault_Handler                        0x08000b5d   Thumb Code     2  stm32f10x_it.o(i.HardFault_Handler)
    Initialize_EDF_Tasks                     0x08000b61   Thumb Code    70  main.o(i.Initialize_EDF_Tasks)
    Initialize_Round_Robin_Tasks             0x08000bb1   Thumb Code    70  main.o(i.Initialize_Round_Robin_Tasks)
    Initialize_Weight_Round_Robin_Tasks      0x08000c05   Thumb Code    68  main.o(i.Initialize_Weight_Round_Robin_Tasks)
    LCD_Clear                                0x08000c59   Thumb Code    40  lcd.o(i.LCD_Clear)
    LCD_Display_Dir                          0x08000c89   Thumb Code   180  lcd.o(i.LCD_Display_Dir)
    LCD_DrawLine                             0x08000d41   Thumb Code   150  lcd.o(i.LCD_DrawLine)
    LCD_DrawPoint                            0x08000dd9   Thumb Code    20  lcd.o(i.LCD_DrawPoint)
    LCD_DrawRectangle                        0x08000df5   Thumb Code    56  lcd.o(i.LCD_DrawRectangle)
    LCD_Fast_DrawPoint                       0x08000e2d   Thumb Code   164  lcd.o(i.LCD_Fast_DrawPoint)
    LCD_Fill                                 0x08000ed9   Thumb Code    66  lcd.o(i.LCD_Fill)
    LCD_Init                                 0x08000f21   Thumb Code  7736  lcd.o(i.LCD_Init)
    LCD_Pow                                  0x08002d5d   Thumb Code    16  lcd.o(i.LCD_Pow)
    LCD_RD_DATA                              0x08002d6d   Thumb Code    16  lcd.o(i.LCD_RD_DATA)
    LCD_SSD_BackLightSet                     0x08002d81   Thumb Code    50  lcd.o(i.LCD_SSD_BackLightSet)
    LCD_Scan_Dir                             0x08002dbd   Thumb Code   314  lcd.o(i.LCD_Scan_Dir)
    LCD_SetCursor                            0x08002f01   Thumb Code   172  lcd.o(i.LCD_SetCursor)
    LCD_ShowChar                             0x08002fb5   Thumb Code   182  lcd.o(i.LCD_ShowChar)
    LCD_ShowString                           0x08003081   Thumb Code    84  lcd.o(i.LCD_ShowString)
    LCD_ShowxNum                             0x080030d5   Thumb Code   134  lcd.o(i.LCD_ShowxNum)
    LCD_WriteRAM_Prepare                     0x0800315d   Thumb Code    10  lcd.o(i.LCD_WriteRAM_Prepare)
    LCD_WriteReg                             0x08003171   Thumb Code    10  lcd.o(i.LCD_WriteReg)
    LED_Init                                 0x08003181   Thumb Code    70  led.o(i.LED_Init)
    MemManage_Handler                        0x080031d1   Thumb Code     2  stm32f10x_it.o(i.MemManage_Handler)
    NMI_Handler                              0x080031d3   Thumb Code     2  stm32f10x_it.o(i.NMI_Handler)
    NVIC_Init                                0x080031d5   Thumb Code    94  misc.o(i.NVIC_Init)
    NVIC_PriorityGroupConfig                 0x08003239   Thumb Code    10  misc.o(i.NVIC_PriorityGroupConfig)
    Preemptive_Priority_Scheduler            0x0800324d   Thumb Code     2  main.o(i.Preemptive_Priority_Scheduler)
    RCC_AHBPeriphClockCmd                    0x08003251   Thumb Code    18  stm32f10x_rcc.o(i.RCC_AHBPeriphClockCmd)
    RCC_APB2PeriphClockCmd                   0x08003269   Thumb Code    18  stm32f10x_rcc.o(i.RCC_APB2PeriphClockCmd)
    RCC_GetClocksFreq                        0x08003281   Thumb Code   132  stm32f10x_rcc.o(i.RCC_GetClocksFreq)
    SysTick_CLKSourceConfig                  0x080033bd   Thumb Code    24  misc.o(i.SysTick_CLKSourceConfig)
    SysTick_Handler                          0x080033d5   Thumb Code    20  delay.o(i.SysTick_Handler)
    SystemInit                               0x080033e9   Thumb Code    64  system_stm32f10x.o(i.SystemInit)
    TASK_1                                   0x08003439   Thumb Code   230  main.o(i.TASK_1)
    TASK_2                                   0x0800359d   Thumb Code   242  main.o(i.TASK_2)
    TASK_3                                   0x0800370d   Thumb Code   242  main.o(i.TASK_3)
    TIM3_IRQHandler                          0x0800387d   Thumb Code    34  timer.o(i.TIM3_IRQHandler)
    TIM5_IRQHandler                          0x080038b9   Thumb Code    34  timer.o(i.TIM5_IRQHandler)
    TIM_ClearITPendingBit                    0x080038f5   Thumb Code     6  stm32f10x_tim.o(i.TIM_ClearITPendingBit)
    TIM_GetITStatus                          0x080038fb   Thumb Code    24  stm32f10x_tim.o(i.TIM_GetITStatus)
    USART1_IRQHandler                        0x08003915   Thumb Code    88  usart.o(i.USART1_IRQHandler)
    USART_Cmd                                0x08003979   Thumb Code    20  stm32f10x_usart.o(i.USART_Cmd)
    USART_GetITStatus                        0x0800398d   Thumb Code    62  stm32f10x_usart.o(i.USART_GetITStatus)
    USART_ITConfig                           0x080039cb   Thumb Code    48  stm32f10x_usart.o(i.USART_ITConfig)
    USART_Init                               0x080039fd   Thumb Code   166  stm32f10x_usart.o(i.USART_Init)
    USART_ReceiveData                        0x08003aa9   Thumb Code     8  stm32f10x_usart.o(i.USART_ReceiveData)
    UsageFault_Handler                       0x08003ab1   Thumb Code     2  stm32f10x_it.o(i.UsageFault_Handler)
    Weighted_Round_Robin_Scheduler           0x08003ab5   Thumb Code   318  main.o(i.Weighted_Round_Robin_Scheduler)
    _sys_exit                                0x08003c89   Thumb Code     2  usart.o(i._sys_exit)
    delay_init                               0x08003c8d   Thumb Code    60  delay.o(i.delay_init)
    delay_ms                                 0x08003cd5   Thumb Code    52  delay.o(i.delay_ms)
    delay_us                                 0x08003d0d   Thumb Code    48  delay.o(i.delay_us)
    fputc                                    0x08003d41   Thumb Code    18  usart.o(i.fputc)
    main                                     0x08003d59   Thumb Code   254  main.o(i.main)
    pvPortMalloc                             0x080047e1   Thumb Code   214  heap_4.o(i.pvPortMalloc)
    pvTaskIncrementMutexHeldCount            0x080048f5   Thumb Code    18  tasks.o(i.pvTaskIncrementMutexHeldCount)
    pxPortInitialiseStack                    0x0800490d   Thumb Code    32  port.o(i.pxPortInitialiseStack)
    uart_init                                0x08004931   Thumb Code   152  usart.o(i.uart_init)
    uxListRemove                             0x080049d1   Thumb Code    36  list.o(i.uxListRemove)
    uxQueueMessagesWaiting                   0x080049f5   Thumb Code    32  queue.o(i.uxQueueMessagesWaiting)
    vListInitialise                          0x08004a39   Thumb Code    22  list.o(i.vListInitialise)
    vListInitialiseItem                      0x08004a4f   Thumb Code     6  list.o(i.vListInitialiseItem)
    vListInsert                              0x08004a55   Thumb Code    48  list.o(i.vListInsert)
    vListInsertEnd                           0x08004a85   Thumb Code    24  list.o(i.vListInsertEnd)
    vPortEnterCritical                       0x08004a9d   Thumb Code    50  port.o(i.vPortEnterCritical)
    vPortExitCritical                        0x08004b15   Thumb Code    34  port.o(i.vPortExitCritical)
    vPortFree                                0x08004b79   Thumb Code    94  heap_4.o(i.vPortFree)
    vPortSetupTimerInterrupt                 0x08004c15   Thumb Code    26  port.o(i.vPortSetupTimerInterrupt)
    vPortValidateInterruptPriority           0x08004c35   Thumb Code    70  port.o(i.vPortValidateInterruptPriority)
    vQueueAddToRegistry                      0x08004cc1   Thumb Code    32  queue.o(i.vQueueAddToRegistry)
    vQueueWaitForMessageRestricted           0x08004ce5   Thumb Code    68  queue.o(i.vQueueWaitForMessageRestricted)
    vTaskDelay                               0x08004d29   Thumb Code    62  tasks.o(i.vTaskDelay)
    vTaskMissedYield                         0x08004d95   Thumb Code     8  tasks.o(i.vTaskMissedYield)
    vTaskPlaceOnEventList                    0x08004da1   Thumb Code    44  tasks.o(i.vTaskPlaceOnEventList)
    vTaskPlaceOnEventListRestricted          0x08004df5   Thumb Code    52  tasks.o(i.vTaskPlaceOnEventListRestricted)
    vTaskPriorityInherit                     0x08004e51   Thumb Code   124  tasks.o(i.vTaskPriorityInherit)
    vTaskResume                              0x08004ed5   Thumb Code   112  tasks.o(i.vTaskResume)
    vTaskSetTimeOutState                     0x08004f75   Thumb Code    30  tasks.o(i.vTaskSetTimeOutState)
    vTaskStartScheduler                      0x08004fbd   Thumb Code    96  tasks.o(i.vTaskStartScheduler)
    vTaskSuspend                             0x08005051   Thumb Code   154  tasks.o(i.vTaskSuspend)
    vTaskSuspendAll                          0x08005121   Thumb Code    10  tasks.o(i.vTaskSuspendAll)
    vTaskSwitchContext                       0x08005131   Thumb Code    80  tasks.o(i.vTaskSwitchContext)
    xPortStartScheduler                      0x080051ad   Thumb Code   108  port.o(i.xPortStartScheduler)
    xPortSysTickHandler                      0x08005225   Thumb Code    38  port.o(i.xPortSysTickHandler)
    xQueueGenericCreate                      0x08005251   Thumb Code    82  queue.o(i.xQueueGenericCreate)
    xQueueGenericReceive                     0x080052c9   Thumb Code   348  queue.o(i.xQueueGenericReceive)
    xQueueGenericReset                       0x0800544d   Thumb Code   128  queue.o(i.xQueueGenericReset)
    xQueueGenericSend                        0x080054f5   Thumb Code   350  queue.o(i.xQueueGenericSend)
    xQueueGenericSendFromISR                 0x0800567d   Thumb Code   188  queue.o(i.xQueueGenericSendFromISR)
    xTaskCheckForTimeOut                     0x0800575d   Thumb Code    94  tasks.o(i.xTaskCheckForTimeOut)
    xTaskCreate                              0x080057e5   Thumb Code    86  tasks.o(i.xTaskCreate)
    xTaskGetSchedulerState                   0x0800583d   Thumb Code    22  tasks.o(i.xTaskGetSchedulerState)
    xTaskGetTickCount                        0x08005859   Thumb Code     6  tasks.o(i.xTaskGetTickCount)
    xTaskIncrementTick                       0x08005865   Thumb Code   188  tasks.o(i.xTaskIncrementTick)
    xTaskPriorityDisinherit                  0x0800594d   Thumb Code   136  tasks.o(i.xTaskPriorityDisinherit)
    xTaskRemoveFromEventList                 0x08005a01   Thumb Code   102  tasks.o(i.xTaskRemoveFromEventList)
    xTaskResumeAll                           0x08005a99   Thumb Code   180  tasks.o(i.xTaskResumeAll)
    xTimerCreate                             0x08005b7d   Thumb Code    74  timers.o(i.xTimerCreate)
    xTimerCreateTimerTask                    0x08005bf1   Thumb Code    58  timers.o(i.xTimerCreateTimerTask)
    xTimerGenericCommand                     0x08005c65   Thumb Code    98  timers.o(i.xTimerGenericCommand)
    __aeabi_d2uiz                            0x08005cf5   Thumb Code     0  dfixu.o(x$fpl$dfixu)
    _dfixu                                   0x08005cf5   Thumb Code    90  dfixu.o(x$fpl$dfixu)
    __aeabi_ui2d                             0x08005d4f   Thumb Code     0  dflt_clz.o(x$fpl$dfltu)
    _dfltu                                   0x08005d4f   Thumb Code    38  dflt_clz.o(x$fpl$dfltu)
    __aeabi_dmul                             0x08005d75   Thumb Code     0  dmul.o(x$fpl$dmul)
    _dmul                                    0x08005d75   Thumb Code   332  dmul.o(x$fpl$dmul)
    __fpl_dnaninf                            0x08005ec9   Thumb Code   156  dnaninf.o(x$fpl$dnaninf)
    __fpl_dretinf                            0x08005f65   Thumb Code    12  dretinf.o(x$fpl$dretinf)
    __I$use$fp                               0x08005f70   Number         0  usenofp.o(x$fpl$usenofp)
    asc2_1206                                0x08005f70   Data        1140  lcd.o(.constdata)
    asc2_1608                                0x080063e4   Data        1520  lcd.o(.constdata)
    asc2_2412                                0x080069d4   Data        3420  lcd.o(.constdata)
    Region$$Table$$Base                      0x08007758   Number         0  anon$$obj.o(Region$$Table)
    Region$$Table$$Limit                     0x08007778   Number         0  anon$$obj.o(Region$$Table)
    current_time                             0x20000000   Data           4  main.o(.data)
    scheduling_id                            0x20000004   Data           4  main.o(.data)
    current_task_count                       0x20000008   Data           4  main.o(.data)
    task_Queue                               0x2000000c   Data           4  main.o(.data)
    Preemptive_Priority_Scheduler_Handle     0x20000010   Data           4  main.o(.data)
    EDF_Scheduler_Handle                     0x20000014   Data           4  main.o(.data)
    Weighted_Round_Robin_Scheduler_Handle    0x20000018   Data           4  main.o(.data)
    SystemCoreClock                          0x2000001c   Data           4  system_stm32f10x.o(.data)
    AHBPrescTable                            0x20000020   Data          16  system_stm32f10x.o(.data)
    POINT_COLOR                              0x20000030   Data           2  lcd.o(.data)
    BACK_COLOR                               0x20000032   Data           2  lcd.o(.data)
    USART_RX_STA                             0x20000038   Data           2  usart.o(.data)
    __stdout                                 0x2000003c   Data           4  usart.o(.data)
    pxCurrentTCB                             0x20000054   Data           4  tasks.o(.data)
    tasks                                    0x200000c8   Data         280  main.o(.bss)
    arrived_tasks                            0x200001e0   Data          40  main.o(.bss)
    lcddev                                   0x20000208   Data          14  lcd.o(.bss)
    USART_RX_BUF                             0x20000216   Data         200  usart.o(.bss)
    xQueueRegistry                           0x200002e0   Data          64  queue.o(.bss)
    __libspace_start                         0x2000562c   Data          96  libspace.o(.bss)
    __temporary_stack_top$libspace           0x2000568c   Data           0  libspace.o(.bss)



==============================================================================

Memory Map of the image

  Image Entry point : 0x08000281

  Load Region LR_1 (Base: 0x08000000, Size: 0x00007840, Max: 0xffffffff, ABSOLUTE)

    Execution Region ER_RO (Base: 0x08000000, Size: 0x00007778, Max: 0xffffffff, ABSOLUTE)

    Base Addr    Size         Type   Attr      Idx    E Section Name        Object

    0x08000000   0x00000130   Data   RO          721    RESET               startup_stm32f10x_hd.o
    0x08000130   0x00000008   Code   RO         2970  * !!!main             c_w.l(__main.o)
    0x08000138   0x00000034   Code   RO         3164    !!!scatter          c_w.l(__scatter.o)
    0x0800016c   0x0000001a   Code   RO         3166    !!handler_copy      c_w.l(__scatter_copy.o)
    0x08000186   0x00000002   PAD
    0x08000188   0x0000001c   Code   RO         3168    !!handler_zi        c_w.l(__scatter_zi.o)
    0x080001a4   0x00000000   Code   RO         2959    .ARM.Collect$$_printf_percent$$00000000  c_w.l(_printf_percent.o)
    0x080001a4   0x00000006   Code   RO         2957    .ARM.Collect$$_printf_percent$$00000009  c_w.l(_printf_d.o)
    0x080001aa   0x00000006   Code   RO         2958    .ARM.Collect$$_printf_percent$$0000000A  c_w.l(_printf_u.o)
    0x080001b0   0x00000006   Code   RO         2956    .ARM.Collect$$_printf_percent$$0000000C  c_w.l(_printf_x.o)
    0x080001b6   0x00000006   Code   RO         2955    .ARM.Collect$$_printf_percent$$00000014  c_w.l(_printf_s.o)
    0x080001bc   0x00000004   Code   RO         2997    .ARM.Collect$$_printf_percent$$00000017  c_w.l(_printf_percent_end.o)
    0x080001c0   0x00000002   Code   RO         3039    .ARM.Collect$$libinit$$00000000  c_w.l(libinit.o)
    0x080001c2   0x00000000   Code   RO         3046    .ARM.Collect$$libinit$$00000002  c_w.l(libinit2.o)
    0x080001c2   0x00000000   Code   RO         3048    .ARM.Collect$$libinit$$00000004  c_w.l(libinit2.o)
    0x080001c2   0x00000000   Code   RO         3051    .ARM.Collect$$libinit$$0000000A  c_w.l(libinit2.o)
    0x080001c2   0x00000000   Code   RO         3053    .ARM.Collect$$libinit$$0000000C  c_w.l(libinit2.o)
    0x080001c2   0x00000000   Code   RO         3055    .ARM.Collect$$libinit$$0000000E  c_w.l(libinit2.o)
    0x080001c2   0x00000000   Code   RO         3058    .ARM.Collect$$libinit$$00000011  c_w.l(libinit2.o)
    0x080001c2   0x00000000   Code   RO         3060    .ARM.Collect$$libinit$$00000013  c_w.l(libinit2.o)
    0x080001c2   0x00000000   Code   RO         3062    .ARM.Collect$$libinit$$00000015  c_w.l(libinit2.o)
    0x080001c2   0x00000000   Code   RO         3064    .ARM.Collect$$libinit$$00000017  c_w.l(libinit2.o)
    0x080001c2   0x00000000   Code   RO         3066    .ARM.Collect$$libinit$$00000019  c_w.l(libinit2.o)
    0x080001c2   0x00000000   Code   RO         3068    .ARM.Collect$$libinit$$0000001B  c_w.l(libinit2.o)
    0x080001c2   0x00000000   Code   RO         3070    .ARM.Collect$$libinit$$0000001D  c_w.l(libinit2.o)
    0x080001c2   0x00000000   Code   RO         3072    .ARM.Collect$$libinit$$0000001F  c_w.l(libinit2.o)
    0x080001c2   0x00000000   Code   RO         3074    .ARM.Collect$$libinit$$00000021  c_w.l(libinit2.o)
    0x080001c2   0x00000000   Code   RO         3076    .ARM.Collect$$libinit$$00000023  c_w.l(libinit2.o)
    0x080001c2   0x00000000   Code   RO         3078    .ARM.Collect$$libinit$$00000025  c_w.l(libinit2.o)
    0x080001c2   0x00000000   Code   RO         3082    .ARM.Collect$$libinit$$0000002C  c_w.l(libinit2.o)
    0x080001c2   0x00000000   Code   RO         3084    .ARM.Collect$$libinit$$0000002E  c_w.l(libinit2.o)
    0x080001c2   0x00000000   Code   RO         3086    .ARM.Collect$$libinit$$00000030  c_w.l(libinit2.o)
    0x080001c2   0x00000000   Code   RO         3088    .ARM.Collect$$libinit$$00000032  c_w.l(libinit2.o)
    0x080001c2   0x00000002   Code   RO         3089    .ARM.Collect$$libinit$$00000033  c_w.l(libinit2.o)
    0x080001c4   0x00000002   Code   RO         3107    .ARM.Collect$$libshutdown$$00000000  c_w.l(libshutdown.o)
    0x080001c6   0x00000000   Code   RO         3118    .ARM.Collect$$libshutdown$$00000003  c_w.l(libshutdown2.o)
    0x080001c6   0x00000000   Code   RO         3121    .ARM.Collect$$libshutdown$$00000006  c_w.l(libshutdown2.o)
    0x080001c6   0x00000000   Code   RO         3124    .ARM.Collect$$libshutdown$$00000009  c_w.l(libshutdown2.o)
    0x080001c6   0x00000000   Code   RO         3126    .ARM.Collect$$libshutdown$$0000000B  c_w.l(libshutdown2.o)
    0x080001c6   0x00000000   Code   RO         3129    .ARM.Collect$$libshutdown$$0000000E  c_w.l(libshutdown2.o)
    0x080001c6   0x00000002   Code   RO         3130    .ARM.Collect$$libshutdown$$0000000F  c_w.l(libshutdown2.o)
    0x080001c8   0x00000000   Code   RO         2986    .ARM.Collect$$rtentry$$00000000  c_w.l(__rtentry.o)
    0x080001c8   0x00000000   Code   RO         3008    .ARM.Collect$$rtentry$$00000002  c_w.l(__rtentry2.o)
    0x080001c8   0x00000006   Code   RO         3020    .ARM.Collect$$rtentry$$00000004  c_w.l(__rtentry4.o)
    0x080001ce   0x00000000   Code   RO         3010    .ARM.Collect$$rtentry$$00000009  c_w.l(__rtentry2.o)
    0x080001ce   0x00000004   Code   RO         3011    .ARM.Collect$$rtentry$$0000000A  c_w.l(__rtentry2.o)
    0x080001d2   0x00000000   Code   RO         3013    .ARM.Collect$$rtentry$$0000000C  c_w.l(__rtentry2.o)
    0x080001d2   0x00000008   Code   RO         3014    .ARM.Collect$$rtentry$$0000000D  c_w.l(__rtentry2.o)
    0x080001da   0x00000002   Code   RO         3043    .ARM.Collect$$rtexit$$00000000  c_w.l(rtexit.o)
    0x080001dc   0x00000000   Code   RO         3091    .ARM.Collect$$rtexit$$00000002  c_w.l(rtexit2.o)
    0x080001dc   0x00000004   Code   RO         3092    .ARM.Collect$$rtexit$$00000003  c_w.l(rtexit2.o)
    0x080001e0   0x00000006   Code   RO         3093    .ARM.Collect$$rtexit$$00000004  c_w.l(rtexit2.o)
    0x080001e6   0x00000002   PAD
    0x080001e8   0x00000096   Code   RO         2818    .emb_text           port.o
    0x0800027e   0x00000002   PAD
    0x08000280   0x00000040   Code   RO          722  * .text               startup_stm32f10x_hd.o
    0x080002c0   0x00000002   Code   RO         2897    .text               c_w.l(use_no_semi_2.o)
    0x080002c2   0x00000002   PAD
    0x080002c4   0x00000018   Code   RO         2903    .text               c_w.l(noretval__2printf.o)
    0x080002dc   0x00000028   Code   RO         2905    .text               c_w.l(noretval__2sprintf.o)
    0x08000304   0x00000068   Code   RO         2907    .text               c_w.l(__printf.o)
    0x0800036c   0x00000052   Code   RO         2909    .text               c_w.l(_printf_str.o)
    0x080003be   0x00000002   PAD
    0x080003c0   0x00000078   Code   RO         2911    .text               c_w.l(_printf_dec.o)
    0x08000438   0x00000058   Code   RO         2916    .text               c_w.l(_printf_hex_int.o)
    0x08000490   0x0000008a   Code   RO         2964    .text               c_w.l(rt_memcpy_v6.o)
    0x0800051a   0x00000010   Code   RO         2966    .text               c_w.l(aeabi_memset.o)
    0x0800052a   0x00000006   Code   RO         2968    .text               c_w.l(heapauxi.o)
    0x08000530   0x00000002   Code   RO         2984    .text               c_w.l(use_no_semi.o)
    0x08000532   0x000000b2   Code   RO         2987    .text               c_w.l(_printf_intcommon.o)
    0x080005e4   0x00000030   Code   RO         2989    .text               c_w.l(_printf_char_common.o)
    0x08000614   0x0000000a   Code   RO         2991    .text               c_w.l(_sputc.o)
    0x0800061e   0x0000002c   Code   RO         2993    .text               c_w.l(_printf_char.o)
    0x0800064a   0x00000002   PAD
    0x0800064c   0x00000024   Code   RO         2995    .text               c_w.l(_printf_char_file.o)
    0x08000670   0x00000064   Code   RO         2998    .text               c_w.l(rt_memcpy_w.o)
    0x080006d4   0x00000044   Code   RO         3000    .text               c_w.l(rt_memclr.o)
    0x08000718   0x00000008   Code   RO         3024    .text               c_w.l(ferror.o)
    0x08000720   0x0000004e   Code   RO         3028    .text               c_w.l(rt_memclr_w.o)
    0x0800076e   0x0000004a   Code   RO         3030    .text               c_w.l(sys_stackheap_outer.o)
    0x080007b8   0x0000000c   Code   RO         3032    .text               c_w.l(exit.o)
    0x080007c4   0x00000008   Code   RO         3040    .text               c_w.l(libspace.o)
    0x080007cc   0x00000002   Code   RO          238    i.BusFault_Handler  stm32f10x_it.o
    0x080007ce   0x00000002   Code   RO          239    i.DebugMon_Handler  stm32f10x_it.o
    0x080007d0   0x000001c0   Code   RO            1    i.EDF_Scheduler     main.o
    0x08000990   0x00000020   Code   RO         1824    i.FSMC_NORSRAMCmd   stm32f10x_fsmc.o
    0x080009b0   0x000000c8   Code   RO         1826    i.FSMC_NORSRAMInit  stm32f10x_fsmc.o
    0x08000a78   0x0000009c   Code   RO          768    i.GPIO_Init         stm32f10x_gpio.o
    0x08000b14   0x00000004   Code   RO          776    i.GPIO_SetBits      stm32f10x_gpio.o
    0x08000b18   0x00000044   Code   RO            2    i.Get_Earliest_Deadline_Task  main.o
    0x08000b5c   0x00000002   Code   RO          240    i.HardFault_Handler  stm32f10x_it.o
    0x08000b5e   0x00000002   PAD
    0x08000b60   0x00000050   Code   RO            3    i.Initialize_EDF_Tasks  main.o
    0x08000bb0   0x00000054   Code   RO            5    i.Initialize_Round_Robin_Tasks  main.o
    0x08000c04   0x00000054   Code   RO            6    i.Initialize_Weight_Round_Robin_Tasks  main.o
    0x08000c58   0x00000030   Code   RO          381    i.LCD_Clear         lcd.o
    0x08000c88   0x000000b8   Code   RO          385    i.LCD_Display_Dir   lcd.o
    0x08000d40   0x00000096   Code   RO          386    i.LCD_DrawLine      lcd.o
    0x08000dd6   0x00000002   PAD
    0x08000dd8   0x0000001c   Code   RO          387    i.LCD_DrawPoint     lcd.o
    0x08000df4   0x00000038   Code   RO          388    i.LCD_DrawRectangle  lcd.o
    0x08000e2c   0x000000ac   Code   RO          390    i.LCD_Fast_DrawPoint  lcd.o
    0x08000ed8   0x00000048   Code   RO          391    i.LCD_Fill          lcd.o
    0x08000f20   0x00001e3c   Code   RO          392    i.LCD_Init          lcd.o
    0x08002d5c   0x00000010   Code   RO          393    i.LCD_Pow           lcd.o
    0x08002d6c   0x00000014   Code   RO          394    i.LCD_RD_DATA       lcd.o
    0x08002d80   0x0000003c   Code   RO          397    i.LCD_SSD_BackLightSet  lcd.o
    0x08002dbc   0x00000144   Code   RO          398    i.LCD_Scan_Dir      lcd.o
    0x08002f00   0x000000b4   Code   RO          399    i.LCD_SetCursor     lcd.o
    0x08002fb4   0x000000cc   Code   RO          401    i.LCD_ShowChar      lcd.o
    0x08003080   0x00000054   Code   RO          403    i.LCD_ShowString    lcd.o
    0x080030d4   0x00000086   Code   RO          404    i.LCD_ShowxNum      lcd.o
    0x0800315a   0x00000002   PAD
    0x0800315c   0x00000014   Code   RO          408    i.LCD_WriteRAM_Prepare  lcd.o
    0x08003170   0x00000010   Code   RO          409    i.LCD_WriteReg      lcd.o
    0x08003180   0x00000050   Code   RO          338    i.LED_Init          led.o
    0x080031d0   0x00000002   Code   RO          241    i.MemManage_Handler  stm32f10x_it.o
    0x080031d2   0x00000002   Code   RO          242    i.NMI_Handler       stm32f10x_it.o
    0x080031d4   0x00000064   Code   RO          726    i.NVIC_Init         misc.o
    0x08003238   0x00000014   Code   RO          727    i.NVIC_PriorityGroupConfig  misc.o
    0x0800324c   0x00000002   Code   RO            7    i.Preemptive_Priority_Scheduler  main.o
    0x0800324e   0x00000002   PAD
    0x08003250   0x00000018   Code   RO          901    i.RCC_AHBPeriphClockCmd  stm32f10x_rcc.o
    0x08003268   0x00000018   Code   RO          904    i.RCC_APB2PeriphClockCmd  stm32f10x_rcc.o
    0x08003280   0x00000094   Code   RO          912    i.RCC_GetClocksFreq  stm32f10x_rcc.o
    0x08003314   0x000000a8   Code   RO          309    i.SetSysClockTo72   system_stm32f10x.o
    0x080033bc   0x00000018   Code   RO          730    i.SysTick_CLKSourceConfig  misc.o
    0x080033d4   0x00000014   Code   RO          584    i.SysTick_Handler   delay.o
    0x080033e8   0x00000050   Code   RO          311    i.SystemInit        system_stm32f10x.o
    0x08003438   0x00000164   Code   RO            9    i.TASK_1            main.o
    0x0800359c   0x00000170   Code   RO           10    i.TASK_2            main.o
    0x0800370c   0x00000170   Code   RO           11    i.TASK_3            main.o
    0x0800387c   0x0000003c   Code   RO          350    i.TIM3_IRQHandler   timer.o
    0x080038b8   0x0000003c   Code   RO          352    i.TIM5_IRQHandler   timer.o
    0x080038f4   0x00000006   Code   RO         1289    i.TIM_ClearITPendingBit  stm32f10x_tim.o
    0x080038fa   0x00000018   Code   RO         1315    i.TIM_GetITStatus   stm32f10x_tim.o
    0x08003912   0x00000002   PAD
    0x08003914   0x00000064   Code   RO          661    i.USART1_IRQHandler  usart.o
    0x08003978   0x00000014   Code   RO         1104    i.USART_Cmd         stm32f10x_usart.o
    0x0800398c   0x0000003e   Code   RO         1108    i.USART_GetITStatus  stm32f10x_usart.o
    0x080039ca   0x00000030   Code   RO         1110    i.USART_ITConfig    stm32f10x_usart.o
    0x080039fa   0x00000002   PAD
    0x080039fc   0x000000ac   Code   RO         1111    i.USART_Init        stm32f10x_usart.o
    0x08003aa8   0x00000008   Code   RO         1118    i.USART_ReceiveData  stm32f10x_usart.o
    0x08003ab0   0x00000002   Code   RO          243    i.UsageFault_Handler  stm32f10x_it.o
    0x08003ab2   0x00000002   PAD
    0x08003ab4   0x000001d4   Code   RO           12    i.Weighted_Round_Robin_Scheduler  main.o
    0x08003c88   0x00000002   Code   RO          662    i._sys_exit         usart.o
    0x08003c8a   0x00000002   PAD
    0x08003c8c   0x00000048   Code   RO          585    i.delay_init        delay.o
    0x08003cd4   0x00000038   Code   RO          586    i.delay_ms          delay.o
    0x08003d0c   0x00000034   Code   RO          587    i.delay_us          delay.o
    0x08003d40   0x00000018   Code   RO          663    i.fputc             usart.o
    0x08003d58   0x000001d0   Code   RO           13    i.main              main.o
    0x08003f28   0x00000070   Code   RO         2304    i.prvAddCurrentTaskToDelayedList  tasks.o
    0x08003f98   0x000000d0   Code   RO         2305    i.prvAddNewTaskToReadyList  tasks.o
    0x08004068   0x00000050   Code   RO         2649    i.prvCheckForValidListAndQueue  timers.o
    0x080040b8   0x00000054   Code   RO         2306    i.prvCheckTasksWaitingTermination  tasks.o
    0x0800410c   0x00000026   Code   RO         2086    i.prvCopyDataFromQueue  queue.o
    0x08004132   0x0000006c   Code   RO         2087    i.prvCopyDataToQueue  queue.o
    0x0800419e   0x00000014   Code   RO         2307    i.prvDeleteTCB      tasks.o
    0x080041b2   0x00000002   PAD
    0x080041b4   0x0000004c   Code   RO         2769    i.prvHeapInit       heap_4.o
    0x08004200   0x00000028   Code   RO         2308    i.prvIdleTask       tasks.o
    0x08004228   0x000000c0   Code   RO         2309    i.prvInitialiseNewTask  tasks.o
    0x080042e8   0x0000004c   Code   RO         2770    i.prvInsertBlockIntoFreeList  heap_4.o
    0x08004334   0x00000038   Code   RO         2650    i.prvInsertTimerInActiveList  timers.o
    0x0800436c   0x0000001a   Code   RO         2088    i.prvIsQueueEmpty   queue.o
    0x08004386   0x00000002   PAD
    0x08004388   0x00000090   Code   RO         2089    i.prvNotifyQueueSetContainer  queue.o
    0x08004418   0x00000060   Code   RO         2651    i.prvProcessExpiredTimer  timers.o
    0x08004478   0x000000f0   Code   RO         2652    i.prvProcessReceivedCommands  timers.o
    0x08004568   0x0000006c   Code   RO         2653    i.prvProcessTimerOrBlockTask  timers.o
    0x080045d4   0x00000020   Code   RO         2311    i.prvResetNextTaskUnblockTime  tasks.o
    0x080045f4   0x00000028   Code   RO         2654    i.prvSampleTimeNow  timers.o
    0x0800461c   0x0000006c   Code   RO         2655    i.prvSwitchTimerLists  timers.o
    0x08004688   0x00000064   Code   RO         2819    i.prvTaskExitError  port.o
    0x080046ec   0x00000054   Code   RO         2312    i.prvTaskIsTaskSuspended  tasks.o
    0x08004740   0x00000028   Code   RO         2656    i.prvTimerTask      timers.o
    0x08004768   0x00000078   Code   RO         2090    i.prvUnlockQueue    queue.o
    0x080047e0   0x00000114   Code   RO         2771    i.pvPortMalloc      heap_4.o
    0x080048f4   0x00000018   Code   RO         2313    i.pvTaskIncrementMutexHeldCount  tasks.o
    0x0800490c   0x00000024   Code   RO         2820    i.pxPortInitialiseStack  port.o
    0x08004930   0x000000a0   Code   RO          664    i.uart_init         usart.o
    0x080049d0   0x00000024   Code   RO         2049    i.uxListRemove      list.o
    0x080049f4   0x00000044   Code   RO         2093    i.uxQueueMessagesWaiting  queue.o
    0x08004a38   0x00000016   Code   RO         2050    i.vListInitialise   list.o
    0x08004a4e   0x00000006   Code   RO         2051    i.vListInitialiseItem  list.o
    0x08004a54   0x00000030   Code   RO         2052    i.vListInsert       list.o
    0x08004a84   0x00000018   Code   RO         2053    i.vListInsertEnd    list.o
    0x08004a9c   0x00000078   Code   RO         2822    i.vPortEnterCritical  port.o
    0x08004b14   0x00000064   Code   RO         2823    i.vPortExitCritical  port.o
    0x08004b78   0x0000009c   Code   RO         2772    i.vPortFree         heap_4.o
    0x08004c14   0x00000020   Code   RO         2824    i.vPortSetupTimerInterrupt  port.o
    0x08004c34   0x0000008c   Code   RO         2825    i.vPortValidateInterruptPriority  port.o
    0x08004cc0   0x00000024   Code   RO         2096    i.vQueueAddToRegistry  queue.o
    0x08004ce4   0x00000044   Code   RO         2100    i.vQueueWaitForMessageRestricted  queue.o
    0x08004d28   0x0000006c   Code   RO         2321    i.vTaskDelay        tasks.o
    0x08004d94   0x0000000c   Code   RO         2327    i.vTaskMissedYield  tasks.o
    0x08004da0   0x00000054   Code   RO         2329    i.vTaskPlaceOnEventList  tasks.o
    0x08004df4   0x0000005c   Code   RO         2330    i.vTaskPlaceOnEventListRestricted  tasks.o
    0x08004e50   0x00000084   Code   RO         2332    i.vTaskPriorityInherit  tasks.o
    0x08004ed4   0x000000a0   Code   RO         2334    i.vTaskResume       tasks.o
    0x08004f74   0x00000048   Code   RO         2336    i.vTaskSetTimeOutState  tasks.o
    0x08004fbc   0x00000094   Code   RO         2337    i.vTaskStartScheduler  tasks.o
    0x08005050   0x000000d0   Code   RO         2338    i.vTaskSuspend      tasks.o
    0x08005120   0x00000010   Code   RO         2339    i.vTaskSuspendAll   tasks.o
    0x08005130   0x0000007c   Code   RO         2340    i.vTaskSwitchContext  tasks.o
    0x080051ac   0x00000078   Code   RO         2826    i.xPortStartScheduler  port.o
    0x08005224   0x0000002c   Code   RO         2827    i.xPortSysTickHandler  port.o
    0x08005250   0x00000078   Code   RO         2105    i.xQueueGenericCreate  queue.o
    0x080052c8   0x00000184   Code   RO         2106    i.xQueueGenericReceive  queue.o
    0x0800544c   0x000000a8   Code   RO         2107    i.xQueueGenericReset  queue.o
    0x080054f4   0x00000188   Code   RO         2108    i.xQueueGenericSend  queue.o
    0x0800567c   0x000000e0   Code   RO         2109    i.xQueueGenericSendFromISR  queue.o
    0x0800575c   0x00000088   Code   RO         2341    i.xTaskCheckForTimeOut  tasks.o
    0x080057e4   0x00000056   Code   RO         2342    i.xTaskCreate       tasks.o
    0x0800583a   0x00000002   PAD
    0x0800583c   0x0000001c   Code   RO         2346    i.xTaskGetSchedulerState  tasks.o
    0x08005858   0x0000000c   Code   RO         2347    i.xTaskGetTickCount  tasks.o
    0x08005864   0x000000e8   Code   RO         2349    i.xTaskIncrementTick  tasks.o
    0x0800594c   0x000000b4   Code   RO         2352    i.xTaskPriorityDisinherit  tasks.o
    0x08005a00   0x00000098   Code   RO         2353    i.xTaskRemoveFromEventList  tasks.o
    0x08005a98   0x000000e4   Code   RO         2355    i.xTaskResumeAll    tasks.o
    0x08005b7c   0x00000074   Code   RO         2659    i.xTimerCreate      timers.o
    0x08005bf0   0x00000074   Code   RO         2660    i.xTimerCreateTimerTask  timers.o
    0x08005c64   0x00000090   Code   RO         2661    i.xTimerGenericCommand  timers.o
    0x08005cf4   0x0000005a   Code   RO         2972    x$fpl$dfixu         fz_ws.l(dfixu.o)
    0x08005d4e   0x00000026   Code   RO         2976    x$fpl$dfltu         fz_ws.l(dflt_clz.o)
    0x08005d74   0x00000154   Code   RO         2982    x$fpl$dmul          fz_ws.l(dmul.o)
    0x08005ec8   0x0000009c   Code   RO         3002    x$fpl$dnaninf       fz_ws.l(dnaninf.o)
    0x08005f64   0x0000000c   Code   RO         3004    x$fpl$dretinf       fz_ws.l(dretinf.o)
    0x08005f70   0x00000000   Code   RO         3006    x$fpl$usenofp       fz_ws.l(usenofp.o)
    0x08005f70   0x000017c0   Data   RO          412    .constdata          lcd.o
    0x08007730   0x00000028   Data   RO         2917    .constdata          c_w.l(_printf_hex_int.o)
    0x08007758   0x00000020   Data   RO         3162    Region$$Table       anon$$obj.o


    Execution Region ER_RW (Base: 0x20000000, Size: 0x000000c8, Max: 0xffffffff, ABSOLUTE)

    Base Addr    Size         Type   Attr      Idx    E Section Name        Object

    0x20000000   0x0000001c   Data   RW           15    .data               main.o
    0x2000001c   0x00000014   Data   RW          312    .data               system_stm32f10x.o
    0x20000030   0x00000004   Data   RW          413    .data               lcd.o
    0x20000034   0x00000004   Data   RW          589    .data               delay.o
    0x20000038   0x00000002   Data   RW          666    .data               usart.o
    0x2000003a   0x00000002   PAD
    0x2000003c   0x00000004   Data   RW          667    .data               usart.o
    0x20000040   0x00000014   Data   RW          932    .data               stm32f10x_rcc.o
    0x20000054   0x0000003c   Data   RW         2358    .data               tasks.o
    0x20000090   0x00000014   Data   RW         2669    .data               timers.o
    0x200000a4   0x00000018   Data   RW         2777    .data               heap_4.o
    0x200000bc   0x0000000c   Data   RW         2828    .data               port.o


    Execution Region ER_ZI (Base: 0x200000c8, Size: 0x00005bc8, Max: 0xffffffff, ABSOLUTE)

    Base Addr    Size         Type   Attr      Idx    E Section Name        Object

    0x200000c8   0x00000140   Zero   RW           14    .bss                main.o
    0x20000208   0x0000000e   Zero   RW          411    .bss                lcd.o
    0x20000216   0x000000c8   Zero   RW          665    .bss                usart.o
    0x200002de   0x00000002   PAD
    0x200002e0   0x00000040   Zero   RW         2120    .bss                queue.o
    0x20000320   0x000002e4   Zero   RW         2357    .bss                tasks.o
    0x20000604   0x00000028   Zero   RW         2668    .bss                timers.o
    0x2000062c   0x00005000   Zero   RW         2776    .bss                heap_4.o
    0x2000562c   0x00000060   Zero   RW         3041    .bss                c_w.l(libspace.o)
    0x2000568c   0x00000004   PAD
    0x20005690   0x00000200   Zero   RW          720    HEAP                startup_stm32f10x_hd.o
    0x20005890   0x00000400   Zero   RW          719    STACK               startup_stm32f10x_hd.o


==============================================================================

Image component sizes


      Code (inc. data)   RO Data    RW Data    ZI Data      Debug   Object Name

       200         20          0          4          0       2265   delay.o
         0          0          0          0          0      10328   event_groups.o
       584        138          0         24      20480       3651   heap_4.o
      9508        164       6080          4         14      51132   lcd.o
        80         10          0          0          0        507   led.o
       136          0          0          0          0       2810   list.o
      2790        854          0         28        320     281244   main.o
       144         16          0          0          0       1949   misc.o
       842        312          0         12          0       9989   port.o
      1900        272          0          0         64      11558   queue.o
        64         26        304          0       1536        804   startup_stm32f10x_hd.o
       232          6          0          0          0       1801   stm32f10x_fsmc.o
       160          0          0          0          0       2259   stm32f10x_gpio.o
        12          0          0          0          0       2461   stm32f10x_it.o
       196         28          0         20          0       4345   stm32f10x_rcc.o
        30          0          0          0          0       2453   stm32f10x_tim.o
       310          6          0          0          0       4598   stm32f10x_usart.o
         0          0          0          0          0         32   sys.o
       248         24          0         20          0       1725   system_stm32f10x.o
      3006        760          0         60        740      28570   tasks.o
       120         52          0          0          0        972   timer.o
      1144        260          0         20         40       8558   timers.o
       286         26          0          6        200       4024   usart.o

    ----------------------------------------------------------------------
     22016       2974       6416        200      23396     438035   Object Totals
         0          0         32          0          0          0   (incl. Generated)
        24          0          0          2          2          0   (incl. Padding)

    ----------------------------------------------------------------------

      Code (inc. data)   RO Data    RW Data    ZI Data      Debug   Library Member Name

         8          0          0          0          0         68   __main.o
       104          0          0          0          0         84   __printf.o
         0          0          0          0          0          0   __rtentry.o
        12          0          0          0          0          0   __rtentry2.o
         6          0          0          0          0          0   __rtentry4.o
        52          8          0          0          0          0   __scatter.o
        26          0          0          0          0          0   __scatter_copy.o
        28          0          0          0          0          0   __scatter_zi.o
        44          0          0          0          0        108   _printf_char.o
        48          6          0          0          0         96   _printf_char_common.o
        36          4          0          0          0         80   _printf_char_file.o
         6          0          0          0          0          0   _printf_d.o
       120         16          0          0          0         92   _printf_dec.o
        88          4         40          0          0         88   _printf_hex_int.o
       178          0          0          0          0         88   _printf_intcommon.o
         0          0          0          0          0          0   _printf_percent.o
         4          0          0          0          0          0   _printf_percent_end.o
         6          0          0          0          0          0   _printf_s.o
        82          0          0          0          0         80   _printf_str.o
         6          0          0          0          0          0   _printf_u.o
         6          0          0          0          0          0   _printf_x.o
        10          0          0          0          0         68   _sputc.o
        16          0          0          0          0         68   aeabi_memset.o
        12          0          0          0          0         72   exit.o
         8          0          0          0          0         68   ferror.o
         6          0          0          0          0        152   heapauxi.o
         2          0          0          0          0          0   libinit.o
         2          0          0          0          0          0   libinit2.o
         2          0          0          0          0          0   libshutdown.o
         2          0          0          0          0          0   libshutdown2.o
         8          4          0          0         96         68   libspace.o
        24          4          0          0          0         84   noretval__2printf.o
        40          6          0          0          0         84   noretval__2sprintf.o
        68          0          0          0          0         68   rt_memclr.o
        78          0          0          0          0         80   rt_memclr_w.o
       138          0          0          0          0         68   rt_memcpy_v6.o
       100          0          0          0          0         80   rt_memcpy_w.o
         2          0          0          0          0          0   rtexit.o
        10          0          0          0          0          0   rtexit2.o
        74          0          0          0          0         80   sys_stackheap_outer.o
         2          0          0          0          0         68   use_no_semi.o
         2          0          0          0          0         68   use_no_semi_2.o
        90          4          0          0          0         92   dfixu.o
        38          0          0          0          0         68   dflt_clz.o
       340         12          0          0          0        104   dmul.o
       156          4          0          0          0         92   dnaninf.o
        12          0          0          0          0         68   dretinf.o
         0          0          0          0          0          0   usenofp.o

    ----------------------------------------------------------------------
      2112         72         40          0        100       2384   Library Totals
        10          0          0          0          4          0   (incl. Padding)

    ----------------------------------------------------------------------

      Code (inc. data)   RO Data    RW Data    ZI Data      Debug   Library Name

      1466         52         40          0         96       1960   c_w.l
       636         20          0          0          0        424   fz_ws.l

    ----------------------------------------------------------------------
      2112         72         40          0        100       2384   Library Totals

    ----------------------------------------------------------------------

==============================================================================


      Code (inc. data)   RO Data    RW Data    ZI Data      Debug   

     24128       3046       6456        200      23496     432407   Grand Totals
     24128       3046       6456        200      23496     432407   ELF Image Totals
     24128       3046       6456        200          0          0   ROM Totals

==============================================================================

    Total RO  Size (Code + RO Data)                30584 (  29.87kB)
    Total RW  Size (RW Data + ZI Data)             23696 (  23.14kB)
    Total ROM Size (Code + RO Data + RW Data)      30784 (  30.06kB)

==============================================================================

