Component: ARM Compiler 5.05 update 1 (build 106) Tool: armlink [4d0efa]

==============================================================================

Section Cross References

    main.o(i.EDF_Scheduler) refers to main.o(i.Get_Earliest_Deadline_Task) for Get_Earliest_Deadline_Task
    main.o(i.EDF_Scheduler) refers to tasks.o(i.vTaskSuspend) for vTaskSuspend
    main.o(i.EDF_Scheduler) refers to noretval__2printf.o(.text) for __2printf
    main.o(i.EDF_Scheduler) refers to lcd.o(i.LCD_ShowString) for LCD_ShowString
    main.o(i.EDF_Scheduler) refers to lcd.o(i.LCD_ShowxNum) for LCD_ShowxNum
    main.o(i.EDF_Scheduler) refers to tasks.o(i.vTaskResume) for vTaskResume
    main.o(i.EDF_Scheduler) refers to tasks.o(i.vTaskDelay) for vTaskDelay
    main.o(i.EDF_Scheduler) refers to main.o(.bss) for .bss
    main.o(i.EDF_Scheduler) refers to main.o(.data) for .data
    main.o(i.Get_Earliest_Deadline_Task) refers to main.o(.bss) for .bss
    main.o(i.Get_Earliest_Deadline_Task) refers to main.o(.data) for .data
    main.o(i.Initialize_softdeadline_Tasks) refers to main.o(.data) for .data
    main.o(i.Initialize_softdeadline_Tasks) refers to main.o(.bss) for .bss
    main.o(i.TASK_1) refers to _printf_percent.o(.ARM.Collect$$_printf_percent$$00000000) for _printf_percent
    main.o(i.TASK_1) refers to _printf_d.o(.ARM.Collect$$_printf_percent$$00000009) for _printf_d
    main.o(i.TASK_1) refers to _printf_dec.o(.text) for _printf_int_dec
    main.o(i.TASK_1) refers to noretval__2printf.o(.text) for __2printf
    main.o(i.TASK_1) refers to queue.o(i.xQueueGenericSend) for xQueueGenericSend
    main.o(i.TASK_1) refers to tasks.o(i.vTaskDelay) for vTaskDelay
    main.o(i.TASK_1) refers to main.o(.bss) for .bss
    main.o(i.TASK_1) refers to main.o(.data) for .data
    main.o(i.TASK_2) refers to _printf_percent.o(.ARM.Collect$$_printf_percent$$00000000) for _printf_percent
    main.o(i.TASK_2) refers to _printf_d.o(.ARM.Collect$$_printf_percent$$00000009) for _printf_d
    main.o(i.TASK_2) refers to _printf_dec.o(.text) for _printf_int_dec
    main.o(i.TASK_2) refers to noretval__2printf.o(.text) for __2printf
    main.o(i.TASK_2) refers to queue.o(i.xQueueGenericSend) for xQueueGenericSend
    main.o(i.TASK_2) refers to tasks.o(i.vTaskDelay) for vTaskDelay
    main.o(i.TASK_2) refers to main.o(.bss) for .bss
    main.o(i.TASK_2) refers to main.o(.data) for .data
    main.o(i.TASK_3) refers to _printf_percent.o(.ARM.Collect$$_printf_percent$$00000000) for _printf_percent
    main.o(i.TASK_3) refers to _printf_d.o(.ARM.Collect$$_printf_percent$$00000009) for _printf_d
    main.o(i.TASK_3) refers to _printf_dec.o(.text) for _printf_int_dec
    main.o(i.TASK_3) refers to noretval__2printf.o(.text) for __2printf
    main.o(i.TASK_3) refers to queue.o(i.xQueueGenericSend) for xQueueGenericSend
    main.o(i.TASK_3) refers to tasks.o(i.vTaskDelay) for vTaskDelay
    main.o(i.TASK_3) refers to main.o(.bss) for .bss
    main.o(i.TASK_3) refers to main.o(.data) for .data
    main.o(i.Weighted_Round_Robin_Scheduler) refers to _printf_percent.o(.ARM.Collect$$_printf_percent$$00000000) for _printf_percent
    main.o(i.Weighted_Round_Robin_Scheduler) refers to _printf_d.o(.ARM.Collect$$_printf_percent$$00000009) for _printf_d
    main.o(i.Weighted_Round_Robin_Scheduler) refers to _printf_dec.o(.text) for _printf_int_dec
    main.o(i.Weighted_Round_Robin_Scheduler) refers to _printf_u.o(.ARM.Collect$$_printf_percent$$0000000A) for _printf_u
    main.o(i.Weighted_Round_Robin_Scheduler) refers to lcd.o(i.LCD_ShowString) for LCD_ShowString
    main.o(i.Weighted_Round_Robin_Scheduler) refers to lcd.o(i.LCD_ShowxNum) for LCD_ShowxNum
    main.o(i.Weighted_Round_Robin_Scheduler) refers to tasks.o(i.vTaskSuspend) for vTaskSuspend
    main.o(i.Weighted_Round_Robin_Scheduler) refers to queue.o(i.xQueueGenericSend) for xQueueGenericSend
    main.o(i.Weighted_Round_Robin_Scheduler) refers to noretval__2printf.o(.text) for __2printf
    main.o(i.Weighted_Round_Robin_Scheduler) refers to queue.o(i.uxQueueMessagesWaiting) for uxQueueMessagesWaiting
    main.o(i.Weighted_Round_Robin_Scheduler) refers to queue.o(i.xQueueGenericReceive) for xQueueGenericReceive
    main.o(i.Weighted_Round_Robin_Scheduler) refers to tasks.o(i.vTaskResume) for vTaskResume
    main.o(i.Weighted_Round_Robin_Scheduler) refers to tasks.o(i.vTaskDelay) for vTaskDelay
    main.o(i.Weighted_Round_Robin_Scheduler) refers to main.o(.bss) for .bss
    main.o(i.Weighted_Round_Robin_Scheduler) refers to main.o(.data) for .data
    main.o(i.main) refers to misc.o(i.NVIC_PriorityGroupConfig) for NVIC_PriorityGroupConfig
    main.o(i.main) refers to delay.o(i.delay_init) for delay_init
    main.o(i.main) refers to usart.o(i.uart_init) for uart_init
    main.o(i.main) refers to led.o(i.LED_Init) for LED_Init
    main.o(i.main) refers to lcd.o(i.LCD_Init) for LCD_Init
    main.o(i.main) refers to lcd.o(i.LCD_ShowString) for LCD_ShowString
[...]
    .ARM.Collect$$libinit$$00000011          0x080001c2   Section        0  libinit2.o(.ARM.Collect$$libinit$$00000011)
    .ARM.Collect$$libinit$$00000013          0x080001c2   Section        0  libinit2.o(.ARM.Collect$$libinit$$00000013)
    .ARM.Collect$$libinit$$00000015          0x080001c2   Section        0  libinit2.o(.ARM.Collect$$libinit$$00000015)
    .ARM.Collect$$libinit$$00000017          0x080001c2   Section        0  libinit2.o(.ARM.Collect$$libinit$$00000017)
    .ARM.Collect$$libinit$$00000019          0x080001c2   Section        0  libinit2.o(.ARM.Collect$$libinit$$00000019)
    .ARM.Collect$$libinit$$0000001B          0x080001c2   Section        0  libinit2.o(.ARM.Collect$$libinit$$0000001B)
    .ARM.Collect$$libinit$$0000001D          0x080001c2   Section        0  libinit2.o(.ARM.Collect$$libinit$$0000001D)
    .ARM.Collect$$libinit$$0000001F          0x080001c2   Section        0  libinit2.o(.ARM.Collect$$libinit$$0000001F)
    .ARM.Collect$$libinit$$00000021          0x080001c2   Section        0  libinit2.o(.ARM.Collect$$libinit$$00000021)
    .ARM.Collect$$libinit$$00000023          0x080001c2   Section        0  libinit2.o(.ARM.Collect$$libinit$$00000023)
    .ARM.Collect$$libinit$$00000025          0x080001c2   Section        0  libinit2.o(.ARM.Collect$$libinit$$00000025)
    .ARM.Collect$$libinit$$0000002C          0x080001c2   Section        0  libinit2.o(.ARM.Collect$$libinit$$0000002C)
    .ARM.Collect$$libinit$$0000002E          0x080001c2   Section        0  libinit2.o(.ARM.Collect$$libinit$$0000002E)
    .ARM.Collect$$libinit$$00000030          0x080001c2   Section        0  libinit2.o(.ARM.Collect$$libinit$$00000030)
    .ARM.Collect$$libinit$$00000032          0x080001c2   Section        0  libinit2.o(.ARM.Collect$$libinit$$00000032)
    .ARM.Collect$$libinit$$00000033          0x080001c2   Section        2  libinit2.o(.ARM.Collect$$libinit$$00000033)
    .ARM.Collect$$libshutdown$$00000000      0x080001c4   Section        2  libshutdown.o(.ARM.Collect$$libshutdown$$00000000)
    .ARM.Collect$$libshutdown$$00000003      0x080001c6   Section        0  libshutdown2.o(.ARM.Collect$$libshutdown$$00000003)
    .ARM.Collect$$libshutdown$$00000006      0x080001c6   Section        0  libshutdown2.o(.ARM.Collect$$libshutdown$$00000006)
    .ARM.Collect$$libshutdown$$00000009      0x080001c6   Section        0  libshutdown2.o(.ARM.Collect$$libshutdown$$00000009)
    .ARM.Collect$$libshutdown$$0000000B      0x080001c6   Section        0  libshutdown2.o(.ARM.Collect$$libshutdown$$0000000B)
    .ARM.Collect$$libshutdown$$0000000E      0x080001c6   Section        0  libshutdown2.o(.ARM.Collect$$libshutdown$$0000000E)
    .ARM.Collect$$libshutdown$$0000000F      0x080001c6   Section        2  libshutdown2.o(.ARM.Collect$$libshutdown$$0000000F)
    .ARM.Collect$$rtentry$$00000000          0x080001c8   Section        0  __rtentry.o(.ARM.Collect$$rtentry$$00000000)
    .ARM.Collect$$rtentry$$00000002          0x080001c8   Section        0  __rtentry2.o(.ARM.Collect$$rtentry$$00000002)
    .ARM.Collect$$rtentry$$00000004          0x080001c8   Section        6  __rtentry4.o(.ARM.Collect$$rtentry$$00000004)
    .ARM.Collect$$rtentry$$00000009          0x080001ce   Section        0  __rtentry2.o(.ARM.Collect$$rtentry$$00000009)
    .ARM.Collect$$rtentry$$0000000A          0x080001ce   Section        4  __rtentry2.o(.ARM.Collect$$rtentry$$0000000A)
    .ARM.Collect$$rtentry$$0000000C          0x080001d2   Section        0  __rtentry2.o(.ARM.Collect$$rtentry$$0000000C)
    .ARM.Collect$$rtentry$$0000000D          0x080001d2   Section        8  __rtentry2.o(.ARM.Collect$$rtentry$$0000000D)
    .ARM.Collect$$rtexit$$00000000           0x080001da   Section        2  rtexit.o(.ARM.Collect$$rtexit$$00000000)
    .ARM.Collect$$rtexit$$00000002           0x080001dc   Section        0  rtexit2.o(.ARM.Collect$$rtexit$$00000002)
    .ARM.Collect$$rtexit$$00000003           0x080001dc   Section        4  rtexit2.o(.ARM.Collect$$rtexit$$00000003)
    .ARM.Collect$$rtexit$$00000004           0x080001e0   Section        6  rtexit2.o(.ARM.Collect$$rtexit$$00000004)
    .emb_text                                0x080001e8   Section      150  port.o(.emb_text)
    .text                                    0x08000280   Section       64  startup_stm32f10x_hd.o(.text)
    .text                                    0x080002c0   Section        2  use_no_semi_2.o(.text)
    .text                                    0x080002c4   Section        0  noretval__2printf.o(.text)
    .text                                    0x080002dc   Section        0  __printf.o(.text)
    .text                                    0x08000344   Section        0  _printf_str.o(.text)
    .text                                    0x08000398   Section        0  _printf_dec.o(.text)
    .text                                    0x08000410   Section        0  _printf_hex_int.o(.text)
    .text                                    0x08000468   Section      138  rt_memcpy_v6.o(.text)
    .text                                    0x080004f2   Section       16  aeabi_memset.o(.text)
    .text                                    0x08000502   Section        0  heapauxi.o(.text)
    .text                                    0x08000508   Section        2  use_no_semi.o(.text)
    .text                                    0x0800050a   Section        0  _printf_intcommon.o(.text)
    .text                                    0x080005bc   Section        0  _printf_char_common.o(.text)
    _printf_input_char                       0x080005bd   Thumb Code    10  _printf_char_common.o(.text)
    .text                                    0x080005ec   Section        0  _printf_char.o(.text)
    .text                                    0x08000618   Section        0  _printf_char_file.o(.text)
    .text                                    0x0800063c   Section      100  rt_memcpy_w.o(.text)
    .text                                    0x080006a0   Section       68  rt_memclr.o(.text)
    .text                                    0x080006e4   Section        0  ferror.o(.text)
    .text                                    0x080006ec   Section       78  rt_memclr_w.o(.text)
    .text                                    0x0800073a   Section       74  sys_stackheap_outer.o(.text)
    .text                                    0x08000784   Section        0  exit.o(.text)
    .text                                    0x08000790   Section        8  libspace.o(.text)
    i.BusFault_Handler                       0x08000798   Section        0  stm32f10x_it.o(i.BusFault_Handler)
    i.DebugMon_Handler                       0x0800079a   Section        0  stm32f10x_it.o(i.DebugMon_Handler)
    i.EDF_Scheduler                          0x0800079c   Section        0  main.o(i.EDF_Scheduler)
    i.FSMC_NORSRAMCmd                        0x080008b0   Section        0  stm32f10x_fsmc.o(i.FSMC_NORSRAMCmd)
    i.FSMC_NORSRAMInit                       0x080008d0   Section        0  stm32f10x_fsmc.o(i.FSMC_NORSRAMInit)
    i.GPIO_Init                              0x08000998   Section        0  stm32f10x_gpio.o(i.GPIO_Init)
    i.GPIO_SetBits                           0x08000a34   Section        0  stm32f10x_gpio.o(i.GPIO_SetBits)
    i.Get_Earliest_Deadline_Task             0x08000a38   Section        0  main.o(i.Get_Earliest_Deadline_Task)
    i.HardFault_Handler                      0x08000a78   Section        0  stm32f10x_it.o(i.HardFault_Handler)
    i.Initialize_softdeadline_Tasks          0x08000a7c   Section        0  main.o(i.Initialize_softdeadline_Tasks)
    i.LCD_Clear                              0x08000ae8   Section        0  lcd.o(i.LCD_Clear)
    i.LCD_Display_Dir                        0x08000b18   Section        0  lcd.o(i.LCD_Display_Dir)
    i.LCD_Fast_DrawPoint                     0x08000bd0   Section        0  lcd.o(i.LCD_Fast_DrawPoint)
    i.LCD_Init                               0x08000c7c   Section        0  lcd.o(i.LCD_Init)
    i.LCD_Pow                                0x08002ab8   Section        0  lcd.o(i.LCD_Pow)
    i.LCD_RD_DATA                            0x08002ac8   Section        0  lcd.o(i.LCD_RD_DATA)
    i.LCD_SSD_BackLightSet                   0x08002adc   Section        0  lcd.o(i.LCD_SSD_BackLightSet)
    i.LCD_Scan_Dir                           0x08002b18   Section        0  lcd.o(i.LCD_Scan_Dir)
    i.LCD_SetCursor                          0x08002c5c   Section        0  lcd.o(i.LCD_SetCursor)
    i.LCD_ShowChar                           0x08002d10   Section        0  lcd.o(i.LCD_ShowChar)
    i.LCD_ShowString                         0x08002ddc   Section        0  lcd.o(i.LCD_ShowString)
    i.LCD_ShowxNum                           0x08002e30   Section        0  lcd.o(i.LCD_ShowxNum)
    i.LCD_WriteRAM_Prepare                   0x08002eb8   Section        0  lcd.o(i.LCD_WriteRAM_Prepare)
    i.LCD_WriteReg                           0x08002ecc   Section        0  lcd.o(i.LCD_WriteReg)
    i.LED_Init                               0x08002edc   Section        0  led.o(i.LED_Init)
    i.MemManage_Handler                      0x08002f2c   Section        0  stm32f10x_it.o(i.MemManage_Handler)
    i.NMI_Handler                            0x08002f2e   Section        0  stm32f10x_it.o(i.NMI_Handler)
    i.NVIC_Init                              0x08002f30   Section        0  misc.o(i.NVIC_Init)
    i.NVIC_PriorityGroupConfig               0x08002f94   Section        0  misc.o(i.NVIC_PriorityGroupConfig)
    i.Preemptive_Priority_Scheduler          0x08002fa8   Section        0  main.o(i.Preemptive_Priority_Scheduler)
    i.RCC_AHBPeriphClockCmd                  0x08002fac   Section        0  stm32f10x_rcc.o(i.RCC_AHBPeriphClockCmd)
    i.RCC_APB2PeriphClockCmd                 0x08002fc4   Section        0  stm32f10x_rcc.o(i.RCC_APB2PeriphClockCmd)
    i.RCC_GetClocksFreq                      0x08002fdc   Section        0  stm32f10x_rcc.o(i.RCC_GetClocksFreq)
    i.SetSysClockTo72                        0x08003070   Section        0  system_stm32f10x.o(i.SetSysClockTo72)
    SetSysClockTo72                          0x08003071   Thumb Code   160  system_stm32f10x.o(i.SetSysClockTo72)
    i.SysTick_CLKSourceConfig                0x08003118   Section        0  misc.o(i.SysTick_CLKSourceConfig)
    i.SysTick_Handler                        0x08003130   Section        0  delay.o(i.SysTick_Handler)
    i.SystemInit                             0x08003144   Section        0  system_stm32f10x.o(i.SystemInit)
    i.TASK_1                                 0x08003194   Section        0  main.o(i.TASK_1)
    i.TASK_2                                 0x080033c8   Section        0  main.o(i.TASK_2)
    i.TASK_3                                 0x080035d0   Section        0  main.o(i.TASK_3)
    i.TIM3_IRQHandler                        0x080037d4   Section        0  timer.o(i.TIM3_IRQHandler)
    i.TIM5_IRQHandler                        0x08003810   Section        0  timer.o(i.TIM5_IRQHandler)
    i.TIM_ClearITPendingBit                  0x0800384c   Section        0  stm32f10x_tim.o(i.TIM_ClearITPendingBit)
    i.TIM_GetITStatus                        0x08003852   Section        0  stm32f10x_tim.o(i.TIM_GetITStatus)
    i.USART1_IRQHandler                      0x0800386c   Section        0  usart.o(i.USART1_IRQHandler)
    i.USART_Cmd                              0x080038d0   Section        0  stm32f10x_usart.o(i.USART_Cmd)
    i.USART_GetITStatus                      0x080038e4   Section        0  stm32f10x_usart.o(i.USART_GetITStatus)
    i.USART_ITConfig                         0x08003922   Section        0  stm32f10x_usart.o(i.USART_ITConfig)
    i.USART_Init                             0x08003954   Section        0  stm32f10x_usart.o(i.USART_Init)
    i.USART_ReceiveData                      0x08003a00   Section        0  stm32f10x_usart.o(i.USART_ReceiveData)
    i.UsageFault_Handler                     0x08003a08   Section        0  stm32f10x_it.o(i.UsageFault_Handler)
    i.Weighted_Round_Robin_Scheduler         0x08003a0c   Section        0  main.o(i.Weighted_Round_Robin_Scheduler)
    i._sys_exit                              0x08003bc0   Section        0  usart.o(i._sys_exit)
    i.delay_init                             0x08003bc4   Section        0  delay.o(i.delay_init)
    i.delay_ms                               0x08003c0c   Section        0  delay.o(i.delay_ms)
    i.delay_us                               0x08003c44   Section        0  delay.o(i.delay_us)
    i.fputc                                  0x08003c78   Section        0  usart.o(i.fputc)
    i.main                                   0x08003c90   Section        0  main.o(i.main)
    i.prvAddCurrentTaskToDelayedList         0x08003e58   Section        0  tasks.o(i.prvAddCurrentTaskToDelayedList)
    prvAddCurrentTaskToDelayedList           0x08003e59   Thumb Code   102  tasks.o(i.prvAddCurrentTaskToDelayedList)
    i.prvAddNewTaskToReadyList               0x08003ec8   Section        0  tasks.o(i.prvAddNewTaskToReadyList)
    prvAddNewTaskToReadyList                 0x08003ec9   Thumb Code   192  tasks.o(i.prvAddNewTaskToReadyList)
    i.prvCheckForValidListAndQueue           0x08003f98   Section        0  timers.o(i.prvCheckForValidListAndQueue)
    prvCheckForValidListAndQueue             0x08003f99   Thumb Code    62  timers.o(i.prvCheckForValidListAndQueue)
    i.prvCheckTasksWaitingTermination        0x08003fe8   Section        0  tasks.o(i.prvCheckTasksWaitingTermination)
    prvCheckTasksWaitingTermination          0x08003fe9   Thumb Code    74  tasks.o(i.prvCheckTasksWaitingTermination)
    i.prvCopyDataFromQueue                   0x0800403c   Section        0  queue.o(i.prvCopyDataFromQueue)
    prvCopyDataFromQueue                     0x0800403d   Thumb Code    38  queue.o(i.prvCopyDataFromQueue)
    i.prvCopyDataToQueue                     0x08004062   Section        0  queue.o(i.prvCopyDataToQueue)
    prvCopyDataToQueue                       0x08004063   Thumb Code   108  queue.o(i.prvCopyDataToQueue)
    i.prvDeleteTCB                           0x080040ce   Section        0  tasks.o(i.prvDeleteTCB)
    prvDeleteTCB                             0x080040cf   Thumb Code    20  tasks.o(i.prvDeleteTCB)
    i.prvHeapInit                            0x080040e4   Section        0  heap_4.o(i.prvHeapInit)
    prvHeapInit                              0x080040e5   Thumb Code    66  heap_4.o(i.prvHeapInit)
    i.prvIdleTask                            0x08004130   Section        0  tasks.o(i.prvIdleTask)
    prvIdleTask                              0x08004131   Thumb Code    30  tasks.o(i.prvIdleTask)
    i.prvInitialiseNewTask                   0x08004158   Section        0  tasks.o(i.prvInitialiseNewTask)
    prvInitialiseNewTask                     0x08004159   Thumb Code   154  tasks.o(i.prvInitialiseNewTask)
    i.prvInsertBlockIntoFreeList             0x08004218   Section        0  heap_4.o(i.prvInsertBlockIntoFreeList)
    prvInsertBlockIntoFreeList               0x08004219   Thumb Code    72  heap_4.o(i.prvInsertBlockIntoFreeList)
    i.prvInsertTimerInActiveList             0x08004264   Section        0  timers.o(i.prvInsertTimerInActiveList)
    prvInsertTimerInActiveList               0x08004265   Thumb Code    52  timers.o(i.prvInsertTimerInActiveList)
    i.prvIsQueueEmpty                        0x0800429c   Section        0  queue.o(i.prvIsQueueEmpty)
    prvIsQueueEmpty                          0x0800429d   Thumb Code    26  queue.o(i.prvIsQueueEmpty)
    i.prvNotifyQueueSetContainer             0x080042b8   Section        0  queue.o(i.prvNotifyQueueSetContainer)
    prvNotifyQueueSetContainer               0x080042b9   Thumb Code   108  queue.o(i.prvNotifyQueueSetContainer)
    i.prvProcessExpiredTimer                 0x08004348   Section        0  timers.o(i.prvProcessExpiredTimer)
    prvProcessExpiredTimer                   0x08004349   Thumb Code    86  timers.o(i.prvProcessExpiredTimer)
    i.prvProcessReceivedCommands             0x080043a8   Section        0  timers.o(i.prvProcessReceivedCommands)
    prvProcessReceivedCommands               0x080043a9   Thumb Code   196  timers.o(i.prvProcessReceivedCommands)
    i.prvProcessTimerOrBlockTask             0x08004498   Section        0  timers.o(i.prvProcessTimerOrBlockTask)
    prvProcessTimerOrBlockTask               0x08004499   Thumb Code    98  timers.o(i.prvProcessTimerOrBlockTask)
    i.prvResetNextTaskUnblockTime            0x08004504   Section        0  tasks.o(i.prvResetNextTaskUnblockTime)
    prvResetNextTaskUnblockTime              0x08004505   Thumb Code    26  tasks.o(i.prvResetNextTaskUnblockTime)
    i.prvSampleTimeNow                       0x08004524   Section        0  timers.o(i.prvSampleTimeNow)
    prvSampleTimeNow                         0x08004525   Thumb Code    36  timers.o(i.prvSampleTimeNow)
    i.prvSwitchTimerLists                    0x0800454c   Section        0  timers.o(i.prvSwitchTimerLists)
    prvSwitchTimerLists                      0x0800454d   Thumb Code   100  timers.o(i.prvSwitchTimerLists)
    i.prvTaskExitError                       0x080045b8   Section        0  port.o(i.prvTaskExitError)
    prvTaskExitError                         0x080045b9   Thumb Code    34  port.o(i.prvTaskExitError)
    i.prvTaskIsTaskSuspended                 0x0800461c   Section        0  tasks.o(i.prvTaskIsTaskSuspended)
    prvTaskIsTaskSuspended                   0x0800461d   Thumb Code    44  tasks.o(i.prvTaskIsTaskSuspended)
    i.prvTimerTask                           0x08004670   Section        0  timers.o(i.prvTimerTask)
    prvTimerTask                             0x08004671   Thumb Code    34  timers.o(i.prvTimerTask)
    i.prvUnlockQueue                         0x08004698   Section        0  queue.o(i.prvUnlockQueue)
    prvUnlockQueue                           0x08004699   Thumb Code   120  queue.o(i.prvUnlockQueue)
    i.pvPortMalloc                           0x08004710   Section        0  heap_4.o(i.pvPortMalloc)
    i.pvTaskIncrementMutexHeldCount          0x08004824   Section        0  tasks.o(i.pvTaskIncrementMutexHeldCount)
    i.pxPortInitialiseStack                  0x0800483c   Section        0  port.o(i.pxPortInitialiseStack)
    i.uart_init                              0x08004860   Section        0  usart.o(i.uart_init)
    i.uxListRemove                           0x08004900   Section        0  list.o(i.uxListRemove)
    i.uxQueueMessagesWaiting                 0x08004924   Section        0  queue.o(i.uxQueueMessagesWaiting)
    i.vListInitialise                        0x08004968   Section        0  list.o(i.vListInitialise)
    i.vListInitialiseItem                    0x0800497e   Section        0  list.o(i.vListInitialiseItem)
    i.vListInsert                            0x08004984   Section        0  list.o(i.vListInsert)
    i.vListInsertEnd                         0x080049b4   Section        0  list.o(i.vListInsertEnd)
    i.vPortEnterCritical                     0x080049cc   Section        0  port.o(i.vPortEnterCritical)
    i.vPortExitCritical                      0x08004a44   Section        0  port.o(i.vPortExitCritical)
    i.vPortFree                              0x08004aa8   Section        0  heap_4.o(i.vPortFree)
    i.vPortSetupTimerInterrupt               0x08004b44   Section        0  port.o(i.vPortSetupTimerInterrupt)
    i.vPortValidateInterruptPriority         0x08004b64   Section        0  port.o(i.vPortValidateInterruptPriority)
    i.vQueueAddToRegistry                    0x08004bf0   Section        0  queue.o(i.vQueueAddToRegistry)
    i.vQueueWaitForMessageRestricted         0x08004c14   Section        0  queue.o(i.vQueueWaitForMessageRestricted)
    i.vTaskDelay                             0x08004c58   Section        0  tasks.o(i.vTaskDelay)
    i.vTaskMissedYield                       0x08004cc4   Section        0  tasks.o(i.vTaskMissedYield)
    i.vTaskPlaceOnEventList                  0x08004cd0   Section        0  tasks.o(i.vTaskPlaceOnEventList)
    i.vTaskPlaceOnEventListRestricted        0x08004d24   Section        0  tasks.o(i.vTaskPlaceOnEventListRestricted)
    i.vTaskPriorityInherit                   0x08004d80   Section        0  tasks.o(i.vTaskPriorityInherit)
    i.vTaskResume                            0x08004e04   Section        0  tasks.o(i.vTaskResume)
    i.vTaskSetTimeOutState                   0x08004ea4   Section        0  tasks.o(i.vTaskSetTimeOutState)
    i.vTaskStartScheduler                    0x08004eec   Section        0  tasks.o(i.vTaskStartScheduler)
    i.vTaskSuspend                           0x08004f80   Section        0  tasks.o(i.vTaskSuspend)
    i.vTaskSuspendAll                        0x08005050   Section        0  tasks.o(i.vTaskSuspendAll)
    i.vTaskSwitchContext                     0x08005060   Section        0  tasks.o(i.vTaskSwitchContext)
    i.xPortStartScheduler                    0x080050dc   Section        0  port.o(i.xPortStartScheduler)
    i.xPortSysTickHandler                    0x08005154   Section        0  port.o(i.xPortSysTickHandler)
    i.xQueueGenericCreate                    0x08005180   Section        0  queue.o(i.xQueueGenericCreate)
    i.xQueueGenericReceive                   0x080051f8   Section        0  queue.o(i.xQueueGenericReceive)
    i.xQueueGenericReset                     0x0800537c   Section        0  queue.o(i.xQueueGenericReset)
    i.xQueueGenericSend                      0x08005424   Section        0  queue.o(i.xQueueGenericSend)
    i.xQueueGenericSendFromISR               0x080055ac   Section        0  queue.o(i.xQueueGenericSendFromISR)
    i.xTaskCheckForTimeOut                   0x0800568c   Section        0  tasks.o(i.xTaskCheckForTimeOut)
    i.xTaskCreate                            0x08005714   Section        0  tasks.o(i.xTaskCreate)
    i.xTaskGetSchedulerState                 0x0800576c   Section        0  tasks.o(i.xTaskGetSchedulerState)
    i.xTaskGetTickCount                      0x08005788   Section        0  tasks.o(i.xTaskGetTickCount)
    i.xTaskIncrementTick                     0x08005794   Section        0  tasks.o(i.xTaskIncrementTick)
    i.xTaskPriorityDisinherit                0x0800587c   Section        0  tasks.o(i.xTaskPriorityDisinherit)
    i.xTaskRemoveFromEventList               0x08005930   Section        0  tasks.o(i.xTaskRemoveFromEventList)
    i.xTaskResumeAll                         0x080059c8   Section        0  tasks.o(i.xTaskResumeAll)
    i.xTimerCreate                           0x08005aac   Section        0  timers.o(i.xTimerCreate)
    i.xTimerCreateTimerTask                  0x08005b20   Section        0  timers.o(i.xTimerCreateTimerTask)
    i.xTimerGenericCommand                   0x08005b94   Section        0  timers.o(i.xTimerGenericCommand)
    x$fpl$dfixu                              0x08005c24   Section       90  dfixu.o(x$fpl$dfixu)
    x$fpl$dfltu                              0x08005c7e   Section       38  dflt_clz.o(x$fpl$dfltu)
    x$fpl$dmul                               0x08005ca4   Section      340  dmul.o(x$fpl$dmul)
    x$fpl$dnaninf                            0x08005df8   Section      156  dnaninf.o(x$fpl$dnaninf)
    x$fpl$dretinf                            0x08005e94   Section       12  dretinf.o(x$fpl$dretinf)
    .constdata                               0x08005ea0   Section     6080  lcd.o(.constdata)
    x$fpl$usenofp                            0x08005ea0   Section        0  usenofp.o(x$fpl$usenofp)
    .constdata                               0x08007660   Section       40  _printf_hex_int.o(.constdata)
    uc_hextab                                0x08007660   Data          20  _printf_hex_int.o(.constdata)
    lc_hextab                                0x08007674   Data          20  _printf_hex_int.o(.constdata)
    .data                                    0x20000000   Section       28  main.o(.data)
    .data                                    0x2000001c   Section       20  system_stm32f10x.o(.data)
    .data                                    0x20000030   Section        4  lcd.o(.data)
    .data                                    0x20000034   Section        4  delay.o(.data)
    fac_us                                   0x20000034   Data           1  delay.o(.data)
    fac_ms                                   0x20000036   Data           2  delay.o(.data)
    .data                                    0x20000038   Section        2  usart.o(.data)
    .data                                    0x2000003c   Section        4  usart.o(.data)
    .data                                    0x20000040   Section       20  stm32f10x_rcc.o(.data)
    ADCPrescTable                            0x20000040   Data           4  stm32f10x_rcc.o(.data)
    APBAHBPrescTable                         0x20000044   Data          16  stm32f10x_rcc.o(.data)
    .data                                    0x20000054   Section       60  tasks.o(.data)
    uxDeletedTasksWaitingCleanUp             0x20000058   Data           4  tasks.o(.data)
    uxCurrentNumberOfTasks                   0x2000005c   Data           4  tasks.o(.data)
    xTickCount                               0x20000060   Data           4  tasks.o(.data)
    uxTopReadyPriority                       0x20000064   Data           4  tasks.o(.data)
    xSchedulerRunning                        0x20000068   Data           4  tasks.o(.data)
    uxPendedTicks                            0x2000006c   Data           4  tasks.o(.data)
    xYieldPending                            0x20000070   Data           4  tasks.o(.data)
    xNumOfOverflows                          0x20000074   Data           4  tasks.o(.data)
    uxTaskNumber                             0x20000078   Data           4  tasks.o(.data)
    xNextTaskUnblockTime                     0x2000007c   Data           4  tasks.o(.data)
    xIdleTaskHandle                          0x20000080   Data           4  tasks.o(.data)
    uxSchedulerSuspended                     0x20000084   Data           4  tasks.o(.data)
    pxDelayedTaskList                        0x20000088   Data           4  tasks.o(.data)
    pxOverflowDelayedTaskList                0x2000008c   Data           4  tasks.o(.data)
    .data                                    0x20000090   Section       20  timers.o(.data)
    xTimerQueue                              0x20000090   Data           4  timers.o(.data)
    xTimerTaskHandle                         0x20000094   Data           4  timers.o(.data)
    xLastTime                                0x20000098   Data           4  timers.o(.data)
    pxCurrentTimerList                       0x2000009c   Data           4  timers.o(.data)
    pxOverflowTimerList                      0x200000a0   Data           4  timers.o(.data)
    .data                                    0x200000a4   Section       24  heap_4.o(.data)
    pxEnd                                    0x200000a4   Data           4  heap_4.o(.data)
    xFreeBytesRemaining                      0x200000a8   Data           4  heap_4.o(.data)
    xMinimumEverFreeBytesRemaining           0x200000ac   Data           4  heap_4.o(.data)
    xBlockAllocatedBit                       0x200000b0   Data           4  heap_4.o(.data)
    xStart                                   0x200000b4   Data           8  heap_4.o(.data)
    .data                                    0x200000bc   Section       12  port.o(.data)
    ucMaxSysCallPriority                     0x200000bc   Data           1  port.o(.data)
    uxCriticalNesting                        0x200000c0   Data           4  port.o(.data)
    ulMaxPRIGROUPValue                       0x200000c4   Data           4  port.o(.data)
    .bss                                     0x200000c8   Section      360  main.o(.bss)
    .bss                                     0x20000230   Section       14  lcd.o(.bss)
    .bss                                     0x2000023e   Section      200  usart.o(.bss)
    .bss                                     0x20000308   Section       64  queue.o(.bss)
    .bss                                     0x20000348   Section      740  tasks.o(.bss)
    pxReadyTasksLists                        0x20000348   Data         640  tasks.o(.bss)
    xDelayedTaskList1                        0x200005c8   Data          20  tasks.o(.bss)
    xDelayedTaskList2                        0x200005dc   Data          20  tasks.o(.bss)
    xPendingReadyList                        0x200005f0   Data          20  tasks.o(.bss)
    xTasksWaitingTermination                 0x20000604   Data          20  tasks.o(.bss)
    xSuspendedTaskList                       0x20000618   Data          20  tasks.o(.bss)
    .bss                                     0x2000062c   Section       40  timers.o(.bss)
    xActiveTimerList1                        0x2000062c   Data          20  timers.o(.bss)
    xActiveTimerList2                        0x20000640   Data          20  timers.o(.bss)
    .bss                                     0x20000654   Section    20480  heap_4.o(.bss)
    ucHeap                                   0x20000654   Data       20480  heap_4.o(.bss)
    .bss                                     0x20005654   Section       96  libspace.o(.bss)
    HEAP                                     0x200056b8   Section      512  startup_stm32f10x_hd.o(HEAP)
    Heap_Mem                                 0x200056b8   Data         512  startup_stm32f10x_hd.o(HEAP)
    STACK                                    0x200058b8   Section     1024  startup_stm32f10x_hd.o(STACK)
    Stack_Mem                                0x200058b8   Data        1024  startup_stm32f10x_hd.o(STACK)
    __initial_sp                             0x20005cb8   Data           0  startup_stm32f10x_hd.o(STACK)

    Global Symbols

    Symbol Name                              Value     Ov Type        Size  Object(Section)

    BuildAttributes$$THM_ISAv4$P$D$K$B$S$PE$A:L22UL41UL21$X:L11$S22US41US21$IEEE1$IW$USESV6$~STKCKD$USESV7$~SHL$OSPACE$ROPI$EBA8$UX$STANDARDLIB$REQ8$PRES8$EABIv2 0x00000000   Number         0  anon$$obj.o ABSOLUTE
    __ARM_use_no_argv                        0x00000000   Number         0  main.o ABSOLUTE
    __ARM_exceptions_init                     - Undefined Weak Reference
    __alloca_initialize                       - Undefined Weak Reference
    __arm_preinit_                            - Undefined Weak Reference
    __cpp_initialize__aeabi_                  - Undefined Weak Reference
    __cxa_finalize                            - Undefined Weak Reference
    __rt_locale                               - Undefined Weak Reference
    __sigvec_lookup                           - Undefined Weak Reference
    _atexit_init                              - Undefined Weak Reference
    _call_atexit_fns                          - Undefined Weak Reference
    _clock_init                               - Undefined Weak Reference
    _fp_trap_init                             - Undefined Weak Reference
    _fp_trap_shutdown                         - Undefined Weak Reference
    _get_lc_collate                           - Undefined Weak Reference
    _get_lc_ctype                             - Undefined Weak Reference
    _get_lc_monetary                          - Undefined Weak Reference
    _get_lc_numeric                           - Undefined Weak Reference
    _get_lc_time                              - Undefined Weak Reference
    _getenv_init                              - Undefined Weak Reference
    _handle_redirection                       - Undefined Weak Reference
    _init_alloc                               - Undefined Weak Reference
    _init_user_alloc                          - Undefined Weak Reference
    _initio                                   - Undefined Weak Reference
    _mutex_acquire                            - Undefined Weak Reference
    _mutex_release                            - Undefined Weak Reference
    _printf_mbtowc                            - Undefined Weak Reference
    _printf_post_padding                      - Undefined Weak Reference
    _printf_pre_padding                       - Undefined Weak Reference
    _printf_truncate_signed                   - Undefined Weak Reference
    _printf_truncate_unsigned                 - Undefined Weak Reference
    _rand_init                                - Undefined Weak Reference
    _signal_finish                            - Undefined Weak Reference
    _signal_init                              - Undefined Weak Reference
    _terminate_alloc                          - Undefined Weak Reference
    _terminate_user_alloc                     - Undefined Weak Reference
    _terminateio                              - Undefined Weak Reference
    __Vectors_Size                           0x00000130   Number         0  startup_stm32f10x_hd.o ABSOLUTE
    __Vectors                                0x08000000   Data           4  startup_stm32f10x_hd.o(RESET)
    __Vectors_End                            0x08000130   Data           0  startup_stm32f10x_hd.o(RESET)
    __main                                   0x08000131   Thumb Code     8  __main.o(!!!main)
    __scatterload                            0x08000139   Thumb Code     0  __scatter.o(!!!scatter)
    __scatterload_rt2                        0x08000139   Thumb Code    44  __scatter.o(!!!scatter)
    __scatterload_rt2_thumb_only             0x08000139   Thumb Code     0  __scatter.o(!!!scatter)
    __scatterload_null                       0x08000147   Thumb Code     0  __scatter.o(!!!scatter)
    __scatterload_copy                       0x0800016d   Thumb Code    26  __scatter_copy.o(!!handler_copy)
    __scatterload_zeroinit                   0x08000189   Thumb Code    28  __scatter_zi.o(!!handler_zi)
    _printf_d                                0x080001a5   Thumb Code     0  _printf_d.o(.ARM.Collect$$_printf_percent$$00000009)
    _printf_percent                          0x080001a5   Thumb Code     0  _printf_percent.o(.ARM.Collect$$_printf_percent$$00000000)
    _printf_u                                0x080001ab   Thumb Code     0  _printf_u.o(.ARM.Collect$$_printf_percent$$0000000A)
    _printf_x                                0x080001b1   Thumb Code     0  _printf_x.o(.ARM.Collect$$_printf_percent$$0000000C)
    _printf_s                                0x080001b7   Thumb Code     0  _printf_s.o(.ARM.Collect$$_printf_percent$$00000014)
    _printf_percent_end                      0x080001bd   Thumb Code     0  _printf_percent_end.o(.ARM.Collect$$_printf_percent$$00000017)
    __rt_lib_init                            0x080001c1   Thumb Code     0  libinit.o(.ARM.Collect$$libinit$$00000000)
    __rt_lib_init_alloca_1                   0x080001c3   Thumb Code     0  libinit2.o(.ARM.Collect$$libinit$$0000002E)
    __rt_lib_init_argv_1                     0x080001c3   Thumb Code     0  libinit2.o(.ARM.Collect$$libinit$$0000002C)
    __rt_lib_init_atexit_1                   0x080001c3   Thumb Code     0  libinit2.o(.ARM.Collect$$libinit$$0000001B)
    __rt_lib_init_clock_1                    0x080001c3   Thumb Code     0  libinit2.o(.ARM.Collect$$libinit$$00000021)
    __rt_lib_init_cpp_1                      0x080001c3   Thumb Code     0  libinit2.o(.ARM.Collect$$libinit$$00000032)
    __rt_lib_init_exceptions_1               0x080001c3   Thumb Code     0  libinit2.o(.ARM.Collect$$libinit$$00000030)
    __rt_lib_init_fp_1                       0x080001c3   Thumb Code     0  libinit2.o(.ARM.Collect$$libinit$$00000002)
    __rt_lib_init_fp_trap_1                  0x080001c3   Thumb Code     0  libinit2.o(.ARM.Collect$$libinit$$0000001F)
    __rt_lib_init_getenv_1                   0x080001c3   Thumb Code     0  libinit2.o(.ARM.Collect$$libinit$$00000023)
    __rt_lib_init_heap_1                     0x080001c3   Thumb Code     0  libinit2.o(.ARM.Collect$$libinit$$0000000A)
    __rt_lib_init_lc_collate_1               0x080001c3   Thumb Code     0  libinit2.o(.ARM.Collect$$libinit$$00000011)
    __rt_lib_init_lc_ctype_1                 0x080001c3   Thumb Code     0  libinit2.o(.ARM.Collect$$libinit$$00000013)
    __rt_lib_init_lc_monetary_1              0x080001c3   Thumb Code     0  libinit2.o(.ARM.Collect$$libinit$$00000015)
    __rt_lib_init_lc_numeric_1               0x080001c3   Thumb Code     0  libinit2.o(.ARM.Collect$$libinit$$00000017)
    __rt_lib_init_lc_time_1                  0x080001c3   Thumb Code     0  libinit2.o(.ARM.Collect$$libinit$$00000019)
    __rt_lib_init_preinit_1                  0x080001c3   Thumb Code     0  libinit2.o(.ARM.Collect$$libinit$$00000004)
    __rt_lib_init_rand_1                     0x080001c3   Thumb Code     0  libinit2.o(.ARM.Collect$$libinit$$0000000E)
    __rt_lib_init_return                     0x080001c3   Thumb Code     0  libinit2.o(.ARM.Collect$$libinit$$00000033)
    __rt_lib_init_signal_1                   0x080001c3   Thumb Code     0  libinit2.o(.ARM.Collect$$libinit$$0000001D)
    __rt_lib_init_stdio_1                    0x080001c3   Thumb Code     0  libinit2.o(.ARM.Collect$$libinit$$00000025)
    __rt_lib_init_user_alloc_1               0x080001c3   Thumb Code     0  libinit2.o(.ARM.Collect$$libinit$$0000000C)
    __rt_lib_shutdown                        0x080001c5   Thumb Code     0  libshutdown.o(.ARM.Collect$$libshutdown$$00000000)
    __rt_lib_shutdown_fp_trap_1              0x080001c7   Thumb Code     0  libshutdown2.o(.ARM.Collect$$libshutdown$$00000006)
    __rt_lib_shutdown_heap_1                 0x080001c7   Thumb Code     0  libshutdown2.o(.ARM.Collect$$libshutdown$$0000000E)
    __rt_lib_shutdown_return                 0x080001c7   Thumb Code     0  libshutdown2.o(.ARM.Collect$$libshutdown$$0000000F)
    __rt_lib_shutdown_signal_1               0x080001c7   Thumb Code     0  libshutdown2.o(.ARM.Collect$$libshutdown$$00000009)
    __rt_lib_shutdown_stdio_1                0x080001c7   Thumb Code     0  libshutdown2.o(.ARM.Collect$$libshutdown$$00000003)
    __rt_lib_shutdown_user_alloc_1           0x080001c7   Thumb Code     0  libshutdown2.o(.ARM.Collect$$libshutdown$$0000000B)
    __rt_entry                               0x080001c9   Thumb Code     0  __rtentry.o(.ARM.Collect$$rtentry$$00000000)
    __rt_entry_presh_1                       0x080001c9   Thumb Code     0  __rtentry2.o(.ARM.Collect$$rtentry$$00000002)
    __rt_entry_sh                            0x080001c9   Thumb Code     0  __rtentry4.o(.ARM.Collect$$rtentry$$00000004)
    __rt_entry_li                            0x080001cf   Thumb Code     0  __rtentry2.o(.ARM.Collect$$rtentry$$0000000A)
    __rt_entry_postsh_1                      0x080001cf   Thumb Code     0  __rtentry2.o(.ARM.Collect$$rtentry$$00000009)
    __rt_entry_main                          0x080001d3   Thumb Code     0  __rtentry2.o(.ARM.Collect$$rtentry$$0000000D)
    __rt_entry_postli_1                      0x080001d3   Thumb Code     0  __rtentry2.o(.ARM.Collect$$rtentry$$0000000C)
    __rt_exit                                0x080001db   Thumb Code     0  rtexit.o(.ARM.Collect$$rtexit$$00000000)
    __rt_exit_ls                             0x080001dd   Thumb Code     0  rtexit2.o(.ARM.Collect$$rtexit$$00000003)
    __rt_exit_prels_1                        0x080001dd   Thumb Code     0  rtexit2.o(.ARM.Collect$$rtexit$$00000002)
    __rt_exit_exit                           0x080001e1   Thumb Code     0  rtexit2.o(.ARM.Collect$$rtexit$$00000004)
    SVC_Handler                              0x080001e9   Thumb Code    32  port.o(.emb_text)
    __asm___6_port_c_39a90d8d__prvStartFirstTask 0x0800020d   Thumb Code    28  port.o(.emb_text)
    PendSV_Handler                           0x0800022d   Thumb Code    72  port.o(.emb_text)
    vPortGetIPSR                             0x08000279   Thumb Code     6  port.o(.emb_text)
    Reset_Handler                            0x08000281   Thumb Code     8  startup_stm32f10x_hd.o(.text)
    ADC1_2_IRQHandler                        0x0800029b   Thumb Code     0  startup_stm32f10x_hd.o(.text)
    ADC3_IRQHandler                          0x0800029b   Thumb Code     0  startup_stm32f10x_hd.o(.text)
    CAN1_RX1_IRQHandler                      0x0800029b   Thumb Code     0  startup_stm32f10x_hd.o(.text)
    CAN1_SCE_IRQHandler                      0x0800029b   Thumb Code     0  startup_stm32f10x_hd.o(.text)
    DMA1_Channel1_IRQHandler                 0x0800029b   Thumb Code     0  startup_stm32f10x_hd.o(.text)
    DMA1_Channel2_IRQHandler                 0x0800029b   Thumb Code     0  startup_stm32f10x_hd.o(.text)
    DMA1_Channel3_IRQHandler                 0x0800029b   Thumb Code     0  startup_stm32f10x_hd.o(.text)
    DMA1_Channel4_IRQHandler                 0x0800029b   Thumb Code     0  startup_stm32f10x_hd.o(.text)
    DMA1_Channel5_IRQHandler                 0x0800029b   Thumb Code     0  startup_stm32f10x_hd.o(.text)
    DMA1_Channel6_IRQHandler                 0x0800029b   Thumb Code     0  startup_stm32f10x_hd.o(.text)
    DMA1_Channel7_IRQHandler                 0x0800029b   Thumb Code     0  startup_stm32f10x_hd.o(.text)
    DMA2_Channel1_IRQHandler                 0x0800029b   Thumb Code     0  startup_stm32f10x_hd.o(.text)
    DMA2_Channel2_IRQHandler                 0x0800029b   Thumb Code     0  startup_stm32f10x_hd.o(.text)
    DMA2_Channel3_IRQHandler                 0x0800029b   Thumb Code     0  startup_stm32f10x_hd.o(.text)
    DMA2_Channel4_5_IRQHandler               0x0800029b   Thumb Code     0  startup_stm32f10x_hd.o(.text)
    EXTI0_IRQHandler                         0x0800029b   Thumb Code     0  startup_stm32f10x_hd.o(.text)
    EXTI15_10_IRQHandler                     0x0800029b   Thumb Code     0  startup_stm32f10x_hd.o(.text)
    EXTI1_IRQHandler                         0x0800029b   Thumb Code     0  startup_stm32f10x_hd.o(.text)
    EXTI2_IRQHandler                         0x0800029b   Thumb Code     0  startup_stm32f10x_hd.o(.text)
    EXTI3_IRQHandler                         0x0800029b   Thumb Code     0  startup_stm32f10x_hd.o(.text)
    EXTI4_IRQHandler                         0x0800029b   Thumb Code     0  startup_stm32f10x_hd.o(.text)
    EXTI9_5_IRQHandler                       0x0800029b   Thumb Code     0  startup_stm32f10x_hd.o(.text)
    FLASH_IRQHandler                         0x0800029b   Thumb Code     0  startup_stm32f10x_hd.o(.text)
    FSMC_IRQHandler                          0x0800029b   Thumb Code     0  startup_stm32f10x_hd.o(.text)
    I2C1_ER_IRQHandler                       0x0800029b   Thumb Code     0  startup_stm32f10x_hd.o(.text)
    I2C1_EV_IRQHandler                       0x0800029b   Thumb Code     0  startup_stm32f10x_hd.o(.text)
    I2C2_ER_IRQHandler                       0x0800029b   Thumb Code     0  startup_stm32f10x_hd.o(.text)
    I2C2_EV_IRQHandler                       0x0800029b   Thumb Code     0  startup_stm32f10x_hd.o(.text)
    PVD_IRQHandler                           0x0800029b   Thumb Code     0  startup_stm32f10x_hd.o(.text)
    RCC_IRQHandler                           0x0800029b   Thumb Code     0  startup_stm32f10x_hd.o(.text)
    RTCAlarm_IRQHandler                      0x0800029b   Thumb Code     0  startup_stm32f10x_hd.o(.text)
    RTC_IRQHandler                           0x0800029b   Thumb Code     0  startup_stm32f10x_hd.o(.text)
    SDIO_IRQHandler                          0x0800029b   Thumb Code     0  startup_stm32f10x_hd.o(.text)
    SPI1_IRQHandler                          0x0800029b   Thumb Code     0  startup_stm32f10x_hd.o(.text)
    SPI2_IRQHandler                          0x0800029b   Thumb Code     0  startup_stm32f10x_hd.o(.text)
    SPI3_IRQHandler                          0x0800029b   Thumb Code     0  startup_stm32f10x_hd.o(.text)
    TAMPER_IRQHandler                        0x0800029b   Thumb Code     0  startup_stm32f10x_hd.o(.text)
    TIM1_BRK_IRQHandler                      0x0800029b   Thumb Code     0  startup_stm32f10x_hd.o(.text)
    TIM1_CC_IRQHandler                       0x0800029b   Thumb Code     0  startup_stm32f10x_hd.o(.text)
    TIM1_TRG_COM_IRQHandler                  0x0800029b   Thumb Code     0  startup_stm32f10x_hd.o(.text)
    TIM1_UP_IRQHandler                       0x0800029b   Thumb Code     0  startup_stm32f10x_hd.o(.text)
    TIM2_IRQHandler                          0x0800029b   Thumb Code     0  startup_stm32f10x_hd.o(.text)
    TIM4_IRQHandler                          0x0800029b   Thumb Code     0  startup_stm32f10x_hd.o(.text)
    TIM6_IRQHandler                          0x0800029b   Thumb Code     0  startup_stm32f10x_hd.o(.text)
    TIM7_IRQHandler                          0x0800029b   Thumb Code     0  startup_stm32f10x_hd.o(.text)
    TIM8_BRK_IRQHandler                      0x0800029b   Thumb Code     0  startup_stm32f10x_hd.o(.text)
    TIM8_CC_IRQHandler                       0x0800029b   Thumb Code     0  startup_stm32f10x_hd.o(.text)
    TIM8_TRG_COM_IRQHandler                  0x0800029b   Thumb Code     0  startup_stm32f10x_hd.o(.text)
    TIM8_UP_IRQHandler                       0x0800029b   Thumb Code     0  startup_stm32f10x_hd.o(.text)
    UART4_IRQHandler                         0x0800029b   Thumb Code     0  startup_stm32f10x_hd.o(.text)
    UART5_IRQHandler                         0x0800029b   Thumb Code     0  startup_stm32f10x_hd.o(.text)
    USART2_IRQHandler                        0x0800029b   Thumb Code     0  startup_stm32f10x_hd.o(.text)
    USART3_IRQHandler                        0x0800029b   Thumb Code     0  startup_stm32f10x_hd.o(.text)
    USBWakeUp_IRQHandler                     0x0800029b   Thumb Code     0  startup_stm32f10x_hd.o(.text)
    USB_HP_CAN1_TX_IRQHandler                0x0800029b   Thumb Code     0  startup_stm32f10x_hd.o(.text)
    USB_LP_CAN1_RX0_IRQHandler               0x0800029b   Thumb Code     0  startup_stm32f10x_hd.o(.text)
    WWDG_IRQHandler                          0x0800029b   Thumb Code     0  startup_stm32f10x_hd.o(.text)
    __user_initial_stackheap                 0x0800029d   Thumb Code     0  startup_stm32f10x_hd.o(.text)
    __use_no_semihosting                     0x080002c1   Thumb Code     2  use_no_semi_2.o(.text)
    __2printf                                0x080002c5   Thumb Code    20  noretval__2printf.o(.text)
    __printf                                 0x080002dd   Thumb Code   104  __printf.o(.text)
    _printf_str                              0x08000345   Thumb Code    82  _printf_str.o(.text)
    _printf_int_dec                          0x08000399   Thumb Code   104  _printf_dec.o(.text)
    _printf_int_hex                          0x08000411   Thumb Code    84  _printf_hex_int.o(.text)
    _printf_longlong_hex                     0x08000411   Thumb Code     0  _printf_hex_int.o(.text)
    __aeabi_memcpy                           0x08000469   Thumb Code     0  rt_memcpy_v6.o(.text)
    __rt_memcpy                              0x08000469   Thumb Code   138  rt_memcpy_v6.o(.text)
    _memcpy_lastbytes                        0x080004cf   Thumb Code     0  rt_memcpy_v6.o(.text)
    __aeabi_memset                           0x080004f3   Thumb Code    16  aeabi_memset.o(.text)
    __use_two_region_memory                  0x08000503   Thumb Code     2  heapauxi.o(.text)
    __rt_heap_escrow$2region                 0x08000505   Thumb Code     2  heapauxi.o(.text)
    __rt_heap_expand$2region                 0x08000507   Thumb Code     2  heapauxi.o(.text)
    __I$use$semihosting                      0x08000509   Thumb Code     0  use_no_semi.o(.text)
    __use_no_semihosting_swi                 0x08000509   Thumb Code     2  use_no_semi.o(.text)
    _printf_int_common                       0x0800050b   Thumb Code   178  _printf_intcommon.o(.text)
    _printf_char_common                      0x080005c7   Thumb Code    32  _printf_char_common.o(.text)
    _printf_cs_common                        0x080005ed   Thumb Code    20  _printf_char.o(.text)
    _printf_char                             0x08000601   Thumb Code    16  _printf_char.o(.text)
    _printf_string                           0x08000611   Thumb Code     8  _printf_char.o(.text)
    _printf_char_file                        0x08000619   Thumb Code    32  _printf_char_file.o(.text)
    __aeabi_memcpy4                          0x0800063d   Thumb Code     0  rt_memcpy_w.o(.text)
    __aeabi_memcpy8                          0x0800063d   Thumb Code     0  rt_memcpy_w.o(.text)
    __rt_memcpy_w                            0x0800063d   Thumb Code   100  rt_memcpy_w.o(.text)
    _memcpy_lastbytes_aligned                0x08000685   Thumb Code     0  rt_memcpy_w.o(.text)
    __aeabi_memclr                           0x080006a1   Thumb Code     0  rt_memclr.o(.text)
    __rt_memclr                              0x080006a1   Thumb Code    68  rt_memclr.o(.text)
    _memset                                  0x080006a5   Thumb Code     0  rt_memclr.o(.text)
    ferror                                   0x080006e5   Thumb Code     8  ferror.o(.text)
    __aeabi_memclr4                          0x080006ed   Thumb Code     0  rt_memclr_w.o(.text)
    __aeabi_memclr8                          0x080006ed   Thumb Code     0  rt_memclr_w.o(.text)
    __rt_memclr_w                            0x080006ed   Thumb Code    78  rt_memclr_w.o(.text)
    _memset_w                                0x080006f1   Thumb Code     0  rt_memclr_w.o(.text)
    __user_setup_stackheap                   0x0800073b   Thumb Code    74  sys_stackheap_outer.o(.text)
    exit                                     0x08000785   Thumb Code    12  exit.o(.text)
    __user_libspace                          0x08000791   Thumb Code     8  libspace.o(.text)
    __user_perproc_libspace                  0x08000791   Thumb Code     0  libspace.o(.text)
    __user_perthread_libspace                0x08000791   Thumb Code     0  libspace.o(.text)
    BusFault_Handler                         0x08000799   Thumb Code     2  stm32f10x_it.o(i.BusFault_Handler)
    DebugMon_Handler                         0x0800079b   Thumb Code     2  stm32f10x_it.o(i.DebugMon_Handler)
    EDF_Scheduler                            0x0800079d   Thumb Code   218  main.o(i.EDF_Scheduler)
    FSMC_NORSRAMCmd                          0x080008b1   Thumb Code    26  stm32f10x_fsmc.o(i.FSMC_NORSRAMCmd)
    FSMC_NORSRAMInit                         0x080008d1   Thumb Code   200  stm32f10x_fsmc.o(i.FSMC_NORSRAMInit)
    GPIO_Init                                0x08000999   Thumb Code   156  stm32f10x_gpio.o(i.GPIO_Init)
    GPIO_SetBits                             0x08000a35   Thumb Code     4  stm32f10x_gpio.o(i.GPIO_SetBits)
    Get_Earliest_Deadline_Task               0x08000a39   Thumb Code    56  main.o(i.Get_Earliest_Deadline_Task)
    HardFault_Handler                        0x08000a79   Thumb Code     2  stm32f10x_it.o(i.HardFault_Handler)
    Initialize_softdeadline_Tasks            0x08000a7d   Thumb Code    96  main.o(i.Initialize_softdeadline_Tasks)
    LCD_Clear                                0x08000ae9   Thumb Code    40  lcd.o(i.LCD_Clear)
    LCD_Display_Dir                          0x08000b19   Thumb Code   180  lcd.o(i.LCD_Display_Dir)
    LCD_Fast_DrawPoint                       0x08000bd1   Thumb Code   164  lcd.o(i.LCD_Fast_DrawPoint)
    LCD_Init                                 0x08000c7d   Thumb Code  7736  lcd.o(i.LCD_Init)
    LCD_Pow                                  0x08002ab9   Thumb Code    16  lcd.o(i.LCD_Pow)
    LCD_RD_DATA                              0x08002ac9   Thumb Code    16  lcd.o(i.LCD_RD_DATA)
    LCD_SSD_BackLightSet                     0x08002add   Thumb Code    50  lcd.o(i.LCD_SSD_BackLightSet)
    LCD_Scan_Dir                             0x08002b19   Thumb Code   314  lcd.o(i.LCD_Scan_Dir)
    LCD_SetCursor                            0x08002c5d   Thumb Code   172  lcd.o(i.LCD_SetCursor)
    LCD_ShowChar                             0x08002d11   Thumb Code   182  lcd.o(i.LCD_ShowChar)
    LCD_ShowString                           0x08002ddd   Thumb Code    84  lcd.o(i.LCD_ShowString)
    LCD_ShowxNum                             0x08002e31   Thumb Code   134  lcd.o(i.LCD_ShowxNum)
    LCD_WriteRAM_Prepare                     0x08002eb9   Thumb Code    10  lcd.o(i.LCD_WriteRAM_Prepare)
    LCD_WriteReg                             0x08002ecd   Thumb Code    10  lcd.o(i.LCD_WriteReg)
    LED_Init                                 0x08002edd   Thumb Code    70  led.o(i.LED_Init)
    MemManage_Handler                        0x08002f2d   Thumb Code     2  stm32f10x_it.o(i.MemManage_Handler)
    NMI_Handler                              0x08002f2f   Thumb Code     2  stm32f10x_it.o(i.NMI_Handler)
    NVIC_Init                                0x08002f31   Thumb Code    94  misc.o(i.NVIC_Init)
    NVIC_PriorityGroupConfig                 0x08002f95   Thumb Code    10  misc.o(i.NVIC_PriorityGroupConfig)
    Preemptive_Priority_Scheduler            0x08002fa9   Thumb Code     2  main.o(i.Preemptive_Priority_Scheduler)
    RCC_AHBPeriphClockCmd                    0x08002fad   Thumb Code    18  stm32f10x_rcc.o(i.RCC_AHBPeriphClockCmd)
    RCC_APB2PeriphClockCmd                   0x08002fc5   Thumb Code    18  stm32f10x_rcc.o(i.RCC_APB2PeriphClockCmd)
    RCC_GetClocksFreq                        0x08002fdd   Thumb Code   132  stm32f10x_rcc.o(i.RCC_GetClocksFreq)
    SysTick_CLKSourceConfig                  0x08003119   Thumb Code    24  misc.o(i.SysTick_CLKSourceConfig)
    SysTick_Handler                          0x08003131   Thumb Code    20  delay.o(i.SysTick_Handler)
    SystemInit                               0x08003145   Thumb Code    64  system_stm32f10x.o(i.SystemInit)
    TASK_1                                   0x08003195   Thumb Code   366  main.o(i.TASK_1)
    TASK_2                                   0x080033c9   Thumb Code   370  main.o(i.TASK_2)
    TASK_3                                   0x080035d1   Thumb Code   368  main.o(i.TASK_3)
    TIM3_IRQHandler                          0x080037d5   Thumb Code    34  timer.o(i.TIM3_IRQHandler)
    TIM5_IRQHandler                          0x08003811   Thumb Code    34  timer.o(i.TIM5_IRQHandler)
    TIM_ClearITPendingBit                    0x0800384d   Thumb Code     6  stm32f10x_tim.o(i.TIM_ClearITPendingBit)
    TIM_GetITStatus                          0x08003853   Thumb Code    24  stm32f10x_tim.o(i.TIM_GetITStatus)
    USART1_IRQHandler                        0x0800386d   Thumb Code    88  usart.o(i.USART1_IRQHandler)
    USART_Cmd                                0x080038d1   Thumb Code    20  stm32f10x_usart.o(i.USART_Cmd)
    USART_GetITStatus                        0x080038e5   Thumb Code    62  stm32f10x_usart.o(i.USART_GetITStatus)
    USART_ITConfig                           0x08003923   Thumb Code    48  stm32f10x_usart.o(i.USART_ITConfig)
    USART_Init                               0x08003955   Thumb Code   166  stm32f10x_usart.o(i.USART_Init)
    USART_ReceiveData                        0x08003a01   Thumb Code     8  stm32f10x_usart.o(i.USART_ReceiveData)
    UsageFault_Handler                       0x08003a09   Thumb Code     2  stm32f10x_it.o(i.UsageFault_Handler)
    Weighted_Round_Robin_Scheduler           0x08003a0d   Thumb Code   290  main.o(i.Weighted_Round_Robin_Scheduler)
    _sys_exit                                0x08003bc1   Thumb Code     2  usart.o(i._sys_exit)
    delay_init                               0x08003bc5   Thumb Code    60  delay.o(i.delay_init)
    delay_ms                                 0x08003c0d   Thumb Code    52  delay.o(i.delay_ms)
    delay_us                                 0x08003c45   Thumb Code    48  delay.o(i.delay_us)
    fputc                                    0x08003c79   Thumb Code    18  usart.o(i.fputc)
    main                                     0x08003c91   Thumb Code   246  main.o(i.main)
    pvPortMalloc                             0x08004711   Thumb Code   214  heap_4.o(i.pvPortMalloc)
    pvTaskIncrementMutexHeldCount            0x08004825   Thumb Code    18  tasks.o(i.pvTaskIncrementMutexHeldCount)
    pxPortInitialiseStack                    0x0800483d   Thumb Code    32  port.o(i.pxPortInitialiseStack)
    uart_init                                0x08004861   Thumb Code   152  usart.o(i.uart_init)
    uxListRemove                             0x08004901   Thumb Code    36  list.o(i.uxListRemove)
    uxQueueMessagesWaiting                   0x08004925   Thumb Code    32  queue.o(i.uxQueueMessagesWaiting)
    vListInitialise                          0x08004969   Thumb Code    22  list.o(i.vListInitialise)
    vListInitialiseItem                      0x0800497f   Thumb Code     6  list.o(i.vListInitialiseItem)
    vListInsert                              0x08004985   Thumb Code    48  list.o(i.vListInsert)
    vListInsertEnd                           0x080049b5   Thumb Code    24  list.o(i.vListInsertEnd)
    vPortEnterCritical                       0x080049cd   Thumb Code    50  port.o(i.vPortEnterCritical)
    vPortExitCritical                        0x08004a45   Thumb Code    34  port.o(i.vPortExitCritical)
    vPortFree                                0x08004aa9   Thumb Code    94  heap_4.o(i.vPortFree)
    vPortSetupTimerInterrupt                 0x08004b45   Thumb Code    26  port.o(i.vPortSetupTimerInterrupt)
    vPortValidateInterruptPriority           0x08004b65   Thumb Code    70  port.o(i.vPortValidateInterruptPriority)
    vQueueAddToRegistry                      0x08004bf1   Thumb Code    32  queue.o(i.vQueueAddToRegistry)
    vQueueWaitForMessageRestricted           0x08004c15   Thumb Code    68  queue.o(i.vQueueWaitForMessageRestricted)
    vTaskDelay                               0x08004c59   Thumb Code    62  tasks.o(i.vTaskDelay)
    vTaskMissedYield                         0x08004cc5   Thumb Code     8  tasks.o(i.vTaskMissedYield)
    vTaskPlaceOnEventList                    0x08004cd1   Thumb Code    44  tasks.o(i.vTaskPlaceOnEventList)
    vTaskPlaceOnEventListRestricted          0x08004d25   Thumb Code    52  tasks.o(i.vTaskPlaceOnEventListRestricted)
    vTaskPriorityInherit                     0x08004d81   Thumb Code   124  tasks.o(i.vTaskPriorityInherit)
    vTaskResume                              0x08004e05   Thumb Code   112  tasks.o(i.vTaskResume)
    vTaskSetTimeOutState                     0x08004ea5   Thumb Code    30  tasks.o(i.vTaskSetTimeOutState)
    vTaskStartScheduler                      0x08004eed   Thumb Code    96  tasks.o(i.vTaskStartScheduler)
    vTaskSuspend                             0x08004f81   Thumb Code   154  tasks.o(i.vTaskSuspend)
    vTaskSuspendAll                          0x08005051   Thumb Code    10  tasks.o(i.vTaskSuspendAll)
    vTaskSwitchContext                       0x08005061   Thumb Code    80  tasks.o(i.vTaskSwitchContext)
    xPortStartScheduler                      0x080050dd   Thumb Code   108  port.o(i.xPortStartScheduler)
    xPortSysTickHandler                      0x08005155   Thumb Code    38  port.o(i.xPortSysTickHandler)
    xQueueGenericCreate                      0x08005181   Thumb Code    82  queue.o(i.xQueueGenericCreate)
    xQueueGenericReceive                     0x080051f9   Thumb Code   348  queue.o(i.xQueueGenericReceive)
    xQueueGenericReset                       0x0800537d   Thumb Code   128  queue.o(i.xQueueGenericReset)
    xQueueGenericSend                        0x08005425   Thumb Code   350  queue.o(i.xQueueGenericSend)
    xQueueGenericSendFromISR                 0x080055ad   Thumb Code   188  queue.o(i.xQueueGenericSendFromISR)
    xTaskCheckForTimeOut                     0x0800568d   Thumb Code    94  tasks.o(i.xTaskCheckForTimeOut)
    xTaskCreate                              0x08005715   Thumb Code    86  tasks.o(i.xTaskCreate)
    xTaskGetSchedulerState                   0x0800576d   Thumb Code    22  tasks.o(i.xTaskGetSchedulerState)
    xTaskGetTickCount                        0x08005789   Thumb Code     6  tasks.o(i.xTaskGetTickCount)
    xTaskIncrementTick                       0x08005795   Thumb Code   188  tasks.o(i.xTaskIncrementTick)
    xTaskPriorityDisinherit                  0x0800587d   Thumb Code   136  tasks.o(i.xTaskPriorityDisinherit)
    xTaskRemoveFromEventList                 0x08005931   Thumb Code   102  tasks.o(i.xTaskRemoveFromEventList)
    xTaskResumeAll                           0x080059c9   Thumb Code   180  tasks.o(i.xTaskResumeAll)
    xTimerCreate                             0x08005aad   Thumb Code    74  timers.o(i.xTimerCreate)
    xTimerCreateTimerTask                    0x08005b21   Thumb Code    58  timers.o(i.xTimerCreateTimerTask)
    xTimerGenericCommand                     0x08005b95   Thumb Code    98  timers.o(i.xTimerGenericCommand)
    __aeabi_d2uiz                            0x08005c25   Thumb Code     0  dfixu.o(x$fpl$dfixu)
    _dfixu                                   0x08005c25   Thumb Code    90  dfixu.o(x$fpl$dfixu)
    __aeabi_ui2d                             0x08005c7f   Thumb Code     0  dflt_clz.o(x$fpl$dfltu)
    _dfltu                                   0x08005c7f   Thumb Code    38  dflt_clz.o(x$fpl$dfltu)
    __aeabi_dmul                             0x08005ca5   Thumb Code     0  dmul.o(x$fpl$dmul)
    _dmul                                    0x08005ca5   Thumb Code   332  dmul.o(x$fpl$dmul)
    __fpl_dnaninf                            0x08005df9   Thumb Code   156  dnaninf.o(x$fpl$dnaninf)
    __fpl_dretinf                            0x08005e95   Thumb Code    12  dretinf.o(x$fpl$dretinf)
    __I$use$fp                               0x08005ea0   Number         0  usenofp.o(x$fpl$usenofp)
    asc2_1206                                0x08005ea0   Data        1140  lcd.o(.constdata)
    asc2_1608                                0x08006314   Data        1520  lcd.o(.constdata)
    asc2_2412                                0x08006904   Data        3420  lcd.o(.constdata)
    Region$$Table$$Base                      0x08007688   Number         0  anon$$obj.o(Region$$Table)
    Region$$Table$$Limit                     0x080076a8   Number         0  anon$$obj.o(Region$$Table)
    current_time                             0x20000000   Data           4  main.o(.data)
    scheduling_id                            0x20000004   Data           4  main.o(.data)
    current_task_count                       0x20000008   Data           4  main.o(.data)
    task_Queue                               0x2000000c   Data           4  main.o(.data)
    Preemptive_Priority_Scheduler_Handle     0x20000010   Data           4  main.o(.data)
    EDF_Scheduler_Handle                     0x20000014   Data           4  main.o(.data)
    Weighted_Round_Robin_Scheduler_Handle    0x20000018   Data           4  main.o(.data)
    SystemCoreClock                          0x2000001c   Data           4  system_stm32f10x.o(.data)
    AHBPrescTable                            0x20000020   Data          16  system_stm32f10x.o(.data)
    POINT_COLOR                              0x20000030   Data           2  lcd.o(.data)
    BACK_COLOR                               0x20000032   Data           2  lcd.o(.data)
    USART_RX_STA                             0x20000038   Data           2  usart.o(.data)
    __stdout                                 0x2000003c   Data           4  usart.o(.data)
    pxCurrentTCB                             0x20000054   Data           4  tasks.o(.data)
    tasks                                    0x200000c8   Data         320  main.o(.bss)
    arrived_tasks                            0x20000208   Data          40  main.o(.bss)
    lcddev                                   0x20000230   Data          14  lcd.o(.bss)
    USART_RX_BUF                             0x2000023e   Data         200  usart.o(.bss)
    xQueueRegistry                           0x20000308   Data          64  queue.o(.bss)
    __libspace_start                         0x20005654   Data          96  libspace.o(.bss)
    __temporary_stack_top$libspace           0x200056b4   Data           0  libspace.o(.bss)



==============================================================================

Memory Map of the image

  Image Entry point : 0x08000281

  Load Region LR_1 (Base: 0x08000000, Size: 0x00007770, Max: 0xffffffff, ABSOLUTE)

    Execution Region ER_RO (Base: 0x08000000, Size: 0x000076a8, Max: 0xffffffff, ABSOLUTE)

    Base Addr    Size         Type   Attr      Idx    E Section Name        Object

    0x08000000   0x00000130   Data   RO          703    RESET               startup_stm32f10x_hd.o
    0x08000130   0x00000008   Code   RO         2952  * !!!main             c_w.l(__main.o)
    0x08000138   0x00000034   Code   RO         3146    !!!scatter          c_w.l(__scatter.o)
    0x0800016c   0x0000001a   Code   RO         3148    !!handler_copy      c_w.l(__scatter_copy.o)
    0x08000186   0x00000002   PAD
    0x08000188   0x0000001c   Code   RO         3150    !!handler_zi        c_w.l(__scatter_zi.o)
    0x080001a4   0x00000000   Code   RO         2941    .ARM.Collect$$_printf_percent$$00000000  c_w.l(_printf_percent.o)
    0x080001a4   0x00000006   Code   RO         2939    .ARM.Collect$$_printf_percent$$00000009  c_w.l(_printf_d.o)
    0x080001aa   0x00000006   Code   RO         2940    .ARM.Collect$$_printf_percent$$0000000A  c_w.l(_printf_u.o)
    0x080001b0   0x00000006   Code   RO         2938    .ARM.Collect$$_printf_percent$$0000000C  c_w.l(_printf_x.o)
    0x080001b6   0x00000006   Code   RO         2937    .ARM.Collect$$_printf_percent$$00000014  c_w.l(_printf_s.o)
    0x080001bc   0x00000004   Code   RO         2979    .ARM.Collect$$_printf_percent$$00000017  c_w.l(_printf_percent_end.o)
    0x080001c0   0x00000002   Code   RO         3021    .ARM.Collect$$libinit$$00000000  c_w.l(libinit.o)
    0x080001c2   0x00000000   Code   RO         3028    .ARM.Collect$$libinit$$00000002  c_w.l(libinit2.o)
    0x080001c2   0x00000000   Code   RO         3030    .ARM.Collect$$libinit$$00000004  c_w.l(libinit2.o)
    0x080001c2   0x00000000   Code   RO         3033    .ARM.Collect$$libinit$$0000000A  c_w.l(libinit2.o)
    0x080001c2   0x00000000   Code   RO         3035    .ARM.Collect$$libinit$$0000000C  c_w.l(libinit2.o)
    0x080001c2   0x00000000   Code   RO         3037    .ARM.Collect$$libinit$$0000000E  c_w.l(libinit2.o)
    0x080001c2   0x00000000   Code   RO         3040    .ARM.Collect$$libinit$$00000011  c_w.l(libinit2.o)
    0x080001c2   0x00000000   Code   RO         3042    .ARM.Collect$$libinit$$00000013  c_w.l(libinit2.o)
    0x080001c2   0x00000000   Code   RO         3044    .ARM.Collect$$libinit$$00000015  c_w.l(libinit2.o)
    0x080001c2   0x00000000   Code   RO         3046    .ARM.Collect$$libinit$$00000017  c_w.l(libinit2.o)
    0x080001c2   0x00000000   Code   RO         3048    .ARM.Collect$$libinit$$00000019  c_w.l(libinit2.o)
    0x080001c2   0x00000000   Code   RO         3050    .ARM.Collect$$libinit$$0000001B  c_w.l(libinit2.o)
    0x080001c2   0x00000000   Code   RO         3052    .ARM.Collect$$libinit$$0000001D  c_w.l(libinit2.o)
    0x080001c2   0x00000000   Code   RO         3054    .ARM.Collect$$libinit$$0000001F  c_w.l(libinit2.o)
    0x080001c2   0x00000000   Code   RO         3056    .ARM.Collect$$libinit$$00000021  c_w.l(libinit2.o)
    0x080001c2   0x00000000   Code   RO         3058    .ARM.Collect$$libinit$$00000023  c_w.l(libinit2.o)
    0x080001c2   0x00000000   Code   RO         3060    .ARM.Collect$$libinit$$00000025  c_w.l(libinit2.o)
    0x080001c2   0x00000000   Code   RO         3064    .ARM.Collect$$libinit$$0000002C  c_w.l(libinit2.o)
    0x080001c2   0x00000000   Code   RO         3066    .ARM.Collect$$libinit$$0000002E  c_w.l(libinit2.o)
    0x080001c2   0x00000000   Code   RO         3068    .ARM.Collect$$libinit$$00000030  c_w.l(libinit2.o)
    0x080001c2   0x00000000   Code   RO         3070    .ARM.Collect$$libinit$$00000032  c_w.l(libinit2.o)
    0x080001c2   0x00000002   Code   RO         3071    .ARM.Collect$$libinit$$00000033  c_w.l(libinit2.o)
    0x080001c4   0x00000002   Code   RO         3089    .ARM.Collect$$libshutdown$$00000000  c_w.l(libshutdown.o)
    0x080001c6   0x00000000   Code   RO         3100    .ARM.Collect$$libshutdown$$00000003  c_w.l(libshutdown2.o)
    0x080001c6   0x00000000   Code   RO         3103    .ARM.Collect$$libshutdown$$00000006  c_w.l(libshutdown2.o)
    0x080001c6   0x00000000   Code   RO         3106    .ARM.Collect$$libshutdown$$00000009  c_w.l(libshutdown2.o)
    0x080001c6   0x00000000   Code   RO         3108    .ARM.Collect$$libshutdown$$0000000B  c_w.l(libshutdown2.o)
    0x080001c6   0x00000000   Code   RO         3111    .ARM.Collect$$libshutdown$$0000000E  c_w.l(libshutdown2.o)
    0x080001c6   0x00000002   Code   RO         3112    .ARM.Collect$$libshutdown$$0000000F  c_w.l(libshutdown2.o)
    0x080001c8   0x00000000   Code   RO         2968    .ARM.Collect$$rtentry$$00000000  c_w.l(__rtentry.o)
    0x080001c8   0x00000000   Code   RO         2990    .ARM.Collect$$rtentry$$00000002  c_w.l(__rtentry2.o)
    0x080001c8   0x00000006   Code   RO         3002    .ARM.Collect$$rtentry$$00000004  c_w.l(__rtentry4.o)
    0x080001ce   0x00000000   Code   RO         2992    .ARM.Collect$$rtentry$$00000009  c_w.l(__rtentry2.o)
    0x080001ce   0x00000004   Code   RO         2993    .ARM.Collect$$rtentry$$0000000A  c_w.l(__rtentry2.o)
    0x080001d2   0x00000000   Code   RO         2995    .ARM.Collect$$rtentry$$0000000C  c_w.l(__rtentry2.o)
    0x080001d2   0x00000008   Code   RO         2996    .ARM.Collect$$rtentry$$0000000D  c_w.l(__rtentry2.o)
    0x080001da   0x00000002   Code   RO         3025    .ARM.Collect$$rtexit$$00000000  c_w.l(rtexit.o)
    0x080001dc   0x00000000   Code   RO         3073    .ARM.Collect$$rtexit$$00000002  c_w.l(rtexit2.o)
    0x080001dc   0x00000004   Code   RO         3074    .ARM.Collect$$rtexit$$00000003  c_w.l(rtexit2.o)
    0x080001e0   0x00000006   Code   RO         3075    .ARM.Collect$$rtexit$$00000004  c_w.l(rtexit2.o)
    0x080001e6   0x00000002   PAD
    0x080001e8   0x00000096   Code   RO         2800    .emb_text           port.o
    0x0800027e   0x00000002   PAD
    0x08000280   0x00000040   Code   RO          704  * .text               startup_stm32f10x_hd.o
    0x080002c0   0x00000002   Code   RO         2879    .text               c_w.l(use_no_semi_2.o)
    0x080002c2   0x00000002   PAD
    0x080002c4   0x00000018   Code   RO         2885    .text               c_w.l(noretval__2printf.o)
    0x080002dc   0x00000068   Code   RO         2889    .text               c_w.l(__printf.o)
    0x08000344   0x00000052   Code   RO         2891    .text               c_w.l(_printf_str.o)
    0x08000396   0x00000002   PAD
    0x08000398   0x00000078   Code   RO         2893    .text               c_w.l(_printf_dec.o)
    0x08000410   0x00000058   Code   RO         2898    .text               c_w.l(_printf_hex_int.o)
    0x08000468   0x0000008a   Code   RO         2946    .text               c_w.l(rt_memcpy_v6.o)
    0x080004f2   0x00000010   Code   RO         2948    .text               c_w.l(aeabi_memset.o)
    0x08000502   0x00000006   Code   RO         2950    .text               c_w.l(heapauxi.o)
    0x08000508   0x00000002   Code   RO         2966    .text               c_w.l(use_no_semi.o)
    0x0800050a   0x000000b2   Code   RO         2969    .text               c_w.l(_printf_intcommon.o)
    0x080005bc   0x00000030   Code   RO         2971    .text               c_w.l(_printf_char_common.o)
    0x080005ec   0x0000002c   Code   RO         2975    .text               c_w.l(_printf_char.o)
    0x08000618   0x00000024   Code   RO         2977    .text               c_w.l(_printf_char_file.o)
    0x0800063c   0x00000064   Code   RO         2980    .text               c_w.l(rt_memcpy_w.o)
    0x080006a0   0x00000044   Code   RO         2982    .text               c_w.l(rt_memclr.o)
    0x080006e4   0x00000008   Code   RO         3006    .text               c_w.l(ferror.o)
    0x080006ec   0x0000004e   Code   RO         3010    .text               c_w.l(rt_memclr_w.o)
    0x0800073a   0x0000004a   Code   RO         3012    .text               c_w.l(sys_stackheap_outer.o)
    0x08000784   0x0000000c   Code   RO         3014    .text               c_w.l(exit.o)
    0x08000790   0x00000008   Code   RO         3022    .text               c_w.l(libspace.o)
    0x08000798   0x00000002   Code   RO          220    i.BusFault_Handler  stm32f10x_it.o
    0x0800079a   0x00000002   Code   RO          221    i.DebugMon_Handler  stm32f10x_it.o
    0x0800079c   0x00000114   Code   RO            1    i.EDF_Scheduler     main.o
    0x080008b0   0x00000020   Code   RO         1806    i.FSMC_NORSRAMCmd   stm32f10x_fsmc.o
    0x080008d0   0x000000c8   Code   RO         1808    i.FSMC_NORSRAMInit  stm32f10x_fsmc.o
    0x08000998   0x0000009c   Code   RO          750    i.GPIO_Init         stm32f10x_gpio.o
    0x08000a34   0x00000004   Code   RO          758    i.GPIO_SetBits      stm32f10x_gpio.o
    0x08000a38   0x00000040   Code   RO            2    i.Get_Earliest_Deadline_Task  main.o
    0x08000a78   0x00000002   Code   RO          222    i.HardFault_Handler  stm32f10x_it.o
    0x08000a7a   0x00000002   PAD
    0x08000a7c   0x0000006c   Code   RO            3    i.Initialize_softdeadline_Tasks  main.o
    0x08000ae8   0x00000030   Code   RO          363    i.LCD_Clear         lcd.o
    0x08000b18   0x000000b8   Code   RO          367    i.LCD_Display_Dir   lcd.o
    0x08000bd0   0x000000ac   Code   RO          372    i.LCD_Fast_DrawPoint  lcd.o
    0x08000c7c   0x00001e3c   Code   RO          374    i.LCD_Init          lcd.o
    0x08002ab8   0x00000010   Code   RO          375    i.LCD_Pow           lcd.o
    0x08002ac8   0x00000014   Code   RO          376    i.LCD_RD_DATA       lcd.o
    0x08002adc   0x0000003c   Code   RO          379    i.LCD_SSD_BackLightSet  lcd.o
    0x08002b18   0x00000144   Code   RO          380    i.LCD_Scan_Dir      lcd.o
    0x08002c5c   0x000000b4   Code   RO          381    i.LCD_SetCursor     lcd.o
    0x08002d10   0x000000cc   Code   RO          383    i.LCD_ShowChar      lcd.o
    0x08002ddc   0x00000054   Code   RO          385    i.LCD_ShowString    lcd.o
    0x08002e30   0x00000086   Code   RO          386    i.LCD_ShowxNum      lcd.o
    0x08002eb6   0x00000002   PAD
    0x08002eb8   0x00000014   Code   RO          390    i.LCD_WriteRAM_Prepare  lcd.o
    0x08002ecc   0x00000010   Code   RO          391    i.LCD_WriteReg      lcd.o
    0x08002edc   0x00000050   Code   RO          320    i.LED_Init          led.o
    0x08002f2c   0x00000002   Code   RO          223    i.MemManage_Handler  stm32f10x_it.o
    0x08002f2e   0x00000002   Code   RO          224    i.NMI_Handler       stm32f10x_it.o
    0x08002f30   0x00000064   Code   RO          708    i.NVIC_Init         misc.o
    0x08002f94   0x00000014   Code   RO          709    i.NVIC_PriorityGroupConfig  misc.o
    0x08002fa8   0x00000002   Code   RO            4    i.Preemptive_Priority_Scheduler  main.o
    0x08002faa   0x00000002   PAD
    0x08002fac   0x00000018   Code   RO          883    i.RCC_AHBPeriphClockCmd  stm32f10x_rcc.o
    0x08002fc4   0x00000018   Code   RO          886    i.RCC_APB2PeriphClockCmd  stm32f10x_rcc.o
    0x08002fdc   0x00000094   Code   RO          894    i.RCC_GetClocksFreq  stm32f10x_rcc.o
    0x08003070   0x000000a8   Code   RO          291    i.SetSysClockTo72   system_stm32f10x.o
    0x08003118   0x00000018   Code   RO          712    i.SysTick_CLKSourceConfig  misc.o
    0x08003130   0x00000014   Code   RO          566    i.SysTick_Handler   delay.o
    0x08003144   0x00000050   Code   RO          293    i.SystemInit        system_stm32f10x.o
    0x08003194   0x00000234   Code   RO            6    i.TASK_1            main.o
    0x080033c8   0x00000208   Code   RO            7    i.TASK_2            main.o
    0x080035d0   0x00000204   Code   RO            8    i.TASK_3            main.o
    0x080037d4   0x0000003c   Code   RO          332    i.TIM3_IRQHandler   timer.o
    0x08003810   0x0000003c   Code   RO          334    i.TIM5_IRQHandler   timer.o
    0x0800384c   0x00000006   Code   RO         1271    i.TIM_ClearITPendingBit  stm32f10x_tim.o
    0x08003852   0x00000018   Code   RO         1297    i.TIM_GetITStatus   stm32f10x_tim.o
    0x0800386a   0x00000002   PAD
    0x0800386c   0x00000064   Code   RO          643    i.USART1_IRQHandler  usart.o
    0x080038d0   0x00000014   Code   RO         1086    i.USART_Cmd         stm32f10x_usart.o
    0x080038e4   0x0000003e   Code   RO         1090    i.USART_GetITStatus  stm32f10x_usart.o
    0x08003922   0x00000030   Code   RO         1092    i.USART_ITConfig    stm32f10x_usart.o
    0x08003952   0x00000002   PAD
    0x08003954   0x000000ac   Code   RO         1093    i.USART_Init        stm32f10x_usart.o
    0x08003a00   0x00000008   Code   RO         1100    i.USART_ReceiveData  stm32f10x_usart.o
    0x08003a08   0x00000002   Code   RO          225    i.UsageFault_Handler  stm32f10x_it.o
    0x08003a0a   0x00000002   PAD
    0x08003a0c   0x000001b4   Code   RO            9    i.Weighted_Round_Robin_Scheduler  main.o
    0x08003bc0   0x00000002   Code   RO          644    i._sys_exit         usart.o
    0x08003bc2   0x00000002   PAD
    0x08003bc4   0x00000048   Code   RO          567    i.delay_init        delay.o
    0x08003c0c   0x00000038   Code   RO          568    i.delay_ms          delay.o
    0x08003c44   0x00000034   Code   RO          569    i.delay_us          delay.o
    0x08003c78   0x00000018   Code   RO          645    i.fputc             usart.o
    0x08003c90   0x000001c8   Code   RO           10    i.main              main.o
    0x08003e58   0x00000070   Code   RO         2286    i.prvAddCurrentTaskToDelayedList  tasks.o
    0x08003ec8   0x000000d0   Code   RO         2287    i.prvAddNewTaskToReadyList  tasks.o
    0x08003f98   0x00000050   Code   RO         2631    i.prvCheckForValidListAndQueue  timers.o
    0x08003fe8   0x00000054   Code   RO         2288    i.prvCheckTasksWaitingTermination  tasks.o
    0x0800403c   0x00000026   Code   RO         2068    i.prvCopyDataFromQueue  queue.o
    0x08004062   0x0000006c   Code   RO         2069    i.prvCopyDataToQueue  queue.o
    0x080040ce   0x00000014   Code   RO         2289    i.prvDeleteTCB      tasks.o
    0x080040e2   0x00000002   PAD
    0x080040e4   0x0000004c   Code   RO         2751    i.prvHeapInit       heap_4.o
    0x08004130   0x00000028   Code   RO         2290    i.prvIdleTask       tasks.o
    0x08004158   0x000000c0   Code   RO         2291    i.prvInitialiseNewTask  tasks.o
    0x08004218   0x0000004c   Code   RO         2752    i.prvInsertBlockIntoFreeList  heap_4.o
    0x08004264   0x00000038   Code   RO         2632    i.prvInsertTimerInActiveList  timers.o
    0x0800429c   0x0000001a   Code   RO         2070    i.prvIsQueueEmpty   queue.o
    0x080042b6   0x00000002   PAD
    0x080042b8   0x00000090   Code   RO         2071    i.prvNotifyQueueSetContainer  queue.o
    0x08004348   0x00000060   Code   RO         2633    i.prvProcessExpiredTimer  timers.o
    0x080043a8   0x000000f0   Code   RO         2634    i.prvProcessReceivedCommands  timers.o
    0x08004498   0x0000006c   Code   RO         2635    i.prvProcessTimerOrBlockTask  timers.o
    0x08004504   0x00000020   Code   RO         2293    i.prvResetNextTaskUnblockTime  tasks.o
    0x08004524   0x00000028   Code   RO         2636    i.prvSampleTimeNow  timers.o
    0x0800454c   0x0000006c   Code   RO         2637    i.prvSwitchTimerLists  timers.o
    0x080045b8   0x00000064   Code   RO         2801    i.prvTaskExitError  port.o
    0x0800461c   0x00000054   Code   RO         2294    i.prvTaskIsTaskSuspended  tasks.o
    0x08004670   0x00000028   Code   RO         2638    i.prvTimerTask      timers.o
    0x08004698   0x00000078   Code   RO         2072    i.prvUnlockQueue    queue.o
    0x08004710   0x00000114   Code   RO         2753    i.pvPortMalloc      heap_4.o
    0x08004824   0x00000018   Code   RO         2295    i.pvTaskIncrementMutexHeldCount  tasks.o
    0x0800483c   0x00000024   Code   RO         2802    i.pxPortInitialiseStack  port.o
    0x08004860   0x000000a0   Code   RO          646    i.uart_init         usart.o
    0x08004900   0x00000024   Code   RO         2031    i.uxListRemove      list.o
    0x08004924   0x00000044   Code   RO         2075    i.uxQueueMessagesWaiting  queue.o
    0x08004968   0x00000016   Code   RO         2032    i.vListInitialise   list.o
    0x0800497e   0x00000006   Code   RO         2033    i.vListInitialiseItem  list.o
    0x08004984   0x00000030   Code   RO         2034    i.vListInsert       list.o
    0x080049b4   0x00000018   Code   RO         2035    i.vListInsertEnd    list.o
    0x080049cc   0x00000078   Code   RO         2804    i.vPortEnterCritical  port.o
    0x08004a44   0x00000064   Code   RO         2805    i.vPortExitCritical  port.o
    0x08004aa8   0x0000009c   Code   RO         2754    i.vPortFree         heap_4.o
    0x08004b44   0x00000020   Code   RO         2806    i.vPortSetupTimerInterrupt  port.o
    0x08004b64   0x0000008c   Code   RO         2807    i.vPortValidateInterruptPriority  port.o
    0x08004bf0   0x00000024   Code   RO         2078    i.vQueueAddToRegistry  queue.o
    0x08004c14   0x00000044   Code   RO         2082    i.vQueueWaitForMessageRestricted  queue.o
    0x08004c58   0x0000006c   Code   RO         2303    i.vTaskDelay        tasks.o
    0x08004cc4   0x0000000c   Code   RO         2309    i.vTaskMissedYield  tasks.o
    0x08004cd0   0x00000054   Code   RO         2311    i.vTaskPlaceOnEventList  tasks.o
    0x08004d24   0x0000005c   Code   RO         2312    i.vTaskPlaceOnEventListRestricted  tasks.o
    0x08004d80   0x00000084   Code   RO         2314    i.vTaskPriorityInherit  tasks.o
    0x08004e04   0x000000a0   Code   RO         2316    i.vTaskResume       tasks.o
    0x08004ea4   0x00000048   Code   RO         2318    i.vTaskSetTimeOutState  tasks.o
    0x08004eec   0x00000094   Code   RO         2319    i.vTaskStartScheduler  tasks.o
    0x08004f80   0x000000d0   Code   RO         2320    i.vTaskSuspend      tasks.o
    0x08005050   0x00000010   Code   RO         2321    i.vTaskSuspendAll   tasks.o
    0x08005060   0x0000007c   Code   RO         2322    i.vTaskSwitchContext  tasks.o
    0x080050dc   0x00000078   Code   RO         2808    i.xPortStartScheduler  port.o
    0x08005154   0x0000002c   Code   RO         2809    i.xPortSysTickHandler  port.o
    0x08005180   0x00000078   Code   RO         2087    i.xQueueGenericCreate  queue.o
    0x080051f8   0x00000184   Code   RO         2088    i.xQueueGenericReceive  queue.o
    0x0800537c   0x000000a8   Code   RO         2089    i.xQueueGenericReset  queue.o
    0x08005424   0x00000188   Code   RO         2090    i.xQueueGenericSend  queue.o
    0x080055ac   0x000000e0   Code   RO         2091    i.xQueueGenericSendFromISR  queue.o
    0x0800568c   0x00000088   Code   RO         2323    i.xTaskCheckForTimeOut  tasks.o
    0x08005714   0x00000056   Code   RO         2324    i.xTaskCreate       tasks.o
    0x0800576a   0x00000002   PAD
    0x0800576c   0x0000001c   Code   RO         2328    i.xTaskGetSchedulerState  tasks.o
    0x08005788   0x0000000c   Code   RO         2329    i.xTaskGetTickCount  tasks.o
    0x08005794   0x000000e8   Code   RO         2331    i.xTaskIncrementTick  tasks.o
    0x0800587c   0x000000b4   Code   RO         2334    i.xTaskPriorityDisinherit  tasks.o
    0x08005930   0x00000098   Code   RO         2335    i.xTaskRemoveFromEventList  tasks.o
    0x080059c8   0x000000e4   Code   RO         2337    i.xTaskResumeAll    tasks.o
    0x08005aac   0x00000074   Code   RO         2641    i.xTimerCreate      timers.o
    0x08005b20   0x00000074   Code   RO         2642    i.xTimerCreateTimerTask  timers.o
    0x08005b94   0x00000090   Code   RO         2643    i.xTimerGenericCommand  timers.o
    0x08005c24   0x0000005a   Code   RO         2954    x$fpl$dfixu         fz_ws.l(dfixu.o)
    0x08005c7e   0x00000026   Code   RO         2958    x$fpl$dfltu         fz_ws.l(dflt_clz.o)
    0x08005ca4   0x00000154   Code   RO         2964    x$fpl$dmul          fz_ws.l(dmul.o)
    0x08005df8   0x0000009c   Code   RO         2984    x$fpl$dnaninf       fz_ws.l(dnaninf.o)
    0x08005e94   0x0000000c   Code   RO         2986    x$fpl$dretinf       fz_ws.l(dretinf.o)
    0x08005ea0   0x00000000   Code   RO         2988    x$fpl$usenofp       fz_ws.l(usenofp.o)
    0x08005ea0   0x000017c0   Data   RO          394    .constdata          lcd.o
    0x08007660   0x00000028   Data   RO         2899    .constdata          c_w.l(_printf_hex_int.o)
    0x08007688   0x00000020   Data   RO         3144    Region$$Table       anon$$obj.o


    Execution Region ER_RW (Base: 0x20000000, Size: 0x000000c8, Max: 0xffffffff, ABSOLUTE)

    Base Addr    Size         Type   Attr      Idx    E Section Name        Object

    0x20000000   0x0000001c   Data   RW           12    .data               main.o
    0x2000001c   0x00000014   Data   RW          294    .data               system_stm32f10x.o
    0x20000030   0x00000004   Data   RW          395    .data               lcd.o
    0x20000034   0x00000004   Data   RW          571    .data               delay.o
    0x20000038   0x00000002   Data   RW          648    .data               usart.o
    0x2000003a   0x00000002   PAD
    0x2000003c   0x00000004   Data   RW          649    .data               usart.o
    0x20000040   0x00000014   Data   RW          914    .data               stm32f10x_rcc.o
    0x20000054   0x0000003c   Data   RW         2340    .data               tasks.o
    0x20000090   0x00000014   Data   RW         2651    .data               timers.o
    0x200000a4   0x00000018   Data   RW         2759    .data               heap_4.o
    0x200000bc   0x0000000c   Data   RW         2810    .data               port.o


    Execution Region ER_ZI (Base: 0x200000c8, Size: 0x00005bf0, Max: 0xffffffff, ABSOLUTE)

    Base Addr    Size         Type   Attr      Idx    E Section Name        Object

    0x200000c8   0x00000168   Zero   RW           11    .bss                main.o
    0x20000230   0x0000000e   Zero   RW          393    .bss                lcd.o
    0x2000023e   0x000000c8   Zero   RW          647    .bss                usart.o
    0x20000306   0x00000002   PAD
    0x20000308   0x00000040   Zero   RW         2102    .bss                queue.o
    0x20000348   0x000002e4   Zero   RW         2339    .bss                tasks.o
    0x2000062c   0x00000028   Zero   RW         2650    .bss                timers.o
    0x20000654   0x00005000   Zero   RW         2758    .bss                heap_4.o
    0x20005654   0x00000060   Zero   RW         3023    .bss                c_w.l(libspace.o)
    0x200056b4   0x00000004   PAD
    0x200056b8   0x00000200   Zero   RW          702    HEAP                startup_stm32f10x_hd.o
    0x200058b8   0x00000400   Zero   RW          701    STACK               startup_stm32f10x_hd.o


==============================================================================

Image component sizes


      Code (inc. data)   RO Data    RW Data    ZI Data      Debug   Object Name

       200         20          0          4          0       2265   delay.o
         0          0          0          0          0      10328   event_groups.o
       584        138          0         24      20480       3651   heap_4.o
      9202        150       6080          4         14      48786   lcd.o
        80         10          0          0          0        507   led.o
       136          0          0          0          0       2810   list.o
      2942        930          0         28        360     280504   main.o
       144         16          0          0          0       1949   misc.o
       842        312          0         12          0       9989   port.o
      1900        272          0          0         64      11558   queue.o
        64         26        304          0       1536        804   startup_stm32f10x_hd.o
       232          6          0          0          0       1801   stm32f10x_fsmc.o
       160          0          0          0          0       2259   stm32f10x_gpio.o
        12          0          0          0          0       2461   stm32f10x_it.o
       196         28          0         20          0       4345   stm32f10x_rcc.o
        30          0          0          0          0       2453   stm32f10x_tim.o
       310          6          0          0          0       4598   stm32f10x_usart.o
         0          0          0          0          0         32   sys.o
       248         24          0         20          0       1725   system_stm32f10x.o
      3006        760          0         60        740      28570   tasks.o
       120         52          0          0          0        972   timer.o
      1144        260          0         20         40       8558   timers.o
       286         26          0          6        200       4024   usart.o

    ----------------------------------------------------------------------
     21860       3036       6416        200      23436     434949   Object Totals
         0          0         32          0          0          0   (incl. Generated)
        22          0          0          2          2          0   (incl. Padding)

    ----------------------------------------------------------------------

      Code (inc. data)   RO Data    RW Data    ZI Data      Debug   Library Member Name

         8          0          0          0          0         68   __main.o
       104          0          0          0          0         84   __printf.o
         0          0          0          0          0          0   __rtentry.o
        12          0          0          0          0          0   __rtentry2.o
         6          0          0          0          0          0   __rtentry4.o
        52          8          0          0          0          0   __scatter.o
        26          0          0          0          0          0   __scatter_copy.o
        28          0          0          0          0          0   __scatter_zi.o
        44          0          0          0          0        108   _printf_char.o
        48          6          0          0          0         96   _printf_char_common.o
        36          4          0          0          0         80   _printf_char_file.o
         6          0          0          0          0          0   _printf_d.o
       120         16          0          0          0         92   _printf_dec.o
        88          4         40          0          0         88   _printf_hex_int.o
       178          0          0          0          0         88   _printf_intcommon.o
         0          0          0          0          0          0   _printf_percent.o
         4          0          0          0          0          0   _printf_percent_end.o
         6          0          0          0          0          0   _printf_s.o
        82          0          0          0          0         80   _printf_str.o
         6          0          0          0          0          0   _printf_u.o
         6          0          0          0          0          0   _printf_x.o
        16          0          0          0          0         68   aeabi_memset.o
        12          0          0          0          0         72   exit.o
         8          0          0          0          0         68   ferror.o
         6          0          0          0          0        152   heapauxi.o
         2          0          0          0          0          0   libinit.o
         2          0          0          0          0          0   libinit2.o
         2          0          0          0          0          0   libshutdown.o
         2          0          0          0          0          0   libshutdown2.o
         8          4          0          0         96         68   libspace.o
        24          4          0          0          0         84   noretval__2printf.o
        68          0          0          0          0         68   rt_memclr.o
        78          0          0          0          0         80   rt_memclr_w.o
       138          0          0          0          0         68   rt_memcpy_v6.o
       100          0          0          0          0         80   rt_memcpy_w.o
         2          0          0          0          0          0   rtexit.o
        10          0          0          0          0          0   rtexit2.o
        74          0          0          0          0         80   sys_stackheap_outer.o
         2          0          0          0          0         68   use_no_semi.o
         2          0          0          0          0         68   use_no_semi_2.o
        90          4          0          0          0         92   dfixu.o
        38          0          0          0          0         68   dflt_clz.o
       340         12          0          0          0        104   dmul.o
       156          4          0          0          0         92   dnaninf.o
        12          0          0          0          0         68   dretinf.o
         0          0          0          0          0          0   usenofp.o

    ----------------------------------------------------------------------
      2060         66         40          0        100       2232   Library Totals
         8          0          0          0          4          0   (incl. Padding)

    ----------------------------------------------------------------------

      Code (inc. data)   RO Data    RW Data    ZI Data      Debug   Library Name

      1416         46         40          0         96       1808   c_w.l
       636         20          0          0          0        424   fz_ws.l

    ----------------------------------------------------------------------
      2060         66         40          0        100       2232   Library Totals

    ----------------------------------------------------------------------

==============================================================================


      Code (inc. data)   RO Data    RW Data    ZI Data      Debug   

     23920       3102       6456        200      23536     429585   Grand Totals
     23920       3102       6456        200      23536     429585   ELF Image Totals
     23920       3102       6456        200          0          0   ROM Totals

==============================================================================

    Total RO  Size (Code + RO Data)                30376 (  29.66kB)
    Total RW  Size (RW Data + ZI Data)             23736 (  23.18kB)
    Total ROM Size (Code + RO Data + RW Data)      30576 (  29.86kB)

==============================================================================

