<html>
<body>
<pre>
<h1>礦ision Build Log</h1>
<h2>Tool Versions:</h2>
IDE-Version: μVision V5.14.0.0
Copyright (C) 2015 ARM Ltd and ARM Germany GmbH. All rights reserved.
License Information: jhbhjvb hp, HP Inc., LIC=QF82M-XEWU7-01YP1-CX47V-WYZSW-7NV27
 
Tool Versions:
Toolchain:       MDK-ARM Standard  Version: 5.14.0.0
Toolchain Path:  E:\MDK\ARM\ARMCC\Bin
C Compiler:      Armcc.exe V5.05 update 1 (build 106)
Assembler:       Armasm.exe V5.05 update 1 (build 106)
Linker/Locator:  ArmLink.exe V5.05 update 1 (build 106)
Library Manager: ArmAr.exe V5.05 update 1 (build 106)
Hex Converter:   FromElf.exe V5.05 update 1 (build 106)
CPU DLL:         SARMCM3.DLL V5.14.0.0
Dialog DLL:      DARMSTM.DLL V1.65.0.0
Target DLL:      STLink\ST-LINKIII-KEIL_SWO.dll V2.0.14.0_KEIL
Dialog DLL:      TARMSTM.DLL V1.64.0.0
 
<h2>Project:</h2>
E:\exampleforstm32\时间片轮转\USER\FreeRTOS.uvprojx
Project File Date:  11/23/2024

<h2>Output:</h2>
Build target 'FreeRTOS'
compiling main.c...
main.c(52): warning:  #177-D: variable "pcTaskName" was declared but never referenced
      const char *pcTaskName = (const char *)pvParameters;
main.c(66): warning:  #177-D: variable "pcTaskName" was declared but never referenced
      const char *pcTaskName = (const char *)pvParameters;
main.c: 2 warnings, 0 errors
linking...
Program Size: Code=10348 RO-data=336 RW-data=184 ZI-data=23160  
FromELF: creating hex file...
"..\OBJ\LED.axf" - 0 Error(s), 2 Warning(s).

<h2>Collection of Component include folders:</h2>
  E:\exampleforstm32\时间片轮转\USER\RTE
  E:\MDK\ARM\PACK\Keil\STM32F1xx_DFP\1.0.5\Device\Include

<h2>Collection of Component Files used:</h2>
</pre>
</body>
</html>
